Archive member included to satisfy reference by file (symbol)

/Applications/STM32CubeIDE.app/Contents/Eclipse/plugins/com.st.stm32cube.ide.mcu.externaltools.gnu-tools-for-stm32.10.3-2021.10.macos64_1.0.100.202210260954/tools/bin/../lib/gcc/arm-none-eabi/10.3.1/../../../../arm-none-eabi/lib/thumb/v7-m/nofp/libc_nano.a(lib_a-errno.o)
                              ./Core/Src/syscalls.o (__errno)
/Applications/STM32CubeIDE.app/Contents/Eclipse/plugins/com.st.stm32cube.ide.mcu.externaltools.gnu-tools-for-stm32.10.3-2021.10.macos64_1.0.100.202210260954/tools/bin/../lib/gcc/arm-none-eabi/10.3.1/../../../../arm-none-eabi/lib/thumb/v7-m/nofp/libc_nano.a(lib_a-exit.o)
                              /Applications/STM32CubeIDE.app/Contents/Eclipse/plugins/com.st.stm32cube.ide.mcu.externaltools.gnu-tools-for-stm32.10.3-2021.10.macos64_1.0.100.202210260954/tools/bin/../lib/gcc/arm-none-eabi/10.3.1/../../../../arm-none-eabi/lib/thumb/v7-m/nofp/crt0.o (exit)
/Applications/STM32CubeIDE.app/Contents/Eclipse/plugins/com.st.stm32cube.ide.mcu.externaltools.gnu-tools-for-stm32.10.3-2021.10.macos64_1.0.100.202210260954/tools/bin/../lib/gcc/arm-none-eabi/10.3.1/../../../../arm-none-eabi/lib/thumb/v7-m/nofp/libc_nano.a(lib_a-impure.o)
                              /Applications/STM32CubeIDE.app/Contents/Eclipse/plugins/com.st.stm32cube.ide.mcu.externaltools.gnu-tools-for-stm32.10.3-2021.10.macos64_1.0.100.202210260954/tools/bin/../lib/gcc/arm-none-eabi/10.3.1/../../../../arm-none-eabi/lib/thumb/v7-m/nofp/libc_nano.a(lib_a-exit.o) (_global_impure_ptr)
/Applications/STM32CubeIDE.app/Contents/Eclipse/plugins/com.st.stm32cube.ide.mcu.externaltools.gnu-tools-for-stm32.10.3-2021.10.macos64_1.0.100.202210260954/tools/bin/../lib/gcc/arm-none-eabi/10.3.1/../../../../arm-none-eabi/lib/thumb/v7-m/nofp/libc_nano.a(lib_a-init.o)
                              /Applications/STM32CubeIDE.app/Contents/Eclipse/plugins/com.st.stm32cube.ide.mcu.externaltools.gnu-tools-for-stm32.10.3-2021.10.macos64_1.0.100.202210260954/tools/bin/../lib/gcc/arm-none-eabi/10.3.1/../../../../arm-none-eabi/lib/thumb/v7-m/nofp/crt0.o (__libc_init_array)
/Applications/STM32CubeIDE.app/Contents/Eclipse/plugins/com.st.stm32cube.ide.mcu.externaltools.gnu-tools-for-stm32.10.3-2021.10.macos64_1.0.100.202210260954/tools/bin/../lib/gcc/arm-none-eabi/10.3.1/../../../../arm-none-eabi/lib/thumb/v7-m/nofp/libc_nano.a(lib_a-memset.o)
                              /Applications/STM32CubeIDE.app/Contents/Eclipse/plugins/com.st.stm32cube.ide.mcu.externaltools.gnu-tools-for-stm32.10.3-2021.10.macos64_1.0.100.202210260954/tools/bin/../lib/gcc/arm-none-eabi/10.3.1/../../../../arm-none-eabi/lib/thumb/v7-m/nofp/crt0.o (memset)
/Applications/STM32CubeIDE.app/Contents/Eclipse/plugins/com.st.stm32cube.ide.mcu.externaltools.gnu-tools-for-stm32.10.3-2021.10.macos64_1.0.100.202210260954/tools/bin/../lib/gcc/arm-none-eabi/10.3.1/../../../../arm-none-eabi/lib/thumb/v7-m/nofp/libc_nano.a(lib_a-sprintf.o)
                              ./Core/Src/uart_communication.o (sprintf)
/Applications/STM32CubeIDE.app/Contents/Eclipse/plugins/com.st.stm32cube.ide.mcu.externaltools.gnu-tools-for-stm32.10.3-2021.10.macos64_1.0.100.202210260954/tools/bin/../lib/gcc/arm-none-eabi/10.3.1/../../../../arm-none-eabi/lib/thumb/v7-m/nofp/libc_nano.a(lib_a-nano-svfprintf.o)
                              /Applications/STM32CubeIDE.app/Contents/Eclipse/plugins/com.st.stm32cube.ide.mcu.externaltools.gnu-tools-for-stm32.10.3-2021.10.macos64_1.0.100.202210260954/tools/bin/../lib/gcc/arm-none-eabi/10.3.1/../../../../arm-none-eabi/lib/thumb/v7-m/nofp/libc_nano.a(lib_a-sprintf.o) (_svfprintf_r)
/Applications/STM32CubeIDE.app/Contents/Eclipse/plugins/com.st.stm32cube.ide.mcu.externaltools.gnu-tools-for-stm32.10.3-2021.10.macos64_1.0.100.202210260954/tools/bin/../lib/gcc/arm-none-eabi/10.3.1/../../../../arm-none-eabi/lib/thumb/v7-m/nofp/libc_nano.a(lib_a-nano-vfprintf_i.o)
                              /Applications/STM32CubeIDE.app/Contents/Eclipse/plugins/com.st.stm32cube.ide.mcu.externaltools.gnu-tools-for-stm32.10.3-2021.10.macos64_1.0.100.202210260954/tools/bin/../lib/gcc/arm-none-eabi/10.3.1/../../../../arm-none-eabi/lib/thumb/v7-m/nofp/libc_nano.a(lib_a-nano-svfprintf.o) (_printf_i)
/Applications/STM32CubeIDE.app/Contents/Eclipse/plugins/com.st.stm32cube.ide.mcu.externaltools.gnu-tools-for-stm32.10.3-2021.10.macos64_1.0.100.202210260954/tools/bin/../lib/gcc/arm-none-eabi/10.3.1/../../../../arm-none-eabi/lib/thumb/v7-m/nofp/libc_nano.a(lib_a-memchr-stub.o)
                              /Applications/STM32CubeIDE.app/Contents/Eclipse/plugins/com.st.stm32cube.ide.mcu.externaltools.gnu-tools-for-stm32.10.3-2021.10.macos64_1.0.100.202210260954/tools/bin/../lib/gcc/arm-none-eabi/10.3.1/../../../../arm-none-eabi/lib/thumb/v7-m/nofp/libc_nano.a(lib_a-nano-svfprintf.o) (memchr)
[...]
Memory Configuration

Name             Origin             Length             Attributes
RAM              0x0000000020000000 0x0000000000005000 xrw
FLASH            0x0000000008000000 0x0000000000020000 xr
*default*        0x0000000000000000 0xffffffffffffffff

Linker script and memory map

LOAD /Applications/STM32CubeIDE.app/Contents/Eclipse/plugins/com.st.stm32cube.ide.mcu.externaltools.gnu-tools-for-stm32.10.3-2021.10.macos64_1.0.100.202210260954/tools/bin/../lib/gcc/arm-none-eabi/10.3.1/thumb/v7-m/nofp/crti.o
LOAD /Applications/STM32CubeIDE.app/Contents/Eclipse/plugins/com.st.stm32cube.ide.mcu.externaltools.gnu-tools-for-stm32.10.3-2021.10.macos64_1.0.100.202210260954/tools/bin/../lib/gcc/arm-none-eabi/10.3.1/thumb/v7-m/nofp/crtbegin.o
LOAD /Applications/STM32CubeIDE.app/Contents/Eclipse/plugins/com.st.stm32cube.ide.mcu.externaltools.gnu-tools-for-stm32.10.3-2021.10.macos64_1.0.100.202210260954/tools/bin/../lib/gcc/arm-none-eabi/10.3.1/../../../../arm-none-eabi/lib/thumb/v7-m/nofp/crt0.o
LOAD ./Core/Src/buzzer_interfacing.o
LOAD ./Core/Src/fsm_for_multi_mode.o
LOAD ./Core/Src/fsm_for_pedestrian.o
LOAD ./Core/Src/global.o
LOAD ./Core/Src/gpio.o
LOAD ./Core/Src/input_reading.o
LOAD ./Core/Src/main.o
LOAD ./Core/Src/pedestrian_light_processing.o
LOAD ./Core/Src/sched.o
LOAD ./Core/Src/software_timer.o
LOAD ./Core/Src/stm32f1xx_hal_msp.o
LOAD ./Core/Src/stm32f1xx_it.o
LOAD ./Core/Src/syscalls.o
LOAD ./Core/Src/sysmem.o
LOAD ./Core/Src/system_stm32f1xx.o
LOAD ./Core/Src/tim.o
LOAD ./Core/Src/traffic_light_processing.o
LOAD ./Core/Src/uart_communication.o
LOAD ./Core/Src/usart.o
LOAD ./Core/Startup/startup_stm32f103rbtx.o
LOAD ./Drivers/STM32F1xx_HAL_Driver/Src/stm32f1xx_hal.o
LOAD ./Drivers/STM32F1xx_HAL_Driver/Src/stm32f1xx_hal_cortex.o
LOAD ./Drivers/STM32F1xx_HAL_Driver/Src/stm32f1xx_hal_dma.o
LOAD ./Drivers/STM32F1xx_HAL_Driver/Src/stm32f1xx_hal_exti.o
LOAD ./Drivers/STM32F1xx_HAL_Driver/Src/stm32f1xx_hal_flash.o
LOAD ./Drivers/STM32F1xx_HAL_Driver/Src/stm32f1xx_hal_flash_ex.o
LOAD ./Drivers/STM32F1xx_HAL_Driver/Src/stm32f1xx_hal_gpio.o
LOAD ./Drivers/STM32F1xx_HAL_Driver/Src/stm32f1xx_hal_gpio_ex.o
LOAD ./Drivers/STM32F1xx_HAL_Driver/Src/stm32f1xx_hal_pwr.o
LOAD ./Drivers/STM32F1xx_HAL_Driver/Src/stm32f1xx_hal_rcc.o
LOAD ./Drivers/STM32F1xx_HAL_Driver/Src/stm32f1xx_hal_rcc_ex.o
LOAD ./Drivers/STM32F1xx_HAL_Driver/Src/stm32f1xx_hal_tim.o
LOAD ./Drivers/STM32F1xx_HAL_Driver/Src/stm32f1xx_hal_tim_ex.o
LOAD ./Drivers/STM32F1xx_HAL_Driver/Src/stm32f1xx_hal_uart.o
START GROUP
LOAD /Applications/STM32CubeIDE.app/Contents/Eclipse/plugins/com.st.stm32cube.ide.mcu.externaltools.gnu-tools-for-stm32.10.3-2021.10.macos64_1.0.100.202210260954/tools/bin/../lib/gcc/arm-none-eabi/10.3.1/../../../../arm-none-eabi/lib/thumb/v7-m/nofp/libc_nano.a
LOAD /Applications/STM32CubeIDE.app/Contents/Eclipse/plugins/com.st.stm32cube.ide.mcu.externaltools.gnu-tools-for-stm32.10.3-2021.10.macos64_1.0.100.202210260954/tools/bin/../lib/gcc/arm-none-eabi/10.3.1/../../../../arm-none-eabi/lib/thumb/v7-m/nofp/libm.a
END GROUP
START GROUP
LOAD /Applications/STM32CubeIDE.app/Contents/Eclipse/plugins/com.st.stm32cube.ide.mcu.externaltools.gnu-tools-for-stm32.10.3-2021.10.macos64_1.0.100.202210260954/tools/bin/../lib/gcc/arm-none-eabi/10.3.1/thumb/v7-m/nofp/libgcc.a
LOAD /Applications/STM32CubeIDE.app/Contents/Eclipse/plugins/com.st.stm32cube.ide.mcu.externaltools.gnu-tools-for-stm32.10.3-2021.10.macos64_1.0.100.202210260954/tools/bin/../lib/gcc/arm-none-eabi/10.3.1/../../../../arm-none-eabi/lib/thumb/v7-m/nofp/libc_nano.a
END GROUP
START GROUP
LOAD /Applications/STM32CubeIDE.app/Contents/Eclipse/plugins/com.st.stm32cube.ide.mcu.externaltools.gnu-tools-for-stm32.10.3-2021.10.macos64_1.0.100.202210260954/tools/bin/../lib/gcc/arm-none-eabi/10.3.1/thumb/v7-m/nofp/libgcc.a
LOAD /Applications/STM32CubeIDE.app/Contents/Eclipse/plugins/com.st.stm32cube.ide.mcu.externaltools.gnu-tools-for-stm32.10.3-2021.10.macos64_1.0.100.202210260954/tools/bin/../lib/gcc/arm-none-eabi/10.3.1/../../../../arm-none-eabi/lib/thumb/v7-m/nofp/libc_nano.a
LOAD /Applications/STM32CubeIDE.app/Contents/Eclipse/plugins/com.st.stm32cube.ide.mcu.externaltools.gnu-tools-for-stm32.10.3-2021.10.macos64_1.0.100.202210260954/tools/bin/../lib/gcc/arm-none-eabi/10.3.1/../../../../arm-none-eabi/lib/thumb/v7-m/nofp/libnosys.a
END GROUP
START GROUP
LOAD /Applications/STM32CubeIDE.app/Contents/Eclipse/plugins/com.st.stm32cube.ide.mcu.externaltools.gnu-tools-for-stm32.10.3-2021.10.macos64_1.0.100.202210260954/tools/bin/../lib/gcc/arm-none-eabi/10.3.1/thumb/v7-m/nofp/libgcc.a
LOAD /Applications/STM32CubeIDE.app/Contents/Eclipse/plugins/com.st.stm32cube.ide.mcu.externaltools.gnu-tools-for-stm32.10.3-2021.10.macos64_1.0.100.202210260954/tools/bin/../lib/gcc/arm-none-eabi/10.3.1/../../../../arm-none-eabi/lib/thumb/v7-m/nofp/libc_nano.a
LOAD /Applications/STM32CubeIDE.app/Contents/Eclipse/plugins/com.st.stm32cube.ide.mcu.externaltools.gnu-tools-for-stm32.10.3-2021.10.macos64_1.0.100.202210260954/tools/bin/../lib/gcc/arm-none-eabi/10.3.1/../../../../arm-none-eabi/lib/thumb/v7-m/nofp/libnosys.a
END GROUP
LOAD /Applications/STM32CubeIDE.app/Contents/Eclipse/plugins/com.st.stm32cube.ide.mcu.externaltools.gnu-tools-for-stm32.10.3-2021.10.macos64_1.0.100.202210260954/tools/bin/../lib/gcc/arm-none-eabi/10.3.1/thumb/v7-m/nofp/crtend.o
LOAD /Applications/STM32CubeIDE.app/Contents/Eclipse/plugins/com.st.stm32cube.ide.mcu.externaltools.gnu-tools-for-stm32.10.3-2021.10.macos64_1.0.100.202210260954/tools/bin/../lib/gcc/arm-none-eabi/10.3.1/thumb/v7-m/nofp/crtn.o
                0x0000000020005000                _estack = (ORIGIN (RAM) + LENGTH (RAM))
                0x0000000000000200                _Min_Heap_Size = 0x200
                0x0000000000000400                _Min_Stack_Size = 0x400

.isr_vector     0x0000000008000000      0x10c
                0x0000000008000000                . = ALIGN (0x4)
 *(.isr_vector)
 .isr_vector    0x0000000008000000      0x10c ./Core/Startup/startup_stm32f103rbtx.o
                0x0000000008000000                g_pfnVectors
                0x000000000800010c                . = ALIGN (0x4)

.text           0x000000000800010c     0x4238
                0x000000000800010c                . = ALIGN (0x4)
 *(.text)
 .text          0x000000000800010c       0x40 /Applications/STM32CubeIDE.app/Contents/Eclipse/plugins/com.st.stm32cube.ide.mcu.externaltools.gnu-tools-for-stm32.10.3-2021.10.macos64_1.0.100.202210260954/tools/bin/../lib/gcc/arm-none-eabi/10.3.1/thumb/v7-m/nofp/crtbegin.o
 *(.text*)
 .text.grnBuzzer
                0x000000000800014c       0x74 ./Core/Src/buzzer_interfacing.o
                0x000000000800014c                grnBuzzer
 .text.redBuzzer
                0x00000000080001c0       0x64 ./Core/Src/buzzer_interfacing.o
                0x00000000080001c0                redBuzzer
 .text.stopBuzzer
                0x0000000008000224       0x28 ./Core/Src/buzzer_interfacing.o
                0x0000000008000224                stopBuzzer
 .text.fsm_multi_mode_run
                0x000000000800024c      0x50c ./Core/Src/fsm_for_multi_mode.o
                0x000000000800024c                fsm_multi_mode_run
 .text.fsm_for_pedestrian
                0x0000000008000758      0x248 ./Core/Src/fsm_for_pedestrian.o
                0x0000000008000758                fsm_for_pedestrian
 .text.MX_GPIO_Init
                0x00000000080009a0      0x140 ./Core/Src/gpio.o
                0x00000000080009a0                MX_GPIO_Init
 .text.buttonRead
                0x0000000008000ae0      0x164 ./Core/Src/input_reading.o
                0x0000000008000ae0                buttonRead
 .text.isButtonPressed
                0x0000000008000c44       0x44 ./Core/Src/input_reading.o
                0x0000000008000c44                isButtonPressed
 .text.main     0x0000000008000c88       0x70 ./Core/Src/main.o
                0x0000000008000c88                main
 .text.UpdateTimer
                0x0000000008000cf8       0x28 ./Core/Src/main.o
                0x0000000008000cf8                UpdateTimer
 .text.SystemClock_Config
                0x0000000008000d20       0x82 ./Core/Src/main.o
                0x0000000008000d20                SystemClock_Config
 .text.HAL_TIM_PeriodElapsedCallback
                0x0000000008000da2       0x14 ./Core/Src/main.o
                0x0000000008000da2                HAL_TIM_PeriodElapsedCallback
 .text.Error_Handler
                0x0000000008000db6        0xa ./Core/Src/main.o
                0x0000000008000db6                Error_Handler
 .text.pedestrianLightBlinkGrn
                0x0000000008000dc0       0x30 ./Core/Src/pedestrian_light_processing.o
                0x0000000008000dc0                pedestrianLightBlinkGrn
 .text.pedestrianLightBlinkRed
                0x0000000008000df0       0x30 ./Core/Src/pedestrian_light_processing.o
                0x0000000008000df0                pedestrianLightBlinkRed
 .text.pedestrianLightGrn
                0x0000000008000e20       0x30 ./Core/Src/pedestrian_light_processing.o
                0x0000000008000e20                pedestrianLightGrn
 .text.pedestrianLightRed
                0x0000000008000e50       0x30 ./Core/Src/pedestrian_light_processing.o
                0x0000000008000e50                pedestrianLightRed
 .text.pedestrianLightOff
                0x0000000008000e80       0x30 ./Core/Src/pedestrian_light_processing.o
                0x0000000008000e80                pedestrianLightOff
 .text.SCH_Add_Task
                0x0000000008000eb0      0x1d0 ./Core/Src/sched.o
                0x0000000008000eb0                SCH_Add_Task
 .text.SCH_Delete_Task
                0x0000000008001080       0xe0 ./Core/Src/sched.o
                0x0000000008001080                SCH_Delete_Task
 .text.SCH_Dispatch_Tasks
                0x0000000008001160       0x48 ./Core/Src/sched.o
                0x0000000008001160                SCH_Dispatch_Tasks
 .text.SCH_Update
                0x00000000080011a8       0x30 ./Core/Src/sched.o
                0x00000000080011a8                SCH_Update
 .text.setTimer
                0x00000000080011d8       0x34 ./Core/Src/software_timer.o
                0x00000000080011d8                setTimer
 .text.timerBreath
                0x000000000800120c       0x32 ./Core/Src/software_timer.o
                0x000000000800120c                timerBreath
 *fill*         0x000000000800123e        0x2 
 .text.HAL_MspInit
                0x0000000008001240       0x64 ./Core/Src/stm32f1xx_hal_msp.o
                0x0000000008001240                HAL_MspInit
 .text.NMI_Handler
                0x00000000080012a4        0x6 ./Core/Src/stm32f1xx_it.o
                0x00000000080012a4                NMI_Handler
 .text.HardFault_Handler
                0x00000000080012aa        0x6 ./Core/Src/stm32f1xx_it.o
                0x00000000080012aa                HardFault_Handler
 .text.MemManage_Handler
                0x00000000080012b0        0x6 ./Core/Src/stm32f1xx_it.o
                0x00000000080012b0                MemManage_Handler
 .text.BusFault_Handler
                0x00000000080012b6        0x6 ./Core/Src/stm32f1xx_it.o
                0x00000000080012b6                BusFault_Handler
 .text.UsageFault_Handler
                0x00000000080012bc        0x6 ./Core/Src/stm32f1xx_it.o
                0x00000000080012bc                UsageFault_Handler
 .text.SVC_Handler
                0x00000000080012c2        0xc ./Core/Src/stm32f1xx_it.o
                0x00000000080012c2                SVC_Handler
 .text.DebugMon_Handler
                0x00000000080012ce        0xc ./Core/Src/stm32f1xx_it.o
                0x00000000080012ce                DebugMon_Handler
 .text.PendSV_Handler
                0x00000000080012da        0xc ./Core/Src/stm32f1xx_it.o
                0x00000000080012da                PendSV_Handler
 .text.SysTick_Handler
                0x00000000080012e6        0xc ./Core/Src/stm32f1xx_it.o
                0x00000000080012e6                SysTick_Handler
 *fill*         0x00000000080012f2        0x2 
 .text.TIM2_IRQHandler
                0x00000000080012f4       0x14 ./Core/Src/stm32f1xx_it.o
                0x00000000080012f4                TIM2_IRQHandler
 .text.EXTI15_10_IRQHandler
                0x0000000008001308       0x10 ./Core/Src/stm32f1xx_it.o
                0x0000000008001308                EXTI15_10_IRQHandler
 .text._sbrk    0x0000000008001318       0x6c ./Core/Src/sysmem.o
                0x0000000008001318                _sbrk
 .text.SystemInit
                0x0000000008001384        0xc ./Core/Src/system_stm32f1xx.o
                0x0000000008001384                SystemInit
 .text.MX_TIM2_Init
                0x0000000008001390       0x98 ./Core/Src/tim.o
                0x0000000008001390                MX_TIM2_Init
 .text.MX_TIM3_Init
                0x0000000008001428       0xec ./Core/Src/tim.o
                0x0000000008001428                MX_TIM3_Init
 .text.HAL_TIM_Base_MspInit
                0x0000000008001514       0x70 ./Core/Src/tim.o
                0x0000000008001514                HAL_TIM_Base_MspInit
 .text.HAL_TIM_MspPostInit
                0x0000000008001584       0x64 ./Core/Src/tim.o
                0x0000000008001584                HAL_TIM_MspPostInit
 .text.trafficLightBlinkGrn
                0x00000000080015e8       0x4c ./Core/Src/traffic_light_processing.o
                0x00000000080015e8                trafficLightBlinkGrn
 .text.trafficLightBlinkYel
                0x0000000008001634       0x4c ./Core/Src/traffic_light_processing.o
                0x0000000008001634                trafficLightBlinkYel
 .text.trafficLightGrn
                0x0000000008001680       0x4c ./Core/Src/traffic_light_processing.o
                0x0000000008001680                trafficLightGrn
 .text.trafficLightYel
                0x00000000080016cc       0x4c ./Core/Src/traffic_light_processing.o
                0x00000000080016cc                trafficLightYel
 .text.trafficLightRed
                0x0000000008001718       0x4c ./Core/Src/traffic_light_processing.o
                0x0000000008001718                trafficLightRed
 .text.displayCountdown
                0x0000000008001764       0x38 ./Core/Src/uart_communication.o
                0x0000000008001764                displayCountdown
 .text.MX_USART2_UART_Init
                0x000000000800179c       0x54 ./Core/Src/usart.o
                0x000000000800179c                MX_USART2_UART_Init
 .text.HAL_UART_MspInit
                0x00000000080017f0       0x7c ./Core/Src/usart.o
                0x00000000080017f0                HAL_UART_MspInit
 .text.Reset_Handler
                0x000000000800186c       0x48 ./Core/Startup/startup_stm32f103rbtx.o
                0x000000000800186c                Reset_Handler
 .text.Default_Handler
                0x00000000080018b4        0x2 ./Core/Startup/startup_stm32f103rbtx.o
                0x00000000080018b4                USBWakeUp_IRQHandler
                0x00000000080018b4                EXTI2_IRQHandler
                0x00000000080018b4                TIM1_CC_IRQHandler
                0x00000000080018b4                PVD_IRQHandler
                0x00000000080018b4                EXTI3_IRQHandler
                0x00000000080018b4                EXTI0_IRQHandler
                0x00000000080018b4                I2C2_EV_IRQHandler
                0x00000000080018b4                ADC1_2_IRQHandler
                0x00000000080018b4                SPI1_IRQHandler
                0x00000000080018b4                TAMPER_IRQHandler
                0x00000000080018b4                DMA1_Channel4_IRQHandler
                0x00000000080018b4                USART3_IRQHandler
                0x00000000080018b4                RTC_IRQHandler
                0x00000000080018b4                DMA1_Channel7_IRQHandler
                0x00000000080018b4                CAN1_RX1_IRQHandler
                0x00000000080018b4                TIM4_IRQHandler
                0x00000000080018b4                I2C1_EV_IRQHandler
                0x00000000080018b4                DMA1_Channel6_IRQHandler
                0x00000000080018b4                TIM3_IRQHandler
                0x00000000080018b4                RCC_IRQHandler
                0x00000000080018b4                TIM1_TRG_COM_IRQHandler
                0x00000000080018b4                DMA1_Channel1_IRQHandler
                0x00000000080018b4                Default_Handler
                0x00000000080018b4                EXTI9_5_IRQHandler
                0x00000000080018b4                SPI2_IRQHandler
                0x00000000080018b4                DMA1_Channel5_IRQHandler
                0x00000000080018b4                EXTI4_IRQHandler
                0x00000000080018b4                USB_LP_CAN1_RX0_IRQHandler
                0x00000000080018b4                USB_HP_CAN1_TX_IRQHandler
                0x00000000080018b4                DMA1_Channel3_IRQHandler
                0x00000000080018b4                TIM1_UP_IRQHandler
                0x00000000080018b4                WWDG_IRQHandler
                0x00000000080018b4                TIM1_BRK_IRQHandler
                0x00000000080018b4                EXTI1_IRQHandler
                0x00000000080018b4                USART2_IRQHandler
                0x00000000080018b4                I2C2_ER_IRQHandler
                0x00000000080018b4                DMA1_Channel2_IRQHandler
                0x00000000080018b4                CAN1_SCE_IRQHandler
                0x00000000080018b4                FLASH_IRQHandler
                0x00000000080018b4                USART1_IRQHandler
                0x00000000080018b4                I2C1_ER_IRQHandler
                0x00000000080018b4                RTC_Alarm_IRQHandler
 *fill*         0x00000000080018b6        0x2 
 .text.HAL_Init
                0x00000000080018b8       0x2c ./Drivers/STM32F1xx_HAL_Driver/Src/stm32f1xx_hal.o
                0x00000000080018b8                HAL_Init
 .text.HAL_InitTick
                0x00000000080018e4       0x60 ./Drivers/STM32F1xx_HAL_Driver/Src/stm32f1xx_hal.o
                0x00000000080018e4                HAL_InitTick
 .text.HAL_IncTick
                0x0000000008001944       0x24 ./Drivers/STM32F1xx_HAL_Driver/Src/stm32f1xx_hal.o
                0x0000000008001944                HAL_IncTick
 .text.HAL_GetTick
                0x0000000008001968       0x14 ./Drivers/STM32F1xx_HAL_Driver/Src/stm32f1xx_hal.o
                0x0000000008001968                HAL_GetTick
 .text.__NVIC_SetPriorityGrouping
                0x000000000800197c       0x48 ./Drivers/STM32F1xx_HAL_Driver/Src/stm32f1xx_hal_cortex.o
 .text.__NVIC_GetPriorityGrouping
                0x00000000080019c4       0x1c ./Drivers/STM32F1xx_HAL_Driver/Src/stm32f1xx_hal_cortex.o
 .text.__NVIC_EnableIRQ
                0x00000000080019e0       0x38 ./Drivers/STM32F1xx_HAL_Driver/Src/stm32f1xx_hal_cortex.o
 .text.__NVIC_SetPriority
                0x0000000008001a18       0x54 ./Drivers/STM32F1xx_HAL_Driver/Src/stm32f1xx_hal_cortex.o
 .text.NVIC_EncodePriority
                0x0000000008001a6c       0x64 ./Drivers/STM32F1xx_HAL_Driver/Src/stm32f1xx_hal_cortex.o
 .text.SysTick_Config
                0x0000000008001ad0       0x44 ./Drivers/STM32F1xx_HAL_Driver/Src/stm32f1xx_hal_cortex.o
 .text.HAL_NVIC_SetPriorityGrouping
                0x0000000008001b14       0x16 ./Drivers/STM32F1xx_HAL_Driver/Src/stm32f1xx_hal_cortex.o
                0x0000000008001b14                HAL_NVIC_SetPriorityGrouping
 .text.HAL_NVIC_SetPriority
                0x0000000008001b2a       0x38 ./Drivers/STM32F1xx_HAL_Driver/Src/stm32f1xx_hal_cortex.o
                0x0000000008001b2a                HAL_NVIC_SetPriority
 .text.HAL_NVIC_EnableIRQ
                0x0000000008001b62       0x1c ./Drivers/STM32F1xx_HAL_Driver/Src/stm32f1xx_hal_cortex.o
                0x0000000008001b62                HAL_NVIC_EnableIRQ
 .text.HAL_SYSTICK_Config
                0x0000000008001b7e       0x18 ./Drivers/STM32F1xx_HAL_Driver/Src/stm32f1xx_hal_cortex.o
                0x0000000008001b7e                HAL_SYSTICK_Config
 *fill*         0x0000000008001b96        0x2 
 .text.HAL_GPIO_Init
                0x0000000008001b98      0x308 ./Drivers/STM32F1xx_HAL_Driver/Src/stm32f1xx_hal_gpio.o
                0x0000000008001b98                HAL_GPIO_Init
 .text.HAL_GPIO_ReadPin
                0x0000000008001ea0       0x2e ./Drivers/STM32F1xx_HAL_Driver/Src/stm32f1xx_hal_gpio.o
                0x0000000008001ea0                HAL_GPIO_ReadPin
 .text.HAL_GPIO_WritePin
                0x0000000008001ece       0x30 ./Drivers/STM32F1xx_HAL_Driver/Src/stm32f1xx_hal_gpio.o
                0x0000000008001ece                HAL_GPIO_WritePin
 .text.HAL_GPIO_TogglePin
                0x0000000008001efe       0x32 ./Drivers/STM32F1xx_HAL_Driver/Src/stm32f1xx_hal_gpio.o
                0x0000000008001efe                HAL_GPIO_TogglePin
 .text.HAL_GPIO_EXTI_IRQHandler
                0x0000000008001f30       0x30 ./Drivers/STM32F1xx_HAL_Driver/Src/stm32f1xx_hal_gpio.o
                0x0000000008001f30                HAL_GPIO_EXTI_IRQHandler
 .text.HAL_GPIO_EXTI_Callback
                0x0000000008001f60       0x14 ./Drivers/STM32F1xx_HAL_Driver/Src/stm32f1xx_hal_gpio.o
                0x0000000008001f60                HAL_GPIO_EXTI_Callback
 .text.HAL_RCC_OscConfig
                0x0000000008001f74      0x504 ./Drivers/STM32F1xx_HAL_Driver/Src/stm32f1xx_hal_rcc.o
                0x0000000008001f74                HAL_RCC_OscConfig
 .text.HAL_RCC_ClockConfig
                0x0000000008002478      0x1d4 ./Drivers/STM32F1xx_HAL_Driver/Src/stm32f1xx_hal_rcc.o
                0x0000000008002478                HAL_RCC_ClockConfig
 .text.HAL_RCC_GetSysClockFreq
                0x000000000800264c       0xbc ./Drivers/STM32F1xx_HAL_Driver/Src/stm32f1xx_hal_rcc.o
                0x000000000800264c                HAL_RCC_GetSysClockFreq
 .text.HAL_RCC_GetHCLKFreq
                0x0000000008002708       0x14 ./Drivers/STM32F1xx_HAL_Driver/Src/stm32f1xx_hal_rcc.o
                0x0000000008002708                HAL_RCC_GetHCLKFreq
 .text.HAL_RCC_GetPCLK1Freq
                0x000000000800271c       0x28 ./Drivers/STM32F1xx_HAL_Driver/Src/stm32f1xx_hal_rcc.o
                0x000000000800271c                HAL_RCC_GetPCLK1Freq
 .text.HAL_RCC_GetPCLK2Freq
                0x0000000008002744       0x28 ./Drivers/STM32F1xx_HAL_Driver/Src/stm32f1xx_hal_rcc.o
                0x0000000008002744                HAL_RCC_GetPCLK2Freq
 .text.RCC_Delay
                0x000000000800276c       0x3c ./Drivers/STM32F1xx_HAL_Driver/Src/stm32f1xx_hal_rcc.o
 .text.HAL_TIM_Base_Init
                0x00000000080027a8       0x9e ./Drivers/STM32F1xx_HAL_Driver/Src/stm32f1xx_hal_tim.o
                0x00000000080027a8                HAL_TIM_Base_Init
 *fill*         0x0000000008002846        0x2 
 .text.HAL_TIM_Base_Start_IT
                0x0000000008002848       0xa4 ./Drivers/STM32F1xx_HAL_Driver/Src/stm32f1xx_hal_tim.o
                0x0000000008002848                HAL_TIM_Base_Start_IT
 .text.HAL_TIM_PWM_Init
                0x00000000080028ec       0x9e ./Drivers/STM32F1xx_HAL_Driver/Src/stm32f1xx_hal_tim.o
                0x00000000080028ec                HAL_TIM_PWM_Init
 .text.HAL_TIM_PWM_MspInit
                0x000000000800298a       0x12 ./Drivers/STM32F1xx_HAL_Driver/Src/stm32f1xx_hal_tim.o
                0x000000000800298a                HAL_TIM_PWM_MspInit
 .text.HAL_TIM_PWM_Start
                0x000000000800299c      0x144 ./Drivers/STM32F1xx_HAL_Driver/Src/stm32f1xx_hal_tim.o
                0x000000000800299c                HAL_TIM_PWM_Start
 .text.HAL_TIM_IRQHandler
                0x0000000008002ae0      0x210 ./Drivers/STM32F1xx_HAL_Driver/Src/stm32f1xx_hal_tim.o
                0x0000000008002ae0                HAL_TIM_IRQHandler
 .text.HAL_TIM_PWM_ConfigChannel
                0x0000000008002cf0      0x17c ./Drivers/STM32F1xx_HAL_Driver/Src/stm32f1xx_hal_tim.o
                0x0000000008002cf0                HAL_TIM_PWM_ConfigChannel
 .text.HAL_TIM_ConfigClockSource
                0x0000000008002e6c      0x188 ./Drivers/STM32F1xx_HAL_Driver/Src/stm32f1xx_hal_tim.o
                0x0000000008002e6c                HAL_TIM_ConfigClockSource
 .text.HAL_TIM_OC_DelayElapsedCallback
                0x0000000008002ff4       0x12 ./Drivers/STM32F1xx_HAL_Driver/Src/stm32f1xx_hal_tim.o
                0x0000000008002ff4                HAL_TIM_OC_DelayElapsedCallback
 .text.HAL_TIM_IC_CaptureCallback
                0x0000000008003006       0x12 ./Drivers/STM32F1xx_HAL_Driver/Src/stm32f1xx_hal_tim.o
                0x0000000008003006                HAL_TIM_IC_CaptureCallback
 .text.HAL_TIM_PWM_PulseFinishedCallback
                0x0000000008003018       0x12 ./Drivers/STM32F1xx_HAL_Driver/Src/stm32f1xx_hal_tim.o
                0x0000000008003018                HAL_TIM_PWM_PulseFinishedCallback
 .text.HAL_TIM_TriggerCallback
                0x000000000800302a       0x12 ./Drivers/STM32F1xx_HAL_Driver/Src/stm32f1xx_hal_tim.o
                0x000000000800302a                HAL_TIM_TriggerCallback
 .text.TIM_Base_SetConfig
                0x000000000800303c       0xc4 ./Drivers/STM32F1xx_HAL_Driver/Src/stm32f1xx_hal_tim.o
                0x000000000800303c                TIM_Base_SetConfig
 .text.TIM_OC1_SetConfig
                0x0000000008003100       0xcc ./Drivers/STM32F1xx_HAL_Driver/Src/stm32f1xx_hal_tim.o
 .text.TIM_OC2_SetConfig
                0x00000000080031cc       0xd4 ./Drivers/STM32F1xx_HAL_Driver/Src/stm32f1xx_hal_tim.o
                0x00000000080031cc                TIM_OC2_SetConfig
 .text.TIM_OC3_SetConfig
                0x00000000080032a0       0xd4 ./Drivers/STM32F1xx_HAL_Driver/Src/stm32f1xx_hal_tim.o
 .text.TIM_OC4_SetConfig
                0x0000000008003374       0x9c ./Drivers/STM32F1xx_HAL_Driver/Src/stm32f1xx_hal_tim.o
 .text.TIM_TI1_ConfigInputStage
                0x0000000008003410       0x5c ./Drivers/STM32F1xx_HAL_Driver/Src/stm32f1xx_hal_tim.o
 .text.TIM_TI2_ConfigInputStage
                0x000000000800346c       0x5e ./Drivers/STM32F1xx_HAL_Driver/Src/stm32f1xx_hal_tim.o
 .text.TIM_ITRx_SetConfig
                0x00000000080034ca       0x34 ./Drivers/STM32F1xx_HAL_Driver/Src/stm32f1xx_hal_tim.o
 .text.TIM_ETR_SetConfig
                0x00000000080034fe       0x3e ./Drivers/STM32F1xx_HAL_Driver/Src/stm32f1xx_hal_tim.o
                0x00000000080034fe                TIM_ETR_SetConfig
 .text.TIM_CCxChannelCmd
                0x000000000800353c       0x48 ./Drivers/STM32F1xx_HAL_Driver/Src/stm32f1xx_hal_tim.o
                0x000000000800353c                TIM_CCxChannelCmd
 .text.HAL_TIMEx_MasterConfigSynchronization
                0x0000000008003584       0xbc ./Drivers/STM32F1xx_HAL_Driver/Src/stm32f1xx_hal_tim_ex.o
                0x0000000008003584                HAL_TIMEx_MasterConfigSynchronization
 .text.HAL_TIMEx_CommutCallback
                0x0000000008003640       0x12 ./Drivers/STM32F1xx_HAL_Driver/Src/stm32f1xx_hal_tim_ex.o
                0x0000000008003640                HAL_TIMEx_CommutCallback
 .text.HAL_TIMEx_BreakCallback
                0x0000000008003652       0x12 ./Drivers/STM32F1xx_HAL_Driver/Src/stm32f1xx_hal_tim_ex.o
                0x0000000008003652                HAL_TIMEx_BreakCallback
 .text.HAL_UART_Init
                0x0000000008003664       0x9a ./Drivers/STM32F1xx_HAL_Driver/Src/stm32f1xx_hal_uart.o
                0x0000000008003664                HAL_UART_Init
 .text.HAL_UART_Transmit
                0x00000000080036fe      0x124 ./Drivers/STM32F1xx_HAL_Driver/Src/stm32f1xx_hal_uart.o
                0x00000000080036fe                HAL_UART_Transmit
 .text.UART_WaitOnFlagUntilTimeout
                0x0000000008003822       0x94 ./Drivers/STM32F1xx_HAL_Driver/Src/stm32f1xx_hal_uart.o
 *fill*         0x00000000080038b6        0x2 
 .text.UART_SetConfig
                0x00000000080038b8      0x11c ./Drivers/STM32F1xx_HAL_Driver/Src/stm32f1xx_hal_uart.o
 .text.__errno  0x00000000080039d4        0xc /Applications/STM32CubeIDE.app/Contents/Eclipse/plugins/com.st.stm32cube.ide.mcu.externaltools.gnu-tools-for-stm32.10.3-2021.10.macos64_1.0.100.202210260954/tools/bin/../lib/gcc/arm-none-eabi/10.3.1/../../../../arm-none-eabi/lib/thumb/v7-m/nofp/libc_nano.a(lib_a-errno.o)
                0x00000000080039d4                __errno
 .text.__libc_init_array
                0x00000000080039e0       0x48 /Applications/STM32CubeIDE.app/Contents/Eclipse/plugins/com.st.stm32cube.ide.mcu.externaltools.gnu-tools-for-stm32.10.3-2021.10.macos64_1.0.100.202210260954/tools/bin/../lib/gcc/arm-none-eabi/10.3.1/../../../../arm-none-eabi/lib/thumb/v7-m/nofp/libc_nano.a(lib_a-init.o)
                0x00000000080039e0                __libc_init_array
 .text.memset   0x0000000008003a28       0x10 /Applications/STM32CubeIDE.app/Contents/Eclipse/plugins/com.st.stm32cube.ide.mcu.externaltools.gnu-tools-for-stm32.10.3-2021.10.macos64_1.0.100.202210260954/tools/bin/../lib/gcc/arm-none-eabi/10.3.1/../../../../arm-none-eabi/lib/thumb/v7-m/nofp/libc_nano.a(lib_a-memset.o)
                0x0000000008003a28                memset
 .text.sprintf  0x0000000008003a38       0x40 /Applications/STM32CubeIDE.app/Contents/Eclipse/plugins/com.st.stm32cube.ide.mcu.externaltools.gnu-tools-for-stm32.10.3-2021.10.macos64_1.0.100.202210260954/tools/bin/../lib/gcc/arm-none-eabi/10.3.1/../../../../arm-none-eabi/lib/thumb/v7-m/nofp/libc_nano.a(lib_a-sprintf.o)
                0x0000000008003a38                sprintf
                0x0000000008003a38                siprintf
 .text.__ssputs_r
                0x0000000008003a78       0xb6 /Applications/STM32CubeIDE.app/Contents/Eclipse/plugins/com.st.stm32cube.ide.mcu.externaltools.gnu-tools-for-stm32.10.3-2021.10.macos64_1.0.100.202210260954/tools/bin/../lib/gcc/arm-none-eabi/10.3.1/../../../../arm-none-eabi/lib/thumb/v7-m/nofp/libc_nano.a(lib_a-nano-svfprintf.o)
                0x0000000008003a78                __ssputs_r
 *fill*         0x0000000008003b2e        0x2 
 .text._svfprintf_r
                0x0000000008003b30      0x200 /Applications/STM32CubeIDE.app/Contents/Eclipse/plugins/com.st.stm32cube.ide.mcu.externaltools.gnu-tools-for-stm32.10.3-2021.10.macos64_1.0.100.202210260954/tools/bin/../lib/gcc/arm-none-eabi/10.3.1/../../../../arm-none-eabi/lib/thumb/v7-m/nofp/libc_nano.a(lib_a-nano-svfprintf.o)
                0x0000000008003b30                _svfprintf_r
                0x0000000008003b30                _svfiprintf_r
 .text._printf_common
                0x0000000008003d30       0xde /Applications/STM32CubeIDE.app/Contents/Eclipse/plugins/com.st.stm32cube.ide.mcu.externaltools.gnu-tools-for-stm32.10.3-2021.10.macos64_1.0.100.202210260954/tools/bin/../lib/gcc/arm-none-eabi/10.3.1/../../../../arm-none-eabi/lib/thumb/v7-m/nofp/libc_nano.a(lib_a-nano-vfprintf_i.o)
                0x0000000008003d30                _printf_common
 *fill*         0x0000000008003e0e        0x2 
 .text._printf_i
                0x0000000008003e10      0x24c /Applications/STM32CubeIDE.app/Contents/Eclipse/plugins/com.st.stm32cube.ide.mcu.externaltools.gnu-tools-for-stm32.10.3-2021.10.macos64_1.0.100.202210260954/tools/bin/../lib/gcc/arm-none-eabi/10.3.1/../../../../arm-none-eabi/lib/thumb/v7-m/nofp/libc_nano.a(lib_a-nano-vfprintf_i.o)
                0x0000000008003e10                _printf_i
 .text.memchr   0x000000000800405c       0x1c /Applications/STM32CubeIDE.app/Contents/Eclipse/plugins/com.st.stm32cube.ide.mcu.externaltools.gnu-tools-for-stm32.10.3-2021.10.macos64_1.0.100.202210260954/tools/bin/../lib/gcc/arm-none-eabi/10.3.1/../../../../arm-none-eabi/lib/thumb/v7-m/nofp/libc_nano.a(lib_a-memchr-stub.o)
                0x000000000800405c                memchr
 .text.memcpy   0x0000000008004078       0x1c /Applications/STM32CubeIDE.app/Contents/Eclipse/plugins/com.st.stm32cube.ide.mcu.externaltools.gnu-tools-for-stm32.10.3-2021.10.macos64_1.0.100.202210260954/tools/bin/../lib/gcc/arm-none-eabi/10.3.1/../../../../arm-none-eabi/lib/thumb/v7-m/nofp/libc_nano.a(lib_a-memcpy-stub.o)
                0x0000000008004078                memcpy
 .text.memmove  0x0000000008004094       0x34 /Applications/STM32CubeIDE.app/Contents/Eclipse/plugins/com.st.stm32cube.ide.mcu.externaltools.gnu-tools-for-stm32.10.3-2021.10.macos64_1.0.100.202210260954/tools/bin/../lib/gcc/arm-none-eabi/10.3.1/../../../../arm-none-eabi/lib/thumb/v7-m/nofp/libc_nano.a(lib_a-memmove.o)
                0x0000000008004094                memmove
 .text._free_r  0x00000000080040c8       0x90 /Applications/STM32CubeIDE.app/Contents/Eclipse/plugins/com.st.stm32cube.ide.mcu.externaltools.gnu-tools-for-stm32.10.3-2021.10.macos64_1.0.100.202210260954/tools/bin/../lib/gcc/arm-none-eabi/10.3.1/../../../../arm-none-eabi/lib/thumb/v7-m/nofp/libc_nano.a(lib_a-nano-freer.o)
                0x00000000080040c8                _free_r
 .text.sbrk_aligned
                0x0000000008004158       0x40 /Applications/STM32CubeIDE.app/Contents/Eclipse/plugins/com.st.stm32cube.ide.mcu.externaltools.gnu-tools-for-stm32.10.3-2021.10.macos64_1.0.100.202210260954/tools/bin/../lib/gcc/arm-none-eabi/10.3.1/../../../../arm-none-eabi/lib/thumb/v7-m/nofp/libc_nano.a(lib_a-nano-mallocr.o)
 .text._malloc_r
                0x0000000008004198       0xe8 /Applications/STM32CubeIDE.app/Contents/Eclipse/plugins/com.st.stm32cube.ide.mcu.externaltools.gnu-tools-for-stm32.10.3-2021.10.macos64_1.0.100.202210260954/tools/bin/../lib/gcc/arm-none-eabi/10.3.1/../../../../arm-none-eabi/lib/thumb/v7-m/nofp/libc_nano.a(lib_a-nano-mallocr.o)
                0x0000000008004198                _malloc_r
 .text._realloc_r
                0x0000000008004280       0x5e /Applications/STM32CubeIDE.app/Contents/Eclipse/plugins/com.st.stm32cube.ide.mcu.externaltools.gnu-tools-for-stm32.10.3-2021.10.macos64_1.0.100.202210260954/tools/bin/../lib/gcc/arm-none-eabi/10.3.1/../../../../arm-none-eabi/lib/thumb/v7-m/nofp/libc_nano.a(lib_a-nano-reallocr.o)
                0x0000000008004280                _realloc_r
 *fill*         0x00000000080042de        0x2 
 .text._sbrk_r  0x00000000080042e0       0x20 /Applications/STM32CubeIDE.app/Contents/Eclipse/plugins/com.st.stm32cube.ide.mcu.externaltools.gnu-tools-for-stm32.10.3-2021.10.macos64_1.0.100.202210260954/tools/bin/../lib/gcc/arm-none-eabi/10.3.1/../../../../arm-none-eabi/lib/thumb/v7-m/nofp/libc_nano.a(lib_a-sbrkr.o)
                0x00000000080042e0                _sbrk_r
 .text.__malloc_lock
                0x0000000008004300        0xc /Applications/STM32CubeIDE.app/Contents/Eclipse/plugins/com.st.stm32cube.ide.mcu.externaltools.gnu-tools-for-stm32.10.3-2021.10.macos64_1.0.100.202210260954/tools/bin/../lib/gcc/arm-none-eabi/10.3.1/../../../../arm-none-eabi/lib/thumb/v7-m/nofp/libc_nano.a(lib_a-mlock.o)
                0x0000000008004300                __malloc_lock
 .text.__malloc_unlock
                0x000000000800430c        0xc /Applications/STM32CubeIDE.app/Contents/Eclipse/plugins/com.st.stm32cube.ide.mcu.externaltools.gnu-tools-for-stm32.10.3-2021.10.macos64_1.0.100.202210260954/tools/bin/../lib/gcc/arm-none-eabi/10.3.1/../../../../arm-none-eabi/lib/thumb/v7-m/nofp/libc_nano.a(lib_a-mlock.o)
                0x000000000800430c                __malloc_unlock
 .text._malloc_usable_size_r
                0x0000000008004318       0x10 /Applications/STM32CubeIDE.app/Contents/Eclipse/plugins/com.st.stm32cube.ide.mcu.externaltools.gnu-tools-for-stm32.10.3-2021.10.macos64_1.0.100.202210260954/tools/bin/../lib/gcc/arm-none-eabi/10.3.1/../../../../arm-none-eabi/lib/thumb/v7-m/nofp/libc_nano.a(lib_a-nano-msizer.o)
                0x0000000008004318                _malloc_usable_size_r
 .text.__retarget_lock_acquire_recursive
                0x0000000008004328        0x2 /Applications/STM32CubeIDE.app/Contents/Eclipse/plugins/com.st.stm32cube.ide.mcu.externaltools.gnu-tools-for-stm32.10.3-2021.10.macos64_1.0.100.202210260954/tools/bin/../lib/gcc/arm-none-eabi/10.3.1/../../../../arm-none-eabi/lib/thumb/v7-m/nofp/libc_nano.a(lib_a-lock.o)
                0x0000000008004328                __retarget_lock_acquire_recursive
 .text.__retarget_lock_release_recursive
                0x000000000800432a        0x2 /Applications/STM32CubeIDE.app/Contents/Eclipse/plugins/com.st.stm32cube.ide.mcu.externaltools.gnu-tools-for-stm32.10.3-2021.10.macos64_1.0.100.202210260954/tools/bin/../lib/gcc/arm-none-eabi/10.3.1/../../../../arm-none-eabi/lib/thumb/v7-m/nofp/libc_nano.a(lib_a-lock.o)
                0x000000000800432a                __retarget_lock_release_recursive
 *(.glue_7)
 .glue_7        0x000000000800432c        0x0 linker stubs
 *(.glue_7t)
 .glue_7t       0x000000000800432c        0x0 linker stubs
 *(.eh_frame)
 .eh_frame      0x000000000800432c        0x0 /Applications/STM32CubeIDE.app/Contents/Eclipse/plugins/com.st.stm32cube.ide.mcu.externaltools.gnu-tools-for-stm32.10.3-2021.10.macos64_1.0.100.202210260954/tools/bin/../lib/gcc/arm-none-eabi/10.3.1/thumb/v7-m/nofp/crtbegin.o
 *(.init)
 .init          0x000000000800432c        0x4 /Applications/STM32CubeIDE.app/Contents/Eclipse/plugins/com.st.stm32cube.ide.mcu.externaltools.gnu-tools-for-stm32.10.3-2021.10.macos64_1.0.100.202210260954/tools/bin/../lib/gcc/arm-none-eabi/10.3.1/thumb/v7-m/nofp/crti.o
                0x000000000800432c                _init
 .init          0x0000000008004330        0x8 /Applications/STM32CubeIDE.app/Contents/Eclipse/plugins/com.st.stm32cube.ide.mcu.externaltools.gnu-tools-for-stm32.10.3-2021.10.macos64_1.0.100.202210260954/tools/bin/../lib/gcc/arm-none-eabi/10.3.1/thumb/v7-m/nofp/crtn.o
 *(.fini)
 .fini          0x0000000008004338        0x4 /Applications/STM32CubeIDE.app/Contents/Eclipse/plugins/com.st.stm32cube.ide.mcu.externaltools.gnu-tools-for-stm32.10.3-2021.10.macos64_1.0.100.202210260954/tools/bin/../lib/gcc/arm-none-eabi/10.3.1/thumb/v7-m/nofp/crti.o
                0x0000000008004338                _fini
 .fini          0x000000000800433c        0x8 /Applications/STM32CubeIDE.app/Contents/Eclipse/plugins/com.st.stm32cube.ide.mcu.externaltools.gnu-tools-for-stm32.10.3-2021.10.macos64_1.0.100.202210260954/tools/bin/../lib/gcc/arm-none-eabi/10.3.1/thumb/v7-m/nofp/crtn.o
                0x0000000008004344                . = ALIGN (0x4)
                0x0000000008004344                _etext = .

.vfp11_veneer   0x0000000008004344        0x0
 .vfp11_veneer  0x0000000008004344        0x0 linker stubs

.v4_bx          0x0000000008004344        0x0
 .v4_bx         0x0000000008004344        0x0 linker stubs

.iplt           0x0000000008004344        0x0
 .iplt          0x0000000008004344        0x0 /Applications/STM32CubeIDE.app/Contents/Eclipse/plugins/com.st.stm32cube.ide.mcu.externaltools.gnu-tools-for-stm32.10.3-2021.10.macos64_1.0.100.202210260954/tools/bin/../lib/gcc/arm-none-eabi/10.3.1/thumb/v7-m/nofp/crtbegin.o

.rodata         0x0000000008004344       0x68
                0x0000000008004344                . = ALIGN (0x4)
 *(.rodata)
 .rodata        0x0000000008004344        0xc ./Core/Src/uart_communication.o
 .rodata        0x0000000008004350       0x10 ./Drivers/STM32F1xx_HAL_Driver/Src/stm32f1xx_hal_rcc.o
 *(.rodata*)
 .rodata.AHBPrescTable
                0x0000000008004360       0x10 ./Core/Src/system_stm32f1xx.o
                0x0000000008004360                AHBPrescTable
 .rodata.APBPrescTable
                0x0000000008004370        0x8 ./Core/Src/system_stm32f1xx.o
                0x0000000008004370                APBPrescTable
 .rodata._svfprintf_r.str1.1
                0x0000000008004378       0x11 /Applications/STM32CubeIDE.app/Contents/Eclipse/plugins/com.st.stm32cube.ide.mcu.externaltools.gnu-tools-for-stm32.10.3-2021.10.macos64_1.0.100.202210260954/tools/bin/../lib/gcc/arm-none-eabi/10.3.1/../../../../arm-none-eabi/lib/thumb/v7-m/nofp/libc_nano.a(lib_a-nano-svfprintf.o)
 .rodata._printf_i.str1.1
                0x0000000008004389       0x22 /Applications/STM32CubeIDE.app/Contents/Eclipse/plugins/com.st.stm32cube.ide.mcu.externaltools.gnu-tools-for-stm32.10.3-2021.10.macos64_1.0.100.202210260954/tools/bin/../lib/gcc/arm-none-eabi/10.3.1/../../../../arm-none-eabi/lib/thumb/v7-m/nofp/libc_nano.a(lib_a-nano-vfprintf_i.o)
                0x00000000080043ac                . = ALIGN (0x4)
 *fill*         0x00000000080043ab        0x1 

.rel.dyn        0x00000000080043ac        0x0
 .rel.iplt      0x00000000080043ac        0x0 /Applications/STM32CubeIDE.app/Contents/Eclipse/plugins/com.st.stm32cube.ide.mcu.externaltools.gnu-tools-for-stm32.10.3-2021.10.macos64_1.0.100.202210260954/tools/bin/../lib/gcc/arm-none-eabi/10.3.1/thumb/v7-m/nofp/crtbegin.o

.ARM.extab      0x00000000080043ac        0x0
                0x00000000080043ac                . = ALIGN (0x4)
 *(.ARM.extab* .gnu.linkonce.armextab.*)
                0x00000000080043ac                . = ALIGN (0x4)

.ARM            0x00000000080043ac        0x0
                0x00000000080043ac                . = ALIGN (0x4)
                0x00000000080043ac                __exidx_start = .
 *(.ARM.exidx*)
                0x00000000080043ac                __exidx_end = .
                0x00000000080043ac                . = ALIGN (0x4)

.preinit_array  0x00000000080043ac        0x0
                0x00000000080043ac                . = ALIGN (0x4)
                0x00000000080043ac                PROVIDE (__preinit_array_start = .)
 *(.preinit_array*)
                0x00000000080043ac                PROVIDE (__preinit_array_end = .)
                0x00000000080043ac                . = ALIGN (0x4)

.init_array     0x00000000080043ac        0x4
                0x00000000080043ac                . = ALIGN (0x4)
                0x00000000080043ac                PROVIDE (__init_array_start = .)
 *(SORT_BY_NAME(.init_array.*))
 *(.init_array*)
 .init_array    0x00000000080043ac        0x4 /Applications/STM32CubeIDE.app/Contents/Eclipse/plugins/com.st.stm32cube.ide.mcu.externaltools.gnu-tools-for-stm32.10.3-2021.10.macos64_1.0.100.202210260954/tools/bin/../lib/gcc/arm-none-eabi/10.3.1/thumb/v7-m/nofp/crtbegin.o
                0x00000000080043b0                PROVIDE (__init_array_end = .)
                0x00000000080043b0                . = ALIGN (0x4)

.fini_array     0x00000000080043b0        0x4
                0x00000000080043b0                . = ALIGN (0x4)
                [!provide]                        PROVIDE (__fini_array_start = .)
 *(SORT_BY_NAME(.fini_array.*))
 *(.fini_array*)
 .fini_array    0x00000000080043b0        0x4 /Applications/STM32CubeIDE.app/Contents/Eclipse/plugins/com.st.stm32cube.ide.mcu.externaltools.gnu-tools-for-stm32.10.3-2021.10.macos64_1.0.100.202210260954/tools/bin/../lib/gcc/arm-none-eabi/10.3.1/thumb/v7-m/nofp/crtbegin.o
                [!provide]                        PROVIDE (__fini_array_end = .)
                0x00000000080043b4                . = ALIGN (0x4)
                0x00000000080043b4                _sidata = LOADADDR (.data)

.data           0x0000000020000000      0x390 load address 0x00000000080043b4
                0x0000000020000000                . = ALIGN (0x4)
                0x0000000020000000                _sdata = .
 *(.data)
 *(.data*)
 .data.music1   0x0000000020000000      0x138 ./Core/Src/buzzer_interfacing.o
                0x0000000020000000                music1
 .data.music2   0x0000000020000138      0x18c ./Core/Src/buzzer_interfacing.o
                0x0000000020000138                music2
 .data.redTime  0x00000000200002c4        0x4 ./Core/Src/global.o
                0x00000000200002c4                redTime
 .data.yelTime  0x00000000200002c8        0x4 ./Core/Src/global.o
                0x00000000200002c8                yelTime
 .data.grnTime  0x00000000200002cc        0x4 ./Core/Src/global.o
                0x00000000200002cc                grnTime
 .data.auto_mode
                0x00000000200002d0        0x4 ./Core/Src/global.o
                0x00000000200002d0                auto_mode
 .data.buttonPort
                0x00000000200002d4       0x10 ./Core/Src/input_reading.o
                0x00000000200002d4                buttonPort
 .data.buttonPin
                0x00000000200002e4        0x8 ./Core/Src/input_reading.o
                0x00000000200002e4                buttonPin
 .data.buttonBuffer
                0x00000000200002ec        0x4 ./Core/Src/input_reading.o
 .data.debounceButtonBuffer0
                0x00000000200002f0        0x4 ./Core/Src/input_reading.o
 .data.debounceButtonBuffer1
                0x00000000200002f4        0x4 ./Core/Src/input_reading.o
 .data.debounceButtonBuffer2
                0x00000000200002f8        0x4 ./Core/Src/input_reading.o
 .data.pedestrianLightPort
                0x00000000200002fc        0x8 ./Core/Src/pedestrian_light_processing.o
                0x00000000200002fc                pedestrianLightPort
 .data.pedestrianLightPin
                0x0000000020000304        0x4 ./Core/Src/pedestrian_light_processing.o
                0x0000000020000304                pedestrianLightPin
 .data.SystemCoreClock
                0x0000000020000308        0x4 ./Core/Src/system_stm32f1xx.o
                0x0000000020000308                SystemCoreClock
 .data.trafficLightPort
                0x000000002000030c       0x10 ./Core/Src/traffic_light_processing.o
                0x000000002000030c                trafficLightPort
 .data.trafficLightPin
                0x000000002000031c        0x8 ./Core/Src/traffic_light_processing.o
                0x000000002000031c                trafficLightPin
 .data.uwTickPrio
                0x0000000020000324        0x4 ./Drivers/STM32F1xx_HAL_Driver/Src/stm32f1xx_hal.o
                0x0000000020000324                uwTickPrio
 .data.uwTickFreq
                0x0000000020000328        0x1 ./Drivers/STM32F1xx_HAL_Driver/Src/stm32f1xx_hal.o
                0x0000000020000328                uwTickFreq
 *fill*         0x0000000020000329        0x3 
 .data._impure_ptr
                0x000000002000032c        0x4 /Applications/STM32CubeIDE.app/Contents/Eclipse/plugins/com.st.stm32cube.ide.mcu.externaltools.gnu-tools-for-stm32.10.3-2021.10.macos64_1.0.100.202210260954/tools/bin/../lib/gcc/arm-none-eabi/10.3.1/../../../../arm-none-eabi/lib/thumb/v7-m/nofp/libc_nano.a(lib_a-impure.o)
                0x000000002000032c                _impure_ptr
 .data.impure_data
                0x0000000020000330       0x60 /Applications/STM32CubeIDE.app/Contents/Eclipse/plugins/com.st.stm32cube.ide.mcu.externaltools.gnu-tools-for-stm32.10.3-2021.10.macos64_1.0.100.202210260954/tools/bin/../lib/gcc/arm-none-eabi/10.3.1/../../../../arm-none-eabi/lib/thumb/v7-m/nofp/libc_nano.a(lib_a-impure.o)
 *(.RamFunc)
 *(.RamFunc*)
                0x0000000020000390                . = ALIGN (0x4)
                0x0000000020000390                _edata = .

.igot.plt       0x0000000020000390        0x0 load address 0x0000000008004744
 .igot.plt      0x0000000020000390        0x0 /Applications/STM32CubeIDE.app/Contents/Eclipse/plugins/com.st.stm32cube.ide.mcu.externaltools.gnu-tools-for-stm32.10.3-2021.10.macos64_1.0.100.202210260954/tools/bin/../lib/gcc/arm-none-eabi/10.3.1/thumb/v7-m/nofp/crtbegin.o
                0x0000000020000390                . = ALIGN (0x4)

.bss            0x0000000020000390      0x470 load address 0x0000000008004744
                0x0000000020000390                _sbss = .
                0x0000000020000390                __bss_start__ = _sbss
 *(.bss)
 .bss           0x0000000020000390       0x1c /Applications/STM32CubeIDE.app/Contents/Eclipse/plugins/com.st.stm32cube.ide.mcu.externaltools.gnu-tools-for-stm32.10.3-2021.10.macos64_1.0.100.202210260954/tools/bin/../lib/gcc/arm-none-eabi/10.3.1/thumb/v7-m/nofp/crtbegin.o
 *(.bss*)
 .bss.grnBuzzerCounter
                0x00000000200003ac        0x4 ./Core/Src/buzzer_interfacing.o
                0x00000000200003ac                grnBuzzerCounter
 .bss.redBuzzerCounter
                0x00000000200003b0        0x4 ./Core/Src/buzzer_interfacing.o
                0x00000000200003b0                redBuzzerCounter
 .bss.newGrnTime
                0x00000000200003b4        0x4 ./Core/Src/fsm_for_multi_mode.o
                0x00000000200003b4                newGrnTime
 .bss.newYelTime
                0x00000000200003b8        0x4 ./Core/Src/fsm_for_multi_mode.o
                0x00000000200003b8                newYelTime
 .bss.timeOut   0x00000000200003bc        0x4 ./Core/Src/fsm_for_pedestrian.o
                0x00000000200003bc                timeOut
 .bss.sysStatus
                0x00000000200003c0        0x1 ./Core/Src/global.o
                0x00000000200003c0                sysStatus
 .bss.pedestrianStatus
                0x00000000200003c1        0x1 ./Core/Src/global.o
                0x00000000200003c1                pedestrianStatus
 *fill*         0x00000000200003c2        0x2 
 .bss.countdown
                0x00000000200003c4        0x4 ./Core/Src/global.o
                0x00000000200003c4                countdown
 .bss.flagForButtonPressed
                0x00000000200003c8        0x4 ./Core/Src/input_reading.o
 .bss.flagForButtonHold
                0x00000000200003cc        0x4 ./Core/Src/input_reading.o
 .bss.counterForButtonHold
                0x00000000200003d0        0x8 ./Core/Src/input_reading.o
 .bss.SCH_tasks_G
                0x00000000200003d8      0x320 ./Core/Src/sched.o
                0x00000000200003d8                SCH_tasks_G
 .bss.Size      0x00000000200006f8        0x4 ./Core/Src/sched.o
                0x00000000200006f8                Size
 .bss.timer1    0x00000000200006fc        0x8 ./Core/Src/software_timer.o
                0x00000000200006fc                timer1
 .bss.timer2    0x0000000020000704        0x8 ./Core/Src/software_timer.o
                0x0000000020000704                timer2
 .bss.timer3    0x000000002000070c        0x8 ./Core/Src/software_timer.o
                0x000000002000070c                timer3
 .bss.__sbrk_heap_end
                0x0000000020000714        0x4 ./Core/Src/sysmem.o
 .bss.htim2     0x0000000020000718       0x48 ./Core/Src/tim.o
                0x0000000020000718                htim2
 .bss.htim3     0x0000000020000760       0x48 ./Core/Src/tim.o
                0x0000000020000760                htim3
 .bss.huart2    0x00000000200007a8       0x44 ./Core/Src/usart.o
                0x00000000200007a8                huart2
 .bss.uwTick    0x00000000200007ec        0x4 ./Drivers/STM32F1xx_HAL_Driver/Src/stm32f1xx_hal.o
                0x00000000200007ec                uwTick
 .bss.__malloc_free_list
                0x00000000200007f0        0x4 /Applications/STM32CubeIDE.app/Contents/Eclipse/plugins/com.st.stm32cube.ide.mcu.externaltools.gnu-tools-for-stm32.10.3-2021.10.macos64_1.0.100.202210260954/tools/bin/../lib/gcc/arm-none-eabi/10.3.1/../../../../arm-none-eabi/lib/thumb/v7-m/nofp/libc_nano.a(lib_a-nano-mallocr.o)
                0x00000000200007f0                __malloc_free_list
 .bss.__malloc_sbrk_start
                0x00000000200007f4        0x4 /Applications/STM32CubeIDE.app/Contents/Eclipse/plugins/com.st.stm32cube.ide.mcu.externaltools.gnu-tools-for-stm32.10.3-2021.10.macos64_1.0.100.202210260954/tools/bin/../lib/gcc/arm-none-eabi/10.3.1/../../../../arm-none-eabi/lib/thumb/v7-m/nofp/libc_nano.a(lib_a-nano-mallocr.o)
                0x00000000200007f4                __malloc_sbrk_start
 .bss.errno     0x00000000200007f8        0x4 /Applications/STM32CubeIDE.app/Contents/Eclipse/plugins/com.st.stm32cube.ide.mcu.externaltools.gnu-tools-for-stm32.10.3-2021.10.macos64_1.0.100.202210260954/tools/bin/../lib/gcc/arm-none-eabi/10.3.1/../../../../arm-none-eabi/lib/thumb/v7-m/nofp/libc_nano.a(lib_a-reent.o)
                0x00000000200007f8                errno
 .bss.__lock___malloc_recursive_mutex
                0x00000000200007fc        0x1 /Applications/STM32CubeIDE.app/Contents/Eclipse/plugins/com.st.stm32cube.ide.mcu.externaltools.gnu-tools-for-stm32.10.3-2021.10.macos64_1.0.100.202210260954/tools/bin/../lib/gcc/arm-none-eabi/10.3.1/../../../../arm-none-eabi/lib/thumb/v7-m/nofp/libc_nano.a(lib_a-lock.o)
                0x00000000200007fc                __lock___malloc_recursive_mutex
 *(COMMON)
                0x0000000020000800                . = ALIGN (0x4)
 *fill*         0x00000000200007fd        0x3 
                0x0000000020000800                _ebss = .
                0x0000000020000800                __bss_end__ = _ebss

._user_heap_stack
                0x0000000020000800      0x600 load address 0x0000000008004744
                0x0000000020000800                . = ALIGN (0x8)
                [!provide]                        PROVIDE (end = .)
                0x0000000020000800                PROVIDE (_end = .)
                0x0000000020000a00                . = (. + _Min_Heap_Size)
 *fill*         0x0000000020000800      0x200 
                0x0000000020000e00                . = (. + _Min_Stack_Size)
 *fill*         0x0000000020000a00      0x400 
                0x0000000020000e00                . = ALIGN (0x8)

/DISCARD/
 libc.a(*)
 libm.a(*)
 libgcc.a(*)

.ARM.attributes
                0x0000000000000000       0x29
 *(.ARM.attributes)
 .ARM.attributes
                0x0000000000000000       0x1d /Applications/STM32CubeIDE.app/Contents/Eclipse/plugins/com.st.stm32cube.ide.mcu.externaltools.gnu-tools-for-stm32.10.3-2021.10.macos64_1.0.100.202210260954/tools/bin/../lib/gcc/arm-none-eabi/10.3.1/thumb/v7-m/nofp/crti.o
 .ARM.attributes
                0x000000000000001d       0x2d /Applications/STM32CubeIDE.app/Contents/Eclipse/plugins/com.st.stm32cube.ide.mcu.externaltools.gnu-tools-for-stm32.10.3-2021.10.macos64_1.0.100.202210260954/tools/bin/../lib/gcc/arm-none-eabi/10.3.1/thumb/v7-m/nofp/crtbegin.o
 .ARM.attributes
                0x000000000000004a       0x2d ./Core/Src/buzzer_interfacing.o
 .ARM.attributes
                0x0000000000000077       0x2d ./Core/Src/fsm_for_multi_mode.o
 .ARM.attributes
                0x00000000000000a4       0x2d ./Core/Src/fsm_for_pedestrian.o
 .ARM.attributes
                0x00000000000000d1       0x2d ./Core/Src/global.o
 .ARM.attributes
                0x00000000000000fe       0x2d ./Core/Src/gpio.o
 .ARM.attributes
                0x000000000000012b       0x2d ./Core/Src/input_reading.o
 .ARM.attributes
                0x0000000000000158       0x2d ./Core/Src/main.o
 .ARM.attributes
                0x0000000000000185       0x2d ./Core/Src/pedestrian_light_processing.o
 .ARM.attributes
                0x00000000000001b2       0x2d ./Core/Src/sched.o
 .ARM.attributes
                0x00000000000001df       0x2d ./Core/Src/software_timer.o
 .ARM.attributes
                0x000000000000020c       0x2d ./Core/Src/stm32f1xx_hal_msp.o
 .ARM.attributes
                0x0000000000000239       0x2d ./Core/Src/stm32f1xx_it.o
 .ARM.attributes
                0x0000000000000266       0x2d ./Core/Src/sysmem.o
 .ARM.attributes
                0x0000000000000293       0x2d ./Core/Src/system_stm32f1xx.o
 .ARM.attributes
                0x00000000000002c0       0x2d ./Core/Src/tim.o
 .ARM.attributes
                0x00000000000002ed       0x2d ./Core/Src/traffic_light_processing.o
 .ARM.attributes
                0x000000000000031a       0x2d ./Core/Src/uart_communication.o
 .ARM.attributes
                0x0000000000000347       0x2d ./Core/Src/usart.o
 .ARM.attributes
                0x0000000000000374       0x21 ./Core/Startup/startup_stm32f103rbtx.o
 .ARM.attributes
                0x0000000000000395       0x2d ./Drivers/STM32F1xx_HAL_Driver/Src/stm32f1xx_hal.o
 .ARM.attributes
                0x00000000000003c2       0x2d ./Drivers/STM32F1xx_HAL_Driver/Src/stm32f1xx_hal_cortex.o
 .ARM.attributes
                0x00000000000003ef       0x2d ./Drivers/STM32F1xx_HAL_Driver/Src/stm32f1xx_hal_gpio.o
 .ARM.attributes
                0x000000000000041c       0x2d ./Drivers/STM32F1xx_HAL_Driver/Src/stm32f1xx_hal_rcc.o
 .ARM.attributes
                0x0000000000000449       0x2d ./Drivers/STM32F1xx_HAL_Driver/Src/stm32f1xx_hal_tim.o
 .ARM.attributes
                0x0000000000000476       0x2d ./Drivers/STM32F1xx_HAL_Driver/Src/stm32f1xx_hal_tim_ex.o
 .ARM.attributes
                0x00000000000004a3       0x2d ./Drivers/STM32F1xx_HAL_Driver/Src/stm32f1xx_hal_uart.o
 .ARM.attributes
                0x00000000000004d0       0x2d /Applications/STM32CubeIDE.app/Contents/Eclipse/plugins/com.st.stm32cube.ide.mcu.externaltools.gnu-tools-for-stm32.10.3-2021.10.macos64_1.0.100.202210260954/tools/bin/../lib/gcc/arm-none-eabi/10.3.1/../../../../arm-none-eabi/lib/thumb/v7-m/nofp/libc_nano.a(lib_a-errno.o)
 .ARM.attributes
                0x00000000000004fd       0x2d /Applications/STM32CubeIDE.app/Contents/Eclipse/plugins/com.st.stm32cube.ide.mcu.externaltools.gnu-tools-for-stm32.10.3-2021.10.macos64_1.0.100.202210260954/tools/bin/../lib/gcc/arm-none-eabi/10.3.1/../../../../arm-none-eabi/lib/thumb/v7-m/nofp/libc_nano.a(lib_a-impure.o)
 .ARM.attributes
                0x000000000000052a       0x2d /Applications/STM32CubeIDE.app/Contents/Eclipse/plugins/com.st.stm32cube.ide.mcu.externaltools.gnu-tools-for-stm32.10.3-2021.10.macos64_1.0.100.202210260954/tools/bin/../lib/gcc/arm-none-eabi/10.3.1/../../../../arm-none-eabi/lib/thumb/v7-m/nofp/libc_nano.a(lib_a-init.o)
 .ARM.attributes
                0x0000000000000557       0x2d /Applications/STM32CubeIDE.app/Contents/Eclipse/plugins/com.st.stm32cube.ide.mcu.externaltools.gnu-tools-for-stm32.10.3-2021.10.macos64_1.0.100.202210260954/tools/bin/../lib/gcc/arm-none-eabi/10.3.1/../../../../arm-none-eabi/lib/thumb/v7-m/nofp/libc_nano.a(lib_a-memset.o)
 .ARM.attributes
                0x0000000000000584       0x2d /Applications/STM32CubeIDE.app/Contents/Eclipse/plugins/com.st.stm32cube.ide.mcu.externaltools.gnu-tools-for-stm32.10.3-2021.10.macos64_1.0.100.202210260954/tools/bin/../lib/gcc/arm-none-eabi/10.3.1/../../../../arm-none-eabi/lib/thumb/v7-m/nofp/libc_nano.a(lib_a-sprintf.o)
 .ARM.attributes
                0x00000000000005b1       0x2d /Applications/STM32CubeIDE.app/Contents/Eclipse/plugins/com.st.stm32cube.ide.mcu.externaltools.gnu-tools-for-stm32.10.3-2021.10.macos64_1.0.100.202210260954/tools/bin/../lib/gcc/arm-none-eabi/10.3.1/../../../../arm-none-eabi/lib/thumb/v7-m/nofp/libc_nano.a(lib_a-nano-svfprintf.o)
 .ARM.attributes
                0x00000000000005de       0x2d /Applications/STM32CubeIDE.app/Contents/Eclipse/plugins/com.st.stm32cube.ide.mcu.externaltools.gnu-tools-for-stm32.10.3-2021.10.macos64_1.0.100.202210260954/tools/bin/../lib/gcc/arm-none-eabi/10.3.1/../../../../arm-none-eabi/lib/thumb/v7-m/nofp/libc_nano.a(lib_a-nano-vfprintf_i.o)
 .ARM.attributes
                0x000000000000060b       0x2d /Applications/STM32CubeIDE.app/Contents/Eclipse/plugins/com.st.stm32cube.ide.mcu.externaltools.gnu-tools-for-stm32.10.3-2021.10.macos64_1.0.100.202210260954/tools/bin/../lib/gcc/arm-none-eabi/10.3.1/../../../../arm-none-eabi/lib/thumb/v7-m/nofp/libc_nano.a(lib_a-memchr-stub.o)
 .ARM.attributes
                0x0000000000000638       0x2d /Applications/STM32CubeIDE.app/Contents/Eclipse/plugins/com.st.stm32cube.ide.mcu.externaltools.gnu-tools-for-stm32.10.3-2021.10.macos64_1.0.100.202210260954/tools/bin/../lib/gcc/arm-none-eabi/10.3.1/../../../../arm-none-eabi/lib/thumb/v7-m/nofp/libc_nano.a(lib_a-memcpy-stub.o)
 .ARM.attributes
                0x0000000000000665       0x2d /Applications/STM32CubeIDE.app/Contents/Eclipse/plugins/com.st.stm32cube.ide.mcu.externaltools.gnu-tools-for-stm32.10.3-2021.10.macos64_1.0.100.202210260954/tools/bin/../lib/gcc/arm-none-eabi/10.3.1/../../../../arm-none-eabi/lib/thumb/v7-m/nofp/libc_nano.a(lib_a-memmove.o)
 .ARM.attributes
                0x0000000000000692       0x2d /Applications/STM32CubeIDE.app/Contents/Eclipse/plugins/com.st.stm32cube.ide.mcu.externaltools.gnu-tools-for-stm32.10.3-2021.10.macos64_1.0.100.202210260954/tools/bin/../lib/gcc/arm-none-eabi/10.3.1/../../../../arm-none-eabi/lib/thumb/v7-m/nofp/libc_nano.a(lib_a-nano-freer.o)
 .ARM.attributes
                0x00000000000006bf       0x2d /Applications/STM32CubeIDE.app/Contents/Eclipse/plugins/com.st.stm32cube.ide.mcu.externaltools.gnu-tools-for-stm32.10.3-2021.10.macos64_1.0.100.202210260954/tools/bin/../lib/gcc/arm-none-eabi/10.3.1/../../../../arm-none-eabi/lib/thumb/v7-m/nofp/libc_nano.a(lib_a-nano-mallocr.o)
 .ARM.attributes
                0x00000000000006ec       0x2d /Applications/STM32CubeIDE.app/Contents/Eclipse/plugins/com.st.stm32cube.ide.mcu.externaltools.gnu-tools-for-stm32.10.3-2021.10.macos64_1.0.100.202210260954/tools/bin/../lib/gcc/arm-none-eabi/10.3.1/../../../../arm-none-eabi/lib/thumb/v7-m/nofp/libc_nano.a(lib_a-nano-reallocr.o)
 .ARM.attributes
                0x0000000000000719       0x2d /Applications/STM32CubeIDE.app/Contents/Eclipse/plugins/com.st.stm32cube.ide.mcu.externaltools.gnu-tools-for-stm32.10.3-2021.10.macos64_1.0.100.202210260954/tools/bin/../lib/gcc/arm-none-eabi/10.3.1/../../../../arm-none-eabi/lib/thumb/v7-m/nofp/libc_nano.a(lib_a-sbrkr.o)
 .ARM.attributes
                0x0000000000000746       0x2d /Applications/STM32CubeIDE.app/Contents/Eclipse/plugins/com.st.stm32cube.ide.mcu.externaltools.gnu-tools-for-stm32.10.3-2021.10.macos64_1.0.100.202210260954/tools/bin/../lib/gcc/arm-none-eabi/10.3.1/../../../../arm-none-eabi/lib/thumb/v7-m/nofp/libc_nano.a(lib_a-mlock.o)
 .ARM.attributes
                0x0000000000000773       0x2d /Applications/STM32CubeIDE.app/Contents/Eclipse/plugins/com.st.stm32cube.ide.mcu.externaltools.gnu-tools-for-stm32.10.3-2021.10.macos64_1.0.100.202210260954/tools/bin/../lib/gcc/arm-none-eabi/10.3.1/../../../../arm-none-eabi/lib/thumb/v7-m/nofp/libc_nano.a(lib_a-nano-msizer.o)
 .ARM.attributes
                0x00000000000007a0       0x2d /Applications/STM32CubeIDE.app/Contents/Eclipse/plugins/com.st.stm32cube.ide.mcu.externaltools.gnu-tools-for-stm32.10.3-2021.10.macos64_1.0.100.202210260954/tools/bin/../lib/gcc/arm-none-eabi/10.3.1/../../../../arm-none-eabi/lib/thumb/v7-m/nofp/libc_nano.a(lib_a-reent.o)
 .ARM.attributes
                0x00000000000007cd       0x2d /Applications/STM32CubeIDE.app/Contents/Eclipse/plugins/com.st.stm32cube.ide.mcu.externaltools.gnu-tools-for-stm32.10.3-2021.10.macos64_1.0.100.202210260954/tools/bin/../lib/gcc/arm-none-eabi/10.3.1/../../../../arm-none-eabi/lib/thumb/v7-m/nofp/libc_nano.a(lib_a-lock.o)
 .ARM.attributes
                0x00000000000007fa       0x1d /Applications/STM32CubeIDE.app/Contents/Eclipse/plugins/com.st.stm32cube.ide.mcu.externaltools.gnu-tools-for-stm32.10.3-2021.10.macos64_1.0.100.202210260954/tools/bin/../lib/gcc/arm-none-eabi/10.3.1/thumb/v7-m/nofp/crtn.o
OUTPUT(4_Way_Traffic_Light.elf elf32-littlearm)
LOAD linker stubs
LOAD /Applications/STM32CubeIDE.app/Contents/Eclipse/plugins/com.st.stm32cube.ide.mcu.externaltools.gnu-tools-for-stm32.10.3-2021.10.macos64_1.0.100.202210260954/tools/bin/../lib/gcc/arm-none-eabi/10.3.1/../../../../arm-none-eabi/lib/thumb/v7-m/nofp/libc.a
LOAD /Applications/STM32CubeIDE.app/Contents/Eclipse/plugins/com.st.stm32cube.ide.mcu.externaltools.gnu-tools-for-stm32.10.3-2021.10.macos64_1.0.100.202210260954/tools/bin/../lib/gcc/arm-none-eabi/10.3.1/../../../../arm-none-eabi/lib/thumb/v7-m/nofp/libm.a
LOAD /Applications/STM32CubeIDE.app/Contents/Eclipse/plugins/com.st.stm32cube.ide.mcu.externaltools.gnu-tools-for-stm32.10.3-2021.10.macos64_1.0.100.202210260954/tools/bin/../lib/gcc/arm-none-eabi/10.3.1/thumb/v7-m/nofp/libgcc.a

.debug_info     0x0000000000000000     0xc3b8
 .debug_info    0x0000000000000000      0x730 ./Core/Src/buzzer_interfacing.o
 .debug_info    0x0000000000000730      0x214 ./Core/Src/fsm_for_multi_mode.o
 .debug_info    0x0000000000000944      0x203 ./Core/Src/fsm_for_pedestrian.o
 .debug_info    0x0000000000000b47      0x19e ./Core/Src/global.o
 .debug_info    0x0000000000000ce5      0x48e ./Core/Src/gpio.o
 .debug_info    0x0000000000001173      0x2ed ./Core/Src/input_reading.o
 .debug_info    0x0000000000001460      0x97a ./Core/Src/main.o
 .debug_info    0x0000000000001dda      0x22b ./Core/Src/pedestrian_light_processing.o
 .debug_info    0x0000000000002005      0x26c ./Core/Src/sched.o
 .debug_info    0x0000000000002271      0x160 ./Core/Src/software_timer.o
 .debug_info    0x00000000000023d1      0x210 ./Core/Src/stm32f1xx_hal_msp.o
 .debug_info    0x00000000000025e1      0x726 ./Core/Src/stm32f1xx_it.o
 .debug_info    0x0000000000002d07      0x171 ./Core/Src/sysmem.o
 .debug_info    0x0000000000002e78      0x23d ./Core/Src/system_stm32f1xx.o
 .debug_info    0x00000000000030b5      0xc7d ./Core/Src/tim.o
 .debug_info    0x0000000000003d32      0x2e3 ./Core/Src/traffic_light_processing.o
 .debug_info    0x0000000000004015      0x60d ./Core/Src/uart_communication.o
 .debug_info    0x0000000000004622      0x7e2 ./Core/Src/usart.o
 .debug_info    0x0000000000004e04       0x22 ./Core/Startup/startup_stm32f103rbtx.o
 .debug_info    0x0000000000004e26      0x734 ./Drivers/STM32F1xx_HAL_Driver/Src/stm32f1xx_hal.o
 .debug_info    0x000000000000555a      0xb20 ./Drivers/STM32F1xx_HAL_Driver/Src/stm32f1xx_hal_cortex.o
 .debug_info    0x000000000000607a      0x615 ./Drivers/STM32F1xx_HAL_Driver/Src/stm32f1xx_hal_gpio.o
 .debug_info    0x000000000000668f      0x860 ./Drivers/STM32F1xx_HAL_Driver/Src/stm32f1xx_hal_rcc.o
 .debug_info    0x0000000000006eef     0x29de ./Drivers/STM32F1xx_HAL_Driver/Src/stm32f1xx_hal_tim.o
 .debug_info    0x00000000000098cd     0x1513 ./Drivers/STM32F1xx_HAL_Driver/Src/stm32f1xx_hal_tim_ex.o
 .debug_info    0x000000000000ade0     0x15d8 ./Drivers/STM32F1xx_HAL_Driver/Src/stm32f1xx_hal_uart.o

.debug_abbrev   0x0000000000000000     0x27ed
 .debug_abbrev  0x0000000000000000      0x1a3 ./Core/Src/buzzer_interfacing.o
 .debug_abbrev  0x00000000000001a3       0xf6 ./Core/Src/fsm_for_multi_mode.o
 .debug_abbrev  0x0000000000000299      0x112 ./Core/Src/fsm_for_pedestrian.o
 .debug_abbrev  0x00000000000003ab       0x7f ./Core/Src/global.o
 .debug_abbrev  0x000000000000042a      0x152 ./Core/Src/gpio.o
 .debug_abbrev  0x000000000000057c      0x15f ./Core/Src/input_reading.o
 .debug_abbrev  0x00000000000006db      0x24c ./Core/Src/main.o
 .debug_abbrev  0x0000000000000927      0x103 ./Core/Src/pedestrian_light_processing.o
 .debug_abbrev  0x0000000000000a2a      0x146 ./Core/Src/sched.o
 .debug_abbrev  0x0000000000000b70       0xd2 ./Core/Src/software_timer.o
 .debug_abbrev  0x0000000000000c42       0xd4 ./Core/Src/stm32f1xx_hal_msp.o
 .debug_abbrev  0x0000000000000d16      0x199 ./Core/Src/stm32f1xx_it.o
 .debug_abbrev  0x0000000000000eaf       0xbb ./Core/Src/sysmem.o
 .debug_abbrev  0x0000000000000f6a      0x13b ./Core/Src/system_stm32f1xx.o
 .debug_abbrev  0x00000000000010a5      0x228 ./Core/Src/tim.o
 .debug_abbrev  0x00000000000012cd      0x130 ./Core/Src/traffic_light_processing.o
 .debug_abbrev  0x00000000000013fd      0x18b ./Core/Src/uart_communication.o
 .debug_abbrev  0x0000000000001588      0x1ce ./Core/Src/usart.o
 .debug_abbrev  0x0000000000001756       0x12 ./Core/Startup/startup_stm32f103rbtx.o
 .debug_abbrev  0x0000000000001768      0x1fb ./Drivers/STM32F1xx_HAL_Driver/Src/stm32f1xx_hal.o
 .debug_abbrev  0x0000000000001963      0x2ed ./Drivers/STM32F1xx_HAL_Driver/Src/stm32f1xx_hal_cortex.o
 .debug_abbrev  0x0000000000001c50      0x1bb ./Drivers/STM32F1xx_HAL_Driver/Src/stm32f1xx_hal_gpio.o
 .debug_abbrev  0x0000000000001e0b      0x2a8 ./Drivers/STM32F1xx_HAL_Driver/Src/stm32f1xx_hal_rcc.o
 .debug_abbrev  0x00000000000020b3      0x25d ./Drivers/STM32F1xx_HAL_Driver/Src/stm32f1xx_hal_tim.o
 .debug_abbrev  0x0000000000002310      0x265 ./Drivers/STM32F1xx_HAL_Driver/Src/stm32f1xx_hal_tim_ex.o
 .debug_abbrev  0x0000000000002575      0x278 ./Drivers/STM32F1xx_HAL_Driver/Src/stm32f1xx_hal_uart.o

.debug_aranges  0x0000000000000000      0xda0
 .debug_aranges
                0x0000000000000000       0x30 ./Core/Src/buzzer_interfacing.o
 .debug_aranges
                0x0000000000000030       0x20 ./Core/Src/fsm_for_multi_mode.o
 .debug_aranges
                0x0000000000000050       0x20 ./Core/Src/fsm_for_pedestrian.o
 .debug_aranges
                0x0000000000000070       0x18 ./Core/Src/global.o
 .debug_aranges
                0x0000000000000088       0x20 ./Core/Src/gpio.o
 .debug_aranges
                0x00000000000000a8       0x30 ./Core/Src/input_reading.o
 .debug_aranges
                0x00000000000000d8       0x40 ./Core/Src/main.o
 .debug_aranges
                0x0000000000000118       0x40 ./Core/Src/pedestrian_light_processing.o
 .debug_aranges
                0x0000000000000158       0x40 ./Core/Src/sched.o
 .debug_aranges
                0x0000000000000198       0x28 ./Core/Src/software_timer.o
 .debug_aranges
                0x00000000000001c0       0x20 ./Core/Src/stm32f1xx_hal_msp.o
 .debug_aranges
                0x00000000000001e0       0x70 ./Core/Src/stm32f1xx_it.o
 .debug_aranges
                0x0000000000000250       0x20 ./Core/Src/sysmem.o
 .debug_aranges
                0x0000000000000270       0x28 ./Core/Src/system_stm32f1xx.o
 .debug_aranges
                0x0000000000000298       0x40 ./Core/Src/tim.o
 .debug_aranges
                0x00000000000002d8       0x50 ./Core/Src/traffic_light_processing.o
 .debug_aranges
                0x0000000000000328       0x20 ./Core/Src/uart_communication.o
 .debug_aranges
                0x0000000000000348       0x30 ./Core/Src/usart.o
 .debug_aranges
                0x0000000000000378       0x28 ./Core/Startup/startup_stm32f103rbtx.o
 .debug_aranges
                0x00000000000003a0       0xe0 ./Drivers/STM32F1xx_HAL_Driver/Src/stm32f1xx_hal.o
 .debug_aranges
                0x0000000000000480      0x100 ./Drivers/STM32F1xx_HAL_Driver/Src/stm32f1xx_hal_cortex.o
 .debug_aranges
                0x0000000000000580       0x58 ./Drivers/STM32F1xx_HAL_Driver/Src/stm32f1xx_hal_gpio.o
 .debug_aranges
                0x00000000000005d8       0x90 ./Drivers/STM32F1xx_HAL_Driver/Src/stm32f1xx_hal_rcc.o
 .debug_aranges
                0x0000000000000668      0x3d0 ./Drivers/STM32F1xx_HAL_Driver/Src/stm32f1xx_hal_tim.o
 .debug_aranges
                0x0000000000000a38      0x168 ./Drivers/STM32F1xx_HAL_Driver/Src/stm32f1xx_hal_tim_ex.o
 .debug_aranges
                0x0000000000000ba0      0x200 ./Drivers/STM32F1xx_HAL_Driver/Src/stm32f1xx_hal_uart.o

.debug_ranges   0x0000000000000000      0xc30
 .debug_ranges  0x0000000000000000       0x20 ./Core/Src/buzzer_interfacing.o
 .debug_ranges  0x0000000000000020       0x10 ./Core/Src/fsm_for_multi_mode.o
 .debug_ranges  0x0000000000000030       0x10 ./Core/Src/fsm_for_pedestrian.o
 .debug_ranges  0x0000000000000040       0x10 ./Core/Src/gpio.o
 .debug_ranges  0x0000000000000050       0x20 ./Core/Src/input_reading.o
 .debug_ranges  0x0000000000000070       0x30 ./Core/Src/main.o
 .debug_ranges  0x00000000000000a0       0x30 ./Core/Src/pedestrian_light_processing.o
 .debug_ranges  0x00000000000000d0       0x30 ./Core/Src/sched.o
 .debug_ranges  0x0000000000000100       0x18 ./Core/Src/software_timer.o
 .debug_ranges  0x0000000000000118       0x10 ./Core/Src/stm32f1xx_hal_msp.o
 .debug_ranges  0x0000000000000128       0x60 ./Core/Src/stm32f1xx_it.o
 .debug_ranges  0x0000000000000188       0x10 ./Core/Src/sysmem.o
 .debug_ranges  0x0000000000000198       0x18 ./Core/Src/system_stm32f1xx.o
 .debug_ranges  0x00000000000001b0       0x30 ./Core/Src/tim.o
 .debug_ranges  0x00000000000001e0       0x40 ./Core/Src/traffic_light_processing.o
 .debug_ranges  0x0000000000000220       0x10 ./Core/Src/uart_communication.o
 .debug_ranges  0x0000000000000230       0x20 ./Core/Src/usart.o
 .debug_ranges  0x0000000000000250       0x20 ./Core/Startup/startup_stm32f103rbtx.o
 .debug_ranges  0x0000000000000270       0xd0 ./Drivers/STM32F1xx_HAL_Driver/Src/stm32f1xx_hal.o
 .debug_ranges  0x0000000000000340       0xf0 ./Drivers/STM32F1xx_HAL_Driver/Src/stm32f1xx_hal_cortex.o
 .debug_ranges  0x0000000000000430       0x48 ./Drivers/STM32F1xx_HAL_Driver/Src/stm32f1xx_hal_gpio.o
 .debug_ranges  0x0000000000000478       0x80 ./Drivers/STM32F1xx_HAL_Driver/Src/stm32f1xx_hal_rcc.o
 .debug_ranges  0x00000000000004f8      0x3c0 ./Drivers/STM32F1xx_HAL_Driver/Src/stm32f1xx_hal_tim.o
 .debug_ranges  0x00000000000008b8      0x158 ./Drivers/STM32F1xx_HAL_Driver/Src/stm32f1xx_hal_tim_ex.o
 .debug_ranges  0x0000000000000a10      0x220 ./Drivers/STM32F1xx_HAL_Driver/Src/stm32f1xx_hal_uart.o

.debug_macro    0x0000000000000000    0x1a7c3
 .debug_macro   0x0000000000000000      0x384 ./Core/Src/buzzer_interfacing.o
 .debug_macro   0x0000000000000384      0xa6c ./Core/Src/buzzer_interfacing.o
 .debug_macro   0x0000000000000df0      0x21b ./Core/Src/buzzer_interfacing.o
 .debug_macro   0x000000000000100b       0x2e ./Core/Src/buzzer_interfacing.o
 .debug_macro   0x0000000000001039       0x22 ./Core/Src/buzzer_interfacing.o
 .debug_macro   0x000000000000105b       0x22 ./Core/Src/buzzer_interfacing.o
 .debug_macro   0x000000000000107d       0x8e ./Core/Src/buzzer_interfacing.o
 .debug_macro   0x000000000000110b       0x51 ./Core/Src/buzzer_interfacing.o
 .debug_macro   0x000000000000115c      0x103 ./Core/Src/buzzer_interfacing.o
 .debug_macro   0x000000000000125f       0x6a ./Core/Src/buzzer_interfacing.o
 .debug_macro   0x00000000000012c9      0x1df ./Core/Src/buzzer_interfacing.o
 .debug_macro   0x00000000000014a8       0x1c ./Core/Src/buzzer_interfacing.o
 .debug_macro   0x00000000000014c4       0x22 ./Core/Src/buzzer_interfacing.o
 .debug_macro   0x00000000000014e6       0xbd ./Core/Src/buzzer_interfacing.o
 .debug_macro   0x00000000000015a3      0xd23 ./Core/Src/buzzer_interfacing.o
 .debug_macro   0x00000000000022c6     0xe09e ./Core/Src/buzzer_interfacing.o
 .debug_macro   0x0000000000010364       0x6d ./Core/Src/buzzer_interfacing.o
 .debug_macro   0x00000000000103d1     0x3468 ./Core/Src/buzzer_interfacing.o
 .debug_macro   0x0000000000013839      0x174 ./Core/Src/buzzer_interfacing.o
 .debug_macro   0x00000000000139ad       0x5c ./Core/Src/buzzer_interfacing.o
 .debug_macro   0x0000000000013a09      0x5be ./Core/Src/buzzer_interfacing.o
 .debug_macro   0x0000000000013fc7      0x289 ./Core/Src/buzzer_interfacing.o
 .debug_macro   0x0000000000014250      0x1cb ./Core/Src/buzzer_interfacing.o
 .debug_macro   0x000000000001441b      0x114 ./Core/Src/buzzer_interfacing.o
 .debug_macro   0x000000000001452f      0x1b2 ./Core/Src/buzzer_interfacing.o
 .debug_macro   0x00000000000146e1       0x27 ./Core/Src/buzzer_interfacing.o
 .debug_macro   0x0000000000014708      0x136 ./Core/Src/buzzer_interfacing.o
 .debug_macro   0x000000000001483e      0x1bc ./Core/Src/buzzer_interfacing.o
 .debug_macro   0x00000000000149fa       0x34 ./Core/Src/buzzer_interfacing.o
 .debug_macro   0x0000000000014a2e       0x3c ./Core/Src/buzzer_interfacing.o
 .debug_macro   0x0000000000014a6a       0x57 ./Core/Src/buzzer_interfacing.o
 .debug_macro   0x0000000000014ac1       0x88 ./Core/Src/buzzer_interfacing.o
 .debug_macro   0x0000000000014b49      0x241 ./Core/Src/buzzer_interfacing.o
 .debug_macro   0x0000000000014d8a      0x141 ./Core/Src/buzzer_interfacing.o
 .debug_macro   0x0000000000014ecb      0x8d1 ./Core/Src/buzzer_interfacing.o
 .debug_macro   0x000000000001579c      0x279 ./Core/Src/buzzer_interfacing.o
 .debug_macro   0x0000000000015a15       0x83 ./Core/Src/buzzer_interfacing.o
 .debug_macro   0x0000000000015a98       0xd6 ./Core/Src/buzzer_interfacing.o
 .debug_macro   0x0000000000015b6e       0x34 ./Core/Src/buzzer_interfacing.o
 .debug_macro   0x0000000000015ba2       0x52 ./Core/Src/buzzer_interfacing.o
 .debug_macro   0x0000000000015bf4       0x18 ./Core/Src/buzzer_interfacing.o
 .debug_macro   0x0000000000015c0c       0x3c ./Core/Src/buzzer_interfacing.o
 .debug_macro   0x0000000000015c48       0x34 ./Core/Src/buzzer_interfacing.o
 .debug_macro   0x0000000000015c7c       0x16 ./Core/Src/buzzer_interfacing.o
 .debug_macro   0x0000000000015c92       0x35 ./Core/Src/buzzer_interfacing.o
 .debug_macro   0x0000000000015cc7      0x341 ./Core/Src/buzzer_interfacing.o
 .debug_macro   0x0000000000016008       0x10 ./Core/Src/buzzer_interfacing.o
 .debug_macro   0x0000000000016018       0x16 ./Core/Src/buzzer_interfacing.o
 .debug_macro   0x000000000001602e       0x43 ./Core/Src/buzzer_interfacing.o
 .debug_macro   0x0000000000016071       0x34 ./Core/Src/buzzer_interfacing.o
 .debug_macro   0x00000000000160a5       0x10 ./Core/Src/buzzer_interfacing.o
 .debug_macro   0x00000000000160b5       0x58 ./Core/Src/buzzer_interfacing.o
 .debug_macro   0x000000000001610d       0x71 ./Core/Src/buzzer_interfacing.o
 .debug_macro   0x000000000001617e       0x1c ./Core/Src/buzzer_interfacing.o
 .debug_macro   0x000000000001619a      0x12a ./Core/Src/buzzer_interfacing.o
 .debug_macro   0x00000000000162c4       0x10 ./Core/Src/buzzer_interfacing.o
 .debug_macro   0x00000000000162d4       0x1c ./Core/Src/buzzer_interfacing.o
 .debug_macro   0x00000000000162f0       0x52 ./Core/Src/buzzer_interfacing.o
 .debug_macro   0x0000000000016342       0x22 ./Core/Src/buzzer_interfacing.o
 .debug_macro   0x0000000000016364       0x10 ./Core/Src/buzzer_interfacing.o
 .debug_macro   0x0000000000016374       0x52 ./Core/Src/buzzer_interfacing.o
 .debug_macro   0x00000000000163c6       0xd5 ./Core/Src/buzzer_interfacing.o
 .debug_macro   0x000000000001649b       0x1c ./Core/Src/buzzer_interfacing.o
 .debug_macro   0x00000000000164b7       0x3d ./Core/Src/buzzer_interfacing.o
 .debug_macro   0x00000000000164f4       0x16 ./Core/Src/buzzer_interfacing.o
 .debug_macro   0x000000000001650a      0x145 ./Core/Src/buzzer_interfacing.o
 .debug_macro   0x000000000001664f       0x3a ./Core/Src/buzzer_interfacing.o
 .debug_macro   0x0000000000016689       0x28 ./Core/Src/buzzer_interfacing.o
 .debug_macro   0x00000000000166b1       0x1c ./Core/Src/buzzer_interfacing.o
 .debug_macro   0x00000000000166cd      0x2e6 ./Core/Src/buzzer_interfacing.o
 .debug_macro   0x00000000000169b3      0x381 ./Core/Src/fsm_for_multi_mode.o
 .debug_macro   0x0000000000016d34      0x381 ./Core/Src/fsm_for_pedestrian.o
 .debug_macro   0x00000000000170b5      0x377 ./Core/Src/global.o
 .debug_macro   0x000000000001742c      0x1bc ./Core/Src/gpio.o
 .debug_macro   0x00000000000175e8      0x37b ./Core/Src/input_reading.o
 .debug_macro   0x0000000000017963      0x3e9 ./Core/Src/main.o
 .debug_macro   0x0000000000017d4c       0x3a ./Core/Src/main.o
 .debug_macro   0x0000000000017d86       0x16 ./Core/Src/main.o
 .debug_macro   0x0000000000017d9c       0x16 ./Core/Src/main.o
 .debug_macro   0x0000000000017db2       0x29 ./Core/Src/main.o
 .debug_macro   0x0000000000017ddb      0x37b ./Core/Src/pedestrian_light_processing.o
 .debug_macro   0x0000000000018156       0x22 ./Core/Src/pedestrian_light_processing.o
 .debug_macro   0x0000000000018178      0x3cb ./Core/Src/sched.o
 .debug_macro   0x0000000000018543      0x37b ./Core/Src/software_timer.o
 .debug_macro   0x00000000000188be      0x1b2 ./Core/Src/stm32f1xx_hal_msp.o
 .debug_macro   0x0000000000018a70      0x1bc ./Core/Src/stm32f1xx_it.o
 .debug_macro   0x0000000000018c2c       0xff ./Core/Src/sysmem.o
 .debug_macro   0x0000000000018d2b      0x23b ./Core/Src/sysmem.o
 .debug_macro   0x0000000000018f66      0x1a3 ./Core/Src/system_stm32f1xx.o
 .debug_macro   0x0000000000019109      0x1bc ./Core/Src/tim.o
 .debug_macro   0x00000000000192c5      0x37b ./Core/Src/traffic_light_processing.o
 .debug_macro   0x0000000000019640       0x34 ./Core/Src/traffic_light_processing.o
 .debug_macro   0x0000000000019674      0x37b ./Core/Src/uart_communication.o
 .debug_macro   0x00000000000199ef      0x1bc ./Core/Src/usart.o
 .debug_macro   0x0000000000019bab      0x1c7 ./Drivers/STM32F1xx_HAL_Driver/Src/stm32f1xx_hal.o
 .debug_macro   0x0000000000019d72      0x1a3 ./Drivers/STM32F1xx_HAL_Driver/Src/stm32f1xx_hal_cortex.o
 .debug_macro   0x0000000000019f15      0x20e ./Drivers/STM32F1xx_HAL_Driver/Src/stm32f1xx_hal_gpio.o
 .debug_macro   0x000000000001a123      0x1b5 ./Drivers/STM32F1xx_HAL_Driver/Src/stm32f1xx_hal_rcc.o
 .debug_macro   0x000000000001a2d8      0x1a4 ./Drivers/STM32F1xx_HAL_Driver/Src/stm32f1xx_hal_tim.o
 .debug_macro   0x000000000001a47c      0x1a3 ./Drivers/STM32F1xx_HAL_Driver/Src/stm32f1xx_hal_tim_ex.o
 .debug_macro   0x000000000001a61f      0x1a4 ./Drivers/STM32F1xx_HAL_Driver/Src/stm32f1xx_hal_uart.o

.debug_line     0x0000000000000000    0x130eb
 .debug_line    0x0000000000000000      0x9ab ./Core/Src/buzzer_interfacing.o
 .debug_line    0x00000000000009ab      0xb62 ./Core/Src/fsm_for_multi_mode.o
 .debug_line    0x000000000000150d      0xa9b ./Core/Src/fsm_for_pedestrian.o
 .debug_line    0x0000000000001fa8      0x923 ./Core/Src/global.o
 .debug_line    0x00000000000028cb      0x6e3 ./Core/Src/gpio.o
 .debug_line    0x0000000000002fae      0xa1f ./Core/Src/input_reading.o
 .debug_line    0x00000000000039cd      0xa5e ./Core/Src/main.o
 .debug_line    0x000000000000442b      0x9b0 ./Core/Src/pedestrian_light_processing.o
 .debug_line    0x0000000000004ddb      0xb06 ./Core/Src/sched.o
 .debug_line    0x00000000000058e1      0x977 ./Core/Src/software_timer.o
 .debug_line    0x0000000000006258      0x6a6 ./Core/Src/stm32f1xx_hal_msp.o
 .debug_line    0x00000000000068fe      0x798 ./Core/Src/stm32f1xx_it.o
 .debug_line    0x0000000000007096      0x52b ./Core/Src/sysmem.o
 .debug_line    0x00000000000075c1      0x724 ./Core/Src/system_stm32f1xx.o
 .debug_line    0x0000000000007ce5      0x7d1 ./Core/Src/tim.o
 .debug_line    0x00000000000084b6      0x9dd ./Core/Src/traffic_light_processing.o
 .debug_line    0x0000000000008e93      0x949 ./Core/Src/uart_communication.o
 .debug_line    0x00000000000097dc      0x70b ./Core/Src/usart.o
 .debug_line    0x0000000000009ee7       0x87 ./Core/Startup/startup_stm32f103rbtx.o
 .debug_line    0x0000000000009f6e      0x951 ./Drivers/STM32F1xx_HAL_Driver/Src/stm32f1xx_hal.o
 .debug_line    0x000000000000a8bf      0xb39 ./Drivers/STM32F1xx_HAL_Driver/Src/stm32f1xx_hal_cortex.o
 .debug_line    0x000000000000b3f8      0x9e8 ./Drivers/STM32F1xx_HAL_Driver/Src/stm32f1xx_hal_gpio.o
 .debug_line    0x000000000000bde0      0xd5f ./Drivers/STM32F1xx_HAL_Driver/Src/stm32f1xx_hal_rcc.o
 .debug_line    0x000000000000cb3f     0x3307 ./Drivers/STM32F1xx_HAL_Driver/Src/stm32f1xx_hal_tim.o
 .debug_line    0x000000000000fe46     0x1879 ./Drivers/STM32F1xx_HAL_Driver/Src/stm32f1xx_hal_tim_ex.o
 .debug_line    0x00000000000116bf     0x1a2c ./Drivers/STM32F1xx_HAL_Driver/Src/stm32f1xx_hal_uart.o

.debug_str      0x0000000000000000    0x8b5de
 .debug_str     0x0000000000000000    0x87b80 ./Core/Src/buzzer_interfacing.o
                                      0x87f78 (size before relaxing)
 .debug_str     0x0000000000087b80      0x17c ./Core/Src/fsm_for_multi_mode.o
                                      0x875a1 (size before relaxing)
 .debug_str     0x0000000000087cfc       0xef ./Core/Src/fsm_for_pedestrian.o
                                      0x875c9 (size before relaxing)
 .debug_str     0x0000000000087deb       0x15 ./Core/Src/global.o
                                      0x874d3 (size before relaxing)
 .debug_str     0x0000000000087e00      0x3ca ./Core/Src/gpio.o
                                      0x838e5 (size before relaxing)
 .debug_str     0x00000000000881ca       0xf5 ./Core/Src/input_reading.o
                                      0x87593 (size before relaxing)
 .debug_str     0x00000000000882bf      0x38e ./Core/Src/main.o
                                      0x87d27 (size before relaxing)
 .debug_str     0x000000000008864d       0x64 ./Core/Src/pedestrian_light_processing.o
                                      0x87565 (size before relaxing)
 .debug_str     0x00000000000886b1       0x7e ./Core/Src/sched.o
                                      0x8761e (size before relaxing)
 .debug_str     0x000000000008872f       0x31 ./Core/Src/software_timer.o
                                      0x87491 (size before relaxing)
 .debug_str     0x0000000000088760       0x5a ./Core/Src/stm32f1xx_hal_msp.o
                                      0x83566 (size before relaxing)
 .debug_str     0x00000000000887ba      0x11a ./Core/Src/stm32f1xx_it.o
                                      0x83aae (size before relaxing)
 .debug_str     0x00000000000888d4      0x4da ./Core/Src/sysmem.o
                                       0x5d71 (size before relaxing)
 .debug_str     0x0000000000088dae       0x7e ./Core/Src/system_stm32f1xx.o
                                      0x832db (size before relaxing)
 .debug_str     0x0000000000088e2c      0x1fe ./Core/Src/tim.o
                                      0x83fad (size before relaxing)
 .debug_str     0x000000000008902a       0x6d ./Core/Src/traffic_light_processing.o
                                      0x87578 (size before relaxing)
 .debug_str     0x0000000000089097      0x204 ./Core/Src/uart_communication.o
                                      0x87894 (size before relaxing)
 .debug_str     0x000000000008929b       0x61 ./Core/Src/usart.o
                                      0x839fe (size before relaxing)
 .debug_str     0x00000000000892fc       0x36 ./Core/Startup/startup_stm32f103rbtx.o
                                         0x8b (size before relaxing)
 .debug_str     0x0000000000089332      0x38e ./Drivers/STM32F1xx_HAL_Driver/Src/stm32f1xx_hal.o
                                      0x83a0e (size before relaxing)
 .debug_str     0x00000000000896c0      0x294 ./Drivers/STM32F1xx_HAL_Driver/Src/stm32f1xx_hal_cortex.o
                                      0x8395a (size before relaxing)
 .debug_str     0x0000000000089954      0x2a4 ./Drivers/STM32F1xx_HAL_Driver/Src/stm32f1xx_hal_gpio.o
                                      0x83661 (size before relaxing)
 .debug_str     0x0000000000089bf8      0x229 ./Drivers/STM32F1xx_HAL_Driver/Src/stm32f1xx_hal_rcc.o
                                      0x8370a (size before relaxing)
 .debug_str     0x0000000000089e21      0xd38 ./Drivers/STM32F1xx_HAL_Driver/Src/stm32f1xx_hal_tim.o
                                      0x846f5 (size before relaxing)
 .debug_str     0x000000000008ab59      0x493 ./Drivers/STM32F1xx_HAL_Driver/Src/stm32f1xx_hal_tim_ex.o
                                      0x83f11 (size before relaxing)
 .debug_str     0x000000000008afec      0x5f2 ./Drivers/STM32F1xx_HAL_Driver/Src/stm32f1xx_hal_uart.o
                                      0x83d15 (size before relaxing)

.comment        0x0000000000000000       0x50
 .comment       0x0000000000000000       0x50 ./Core/Src/buzzer_interfacing.o
                                         0x51 (size before relaxing)
 .comment       0x0000000000000050       0x51 ./Core/Src/fsm_for_multi_mode.o
 .comment       0x0000000000000050       0x51 ./Core/Src/fsm_for_pedestrian.o
 .comment       0x0000000000000050       0x51 ./Core/Src/global.o
 .comment       0x0000000000000050       0x51 ./Core/Src/gpio.o
 .comment       0x0000000000000050       0x51 ./Core/Src/input_reading.o
 .comment       0x0000000000000050       0x51 ./Core/Src/main.o
 .comment       0x0000000000000050       0x51 ./Core/Src/pedestrian_light_processing.o
 .comment       0x0000000000000050       0x51 ./Core/Src/sched.o
 .comment       0x0000000000000050       0x51 ./Core/Src/software_timer.o
 .comment       0x0000000000000050       0x51 ./Core/Src/stm32f1xx_hal_msp.o
 .comment       0x0000000000000050       0x51 ./Core/Src/stm32f1xx_it.o
 .comment       0x0000000000000050       0x51 ./Core/Src/sysmem.o
 .comment       0x0000000000000050       0x51 ./Core/Src/system_stm32f1xx.o
 .comment       0x0000000000000050       0x51 ./Core/Src/tim.o
 .comment       0x0000000000000050       0x51 ./Core/Src/traffic_light_processing.o
 .comment       0x0000000000000050       0x51 ./Core/Src/uart_communication.o
 .comment       0x0000000000000050       0x51 ./Core/Src/usart.o
 .comment       0x0000000000000050       0x51 ./Drivers/STM32F1xx_HAL_Driver/Src/stm32f1xx_hal.o
 .comment       0x0000000000000050       0x51 ./Drivers/STM32F1xx_HAL_Driver/Src/stm32f1xx_hal_cortex.o
 .comment       0x0000000000000050       0x51 ./Drivers/STM32F1xx_HAL_Driver/Src/stm32f1xx_hal_gpio.o
 .comment       0x0000000000000050       0x51 ./Drivers/STM32F1xx_HAL_Driver/Src/stm32f1xx_hal_rcc.o
 .comment       0x0000000000000050       0x51 ./Drivers/STM32F1xx_HAL_Driver/Src/stm32f1xx_hal_tim.o
 .comment       0x0000000000000050       0x51 ./Drivers/STM32F1xx_HAL_Driver/Src/stm32f1xx_hal_tim_ex.o
 .comment       0x0000000000000050       0x51 ./Drivers/STM32F1xx_HAL_Driver/Src/stm32f1xx_hal_uart.o

.debug_frame    0x0000000000000000     0x38d4
 .debug_frame   0x0000000000000000       0x80 ./Core/Src/buzzer_interfacing.o
 .debug_frame   0x0000000000000080       0x2c ./Core/Src/fsm_for_multi_mode.o
 .debug_frame   0x00000000000000ac       0x2c ./Core/Src/fsm_for_pedestrian.o
 .debug_frame   0x00000000000000d8       0x34 ./Core/Src/gpio.o
 .debug_frame   0x000000000000010c       0x84 ./Core/Src/input_reading.o
 .debug_frame   0x0000000000000190       0xa8 ./Core/Src/main.o
 .debug_frame   0x0000000000000238       0x9c ./Core/Src/pedestrian_light_processing.o
 .debug_frame   0x00000000000002d4       0xd8 ./Core/Src/sched.o
 .debug_frame   0x00000000000003ac       0x60 ./Core/Src/software_timer.o
 .debug_frame   0x000000000000040c       0x38 ./Core/Src/stm32f1xx_hal_msp.o
 .debug_frame   0x0000000000000444      0x13c ./Core/Src/stm32f1xx_it.o
 .debug_frame   0x0000000000000580       0x34 ./Core/Src/sysmem.o
 .debug_frame   0x00000000000005b4       0x58 ./Core/Src/system_stm32f1xx.o
 .debug_frame   0x000000000000060c       0xc4 ./Core/Src/tim.o
 .debug_frame   0x00000000000006d0      0x10c ./Core/Src/traffic_light_processing.o
 .debug_frame   0x00000000000007dc       0x34 ./Core/Src/uart_communication.o
 .debug_frame   0x0000000000000810       0x74 ./Core/Src/usart.o
 .debug_frame   0x0000000000000884      0x334 ./Drivers/STM32F1xx_HAL_Driver/Src/stm32f1xx_hal.o
 .debug_frame   0x0000000000000bb8      0x428 ./Drivers/STM32F1xx_HAL_Driver/Src/stm32f1xx_hal_cortex.o
 .debug_frame   0x0000000000000fe0      0x14c ./Drivers/STM32F1xx_HAL_Driver/Src/stm32f1xx_hal_gpio.o
 .debug_frame   0x000000000000112c      0x21c ./Drivers/STM32F1xx_HAL_Driver/Src/stm32f1xx_hal_rcc.o
 .debug_frame   0x0000000000001348     0x11b8 ./Drivers/STM32F1xx_HAL_Driver/Src/stm32f1xx_hal_tim.o
 .debug_frame   0x0000000000002500      0x638 ./Drivers/STM32F1xx_HAL_Driver/Src/stm32f1xx_hal_tim_ex.o
 .debug_frame   0x0000000000002b38      0x914 ./Drivers/STM32F1xx_HAL_Driver/Src/stm32f1xx_hal_uart.o
 .debug_frame   0x000000000000344c       0x20 /Applications/STM32CubeIDE.app/Contents/Eclipse/plugins/com.st.stm32cube.ide.mcu.externaltools.gnu-tools-for-stm32.10.3-2021.10.macos64_1.0.100.202210260954/tools/bin/../lib/gcc/arm-none-eabi/10.3.1/../../../../arm-none-eabi/lib/thumb/v7-m/nofp/libc_nano.a(lib_a-errno.o)
 .debug_frame   0x000000000000346c       0x2c /Applications/STM32CubeIDE.app/Contents/Eclipse/plugins/com.st.stm32cube.ide.mcu.externaltools.gnu-tools-for-stm32.10.3-2021.10.macos64_1.0.100.202210260954/tools/bin/../lib/gcc/arm-none-eabi/10.3.1/../../../../arm-none-eabi/lib/thumb/v7-m/nofp/libc_nano.a(lib_a-init.o)
 .debug_frame   0x0000000000003498       0x20 /Applications/STM32CubeIDE.app/Contents/Eclipse/plugins/com.st.stm32cube.ide.mcu.externaltools.gnu-tools-for-stm32.10.3-2021.10.macos64_1.0.100.202210260954/tools/bin/../lib/gcc/arm-none-eabi/10.3.1/../../../../arm-none-eabi/lib/thumb/v7-m/nofp/libc_nano.a(lib_a-memset.o)
 .debug_frame   0x00000000000034b8       0x6c /Applications/STM32CubeIDE.app/Contents/Eclipse/plugins/com.st.stm32cube.ide.mcu.externaltools.gnu-tools-for-stm32.10.3-2021.10.macos64_1.0.100.202210260954/tools/bin/../lib/gcc/arm-none-eabi/10.3.1/../../../../arm-none-eabi/lib/thumb/v7-m/nofp/libc_nano.a(lib_a-sprintf.o)
 .debug_frame   0x0000000000003524       0x90 /Applications/STM32CubeIDE.app/Contents/Eclipse/plugins/com.st.stm32cube.ide.mcu.externaltools.gnu-tools-for-stm32.10.3-2021.10.macos64_1.0.100.202210260954/tools/bin/../lib/gcc/arm-none-eabi/10.3.1/../../../../arm-none-eabi/lib/thumb/v7-m/nofp/libc_nano.a(lib_a-nano-svfprintf.o)
 .debug_frame   0x00000000000035b4       0x60 /Applications/STM32CubeIDE.app/Contents/Eclipse/plugins/com.st.stm32cube.ide.mcu.externaltools.gnu-tools-for-stm32.10.3-2021.10.macos64_1.0.100.202210260954/tools/bin/../lib/gcc/arm-none-eabi/10.3.1/../../../../arm-none-eabi/lib/thumb/v7-m/nofp/libc_nano.a(lib_a-nano-vfprintf_i.o)
 .debug_frame   0x0000000000003614       0x28 /Applications/STM32CubeIDE.app/Contents/Eclipse/plugins/com.st.stm32cube.ide.mcu.externaltools.gnu-tools-for-stm32.10.3-2021.10.macos64_1.0.100.202210260954/tools/bin/../lib/gcc/arm-none-eabi/10.3.1/../../../../arm-none-eabi/lib/thumb/v7-m/nofp/libc_nano.a(lib_a-memchr-stub.o)
 .debug_frame   0x000000000000363c       0x28 /Applications/STM32CubeIDE.app/Contents/Eclipse/plugins/com.st.stm32cube.ide.mcu.externaltools.gnu-tools-for-stm32.10.3-2021.10.macos64_1.0.100.202210260954/tools/bin/../lib/gcc/arm-none-eabi/10.3.1/../../../../arm-none-eabi/lib/thumb/v7-m/nofp/libc_nano.a(lib_a-memcpy-stub.o)
 .debug_frame   0x0000000000003664       0x28 /Applications/STM32CubeIDE.app/Contents/Eclipse/plugins/com.st.stm32cube.ide.mcu.externaltools.gnu-tools-for-stm32.10.3-2021.10.macos64_1.0.100.202210260954/tools/bin/../lib/gcc/arm-none-eabi/10.3.1/../../../../arm-none-eabi/lib/thumb/v7-m/nofp/libc_nano.a(lib_a-memmove.o)
 .debug_frame   0x000000000000368c       0x38 /Applications/STM32CubeIDE.app/Contents/Eclipse/plugins/com.st.stm32cube.ide.mcu.externaltools.gnu-tools-for-stm32.10.3-2021.10.macos64_1.0.100.202210260954/tools/bin/../lib/gcc/arm-none-eabi/10.3.1/../../../../arm-none-eabi/lib/thumb/v7-m/nofp/libc_nano.a(lib_a-nano-freer.o)
 .debug_frame   0x00000000000036c4       0x4c /Applications/STM32CubeIDE.app/Contents/Eclipse/plugins/com.st.stm32cube.ide.mcu.externaltools.gnu-tools-for-stm32.10.3-2021.10.macos64_1.0.100.202210260954/tools/bin/../lib/gcc/arm-none-eabi/10.3.1/../../../../arm-none-eabi/lib/thumb/v7-m/nofp/libc_nano.a(lib_a-nano-mallocr.o)
 .debug_frame   0x0000000000003710       0x3c /Applications/STM32CubeIDE.app/Contents/Eclipse/plugins/com.st.stm32cube.ide.mcu.externaltools.gnu-tools-for-stm32.10.3-2021.10.macos64_1.0.100.202210260954/tools/bin/../lib/gcc/arm-none-eabi/10.3.1/../../../../arm-none-eabi/lib/thumb/v7-m/nofp/libc_nano.a(lib_a-nano-reallocr.o)