20:20:36 **** Incremental Build of configuration Debug for project 4_Way_Traffic_Light ****
make -j12 all 
arm-none-eabi-gcc "../Core/Src/musicnote.c" -mcpu=cortex-m3 -std=gnu11 -g3 -DDEBUG -DUSE_HAL_DRIVER -DSTM32F103xB -c -I../Core/Inc -I../Drivers/STM32F1xx_HAL_Driver/Inc -I../Drivers/STM32F1xx_HAL_Driver/Inc/Legacy -I../Drivers/CMSIS/Device/ST/STM32F1xx/Include -I../Drivers/CMSIS/Include -O0 -ffunction-sections -fdata-sections -Wall -fstack-usage -MMD -MP -MF"Core/Src/musicnote.d" -MT"Core/Src/musicnote.o" --specs=nano.specs -mfloat-abi=soft -mthumb -o "Core/Src/musicnote.o"
../Core/Src/musicnote.c:12:19: error: initializer element is not constant
   12 | #define CONSTANT  60000 * 4
      |                   ^~~~~
../Core/Src/musicnote.c:16:17: note: in expansion of macro 'CONSTANT'
   16 | int wholenote = CONSTANT / tempo;
      |                 ^~~~~~~~
In file included from ../Core/Inc/stm32f1xx_hal_conf.h:334,
                 from ../Drivers/STM32F1xx_HAL_Driver/Inc/stm32f1xx_hal.h:30,
                 from ../Core/Inc/main.h:30,
                 from ../Core/Inc/musicnote.h:12,
                 from ../Core/Src/musicnote.c:7:
../Core/Src/musicnote.c: In function 'setup':
../Drivers/STM32F1xx_HAL_Driver/Inc/stm32f1xx_hal_tim.h:1292:17: error: 'htim' is a pointer; did you mean to use '->'?
 1292 |     (__HANDLE__)->Instance->ARR = (__AUTORELOAD__);  \
      |                 ^~
../Core/Src/musicnote.c:38:5: note: in expansion of macro '__HAL_TIM_SET_AUTORELOAD'
   38 |     __HAL_TIM_SET_AUTORELOAD(&htim, melody[thisNote]*2);
      |     ^~~~~~~~~~~~~~~~~~~~~~~~
../Drivers/STM32F1xx_HAL_Driver/Inc/stm32f1xx_hal_tim.h:1293:17: error: 'htim' is a pointer; did you mean to use '->'?
 1293 |     (__HANDLE__)->Init.Period = (__AUTORELOAD__);    \
      |                 ^~
../Core/Src/musicnote.c:38:5: note: in expansion of macro '__HAL_TIM_SET_AUTORELOAD'
   38 |     __HAL_TIM_SET_AUTORELOAD(&htim, melody[thisNote]*2);
      |     ^~~~~~~~~~~~~~~~~~~~~~~~
../Drivers/STM32F1xx_HAL_Driver/Inc/stm32f1xx_hal_tim.h:1388:52: error: 'htim' is a pointer; did you mean to use '->'?
 1388 |   (((__CHANNEL__) == TIM_CHANNEL_1) ? ((__HANDLE__)->Instance->CCR1 = (__COMPARE__)) :\
      |                                                    ^~
../Core/Src/musicnote.c:39:2: note: in expansion of macro '__HAL_TIM_SET_COMPARE'
   39 |  __HAL_TIM_SET_COMPARE(&htim,Channel, melody[thisNote]);
      |  ^~~~~~~~~~~~~~~~~~~~~
../Drivers/STM32F1xx_HAL_Driver/Inc/stm32f1xx_hal_tim.h:1389:52: error: 'htim' is a pointer; did you mean to use '->'?
 1389 |    ((__CHANNEL__) == TIM_CHANNEL_2) ? ((__HANDLE__)->Instance->CCR2 = (__COMPARE__)) :\
      |                                                    ^~
../Core/Src/musicnote.c:39:2: note: in expansion of macro '__HAL_TIM_SET_COMPARE'
   39 |  __HAL_TIM_SET_COMPARE(&htim,Channel, melody[thisNote]);
      |  ^~~~~~~~~~~~~~~~~~~~~
../Drivers/STM32F1xx_HAL_Driver/Inc/stm32f1xx_hal_tim.h:1390:52: error: 'htim' is a pointer; did you mean to use '->'?
 1390 |    ((__CHANNEL__) == TIM_CHANNEL_3) ? ((__HANDLE__)->Instance->CCR3 = (__COMPARE__)) :\
      |                                                    ^~
../Core/Src/musicnote.c:39:2: note: in expansion of macro '__HAL_TIM_SET_COMPARE'
   39 |  __HAL_TIM_SET_COMPARE(&htim,Channel, melody[thisNote]);
      |  ^~~~~~~~~~~~~~~~~~~~~
../Drivers/STM32F1xx_HAL_Driver/Inc/stm32f1xx_hal_tim.h:1391:17: error: 'htim' is a pointer; did you mean to use '->'?
 1391 |    ((__HANDLE__)->Instance->CCR4 = (__COMPARE__)))
      |                 ^~
../Core/Src/musicnote.c:39:2: note: in expansion of macro '__HAL_TIM_SET_COMPARE'
   39 |  __HAL_TIM_SET_COMPARE(&htim,Channel, melody[thisNote]);
      |  ^~~~~~~~~~~~~~~~~~~~~
make: *** [Core/Src/subdir.mk:61: Core/Src/musicnote.o] Error 1
"make -j12 all" terminated with exit code 2. Build might be incomplete.
20:22:31 **** Incremental Build of configuration Debug for project 4_Way_Traffic_Light ****
make -j12 all 
arm-none-eabi-gcc "../Core/Src/fsm_for_multi_mode.c" -mcpu=cortex-m3 -std=gnu11 -g3 -DDEBUG -DUSE_HAL_DRIVER -DSTM32F103xB -c -I../Core/Inc -I../Drivers/STM32F1xx_HAL_Driver/Inc -I../Drivers/STM32F1xx_HAL_Driver/Inc/Legacy -I../Drivers/CMSIS/Device/ST/STM32F1xx/Include -I../Drivers/CMSIS/Include -O0 -ffunction-sections -fdata-sections -Wall -fstack-usage -MMD -MP -MF"Core/Src/fsm_for_multi_mode.d" -MT"Core/Src/fsm_for_multi_mode.o" --specs=nano.specs -mfloat-abi=soft -mthumb -o "Core/Src/fsm_for_multi_mode.o"
arm-none-eabi-gcc "../Core/Src/gpio.c" -mcpu=cortex-m3 -std=gnu11 -g3 -DDEBUG -DUSE_HAL_DRIVER -DSTM32F103xB -c -I../Core/Inc -I../Drivers/STM32F1xx_HAL_Driver/Inc -I../Drivers/STM32F1xx_HAL_Driver/Inc/Legacy -I../Drivers/CMSIS/Device/ST/STM32F1xx/Include -I../Drivers/CMSIS/Include -O0 -ffunction-sections -fdata-sections -Wall -fstack-usage -MMD -MP -MF"Core/Src/gpio.d" -MT"Core/Src/gpio.o" --specs=nano.specs -mfloat-abi=soft -mthumb -o "Core/Src/gpio.o"
arm-none-eabi-gcc "../Core/Src/input_reading.c" -mcpu=cortex-m3 -std=gnu11 -g3 -DDEBUG -DUSE_HAL_DRIVER -DSTM32F103xB -c -I../Core/Inc -I../Drivers/STM32F1xx_HAL_Driver/Inc -I../Drivers/STM32F1xx_HAL_Driver/Inc/Legacy -I../Drivers/CMSIS/Device/ST/STM32F1xx/Include -I../Drivers/CMSIS/Include -O0 -ffunction-sections -fdata-sections -Wall -fstack-usage -MMD -MP -MF"Core/Src/input_reading.d" -MT"Core/Src/input_reading.o" --specs=nano.specs -mfloat-abi=soft -mthumb -o "Core/Src/input_reading.o"
arm-none-eabi-gcc "../Core/Src/main.c" -mcpu=cortex-m3 -std=gnu11 -g3 -DDEBUG -DUSE_HAL_DRIVER -DSTM32F103xB -c -I../Core/Inc -I../Drivers/STM32F1xx_HAL_Driver/Inc -I../Drivers/STM32F1xx_HAL_Driver/Inc/Legacy -I../Drivers/CMSIS/Device/ST/STM32F1xx/Include -I../Drivers/CMSIS/Include -O0 -ffunction-sections -fdata-sections -Wall -fstack-usage -MMD -MP -MF"Core/Src/main.d" -MT"Core/Src/main.o" --specs=nano.specs -mfloat-abi=soft -mthumb -o "Core/Src/main.o"
arm-none-eabi-gcc "../Core/Src/pedestrian_light_processing.c" -mcpu=cortex-m3 -std=gnu11 -g3 -DDEBUG -DUSE_HAL_DRIVER -DSTM32F103xB -c -I../Core/Inc -I../Drivers/STM32F1xx_HAL_Driver/Inc -I../Drivers/STM32F1xx_HAL_Driver/Inc/Legacy -I../Drivers/CMSIS/Device/ST/STM32F1xx/Include -I../Drivers/CMSIS/Include -O0 -ffunction-sections -fdata-sections -Wall -fstack-usage -MMD -MP -MF"Core/Src/pedestrian_light_processing.d" -MT"Core/Src/pedestrian_light_processing.o" --specs=nano.specs -mfloat-abi=soft -mthumb -o "Core/Src/pedestrian_light_processing.o"
arm-none-eabi-gcc "../Core/Src/sched.c" -mcpu=cortex-m3 -std=gnu11 -g3 -DDEBUG -DUSE_HAL_DRIVER -DSTM32F103xB -c -I../Core/Inc -I../Drivers/STM32F1xx_HAL_Driver/Inc -I../Drivers/STM32F1xx_HAL_Driver/Inc/Legacy -I../Drivers/CMSIS/Device/ST/STM32F1xx/Include -I../Drivers/CMSIS/Include -O0 -ffunction-sections -fdata-sections -Wall -fstack-usage -MMD -MP -MF"Core/Src/sched.d" -MT"Core/Src/sched.o" --specs=nano.specs -mfloat-abi=soft -mthumb -o "Core/Src/sched.o"
arm-none-eabi-gcc "../Core/Src/stm32f1xx_hal_msp.c" -mcpu=cortex-m3 -std=gnu11 -g3 -DDEBUG -DUSE_HAL_DRIVER -DSTM32F103xB -c -I../Core/Inc -I../Drivers/STM32F1xx_HAL_Driver/Inc -I../Drivers/STM32F1xx_HAL_Driver/Inc/Legacy -I../Drivers/CMSIS/Device/ST/STM32F1xx/Include -I../Drivers/CMSIS/Include -O0 -ffunction-sections -fdata-sections -Wall -fstack-usage -MMD -MP -MF"Core/Src/stm32f1xx_hal_msp.d" -MT"Core/Src/stm32f1xx_hal_msp.o" --specs=nano.specs -mfloat-abi=soft -mthumb -o "Core/Src/stm32f1xx_hal_msp.o"
arm-none-eabi-gcc "../Core/Src/stm32f1xx_it.c" -mcpu=cortex-m3 -std=gnu11 -g3 -DDEBUG -DUSE_HAL_DRIVER -DSTM32F103xB -c -I../Core/Inc -I../Drivers/STM32F1xx_HAL_Driver/Inc -I../Drivers/STM32F1xx_HAL_Driver/Inc/Legacy -I../Drivers/CMSIS/Device/ST/STM32F1xx/Include -I../Drivers/CMSIS/Include -O0 -ffunction-sections -fdata-sections -Wall -fstack-usage -MMD -MP -MF"Core/Src/stm32f1xx_it.d" -MT"Core/Src/stm32f1xx_it.o" --specs=nano.specs -mfloat-abi=soft -mthumb -o "Core/Src/stm32f1xx_it.o"
arm-none-eabi-gcc "../Core/Src/syscalls.c" -mcpu=cortex-m3 -std=gnu11 -g3 -DDEBUG -DUSE_HAL_DRIVER -DSTM32F103xB -c -I../Core/Inc -I../Drivers/STM32F1xx_HAL_Driver/Inc -I../Drivers/STM32F1xx_HAL_Driver/Inc/Legacy -I../Drivers/CMSIS/Device/ST/STM32F1xx/Include -I../Drivers/CMSIS/Include -O0 -ffunction-sections -fdata-sections -Wall -fstack-usage -MMD -MP -MF"Core/Src/syscalls.d" -MT"Core/Src/syscalls.o" --specs=nano.specs -mfloat-abi=soft -mthumb -o "Core/Src/syscalls.o"
arm-none-eabi-gcc "../Core/Src/sysmem.c" -mcpu=cortex-m3 -std=gnu11 -g3 -DDEBUG -DUSE_HAL_DRIVER -DSTM32F103xB -c -I../Core/Inc -I../Drivers/STM32F1xx_HAL_Driver/Inc -I../Drivers/STM32F1xx_HAL_Driver/Inc/Legacy -I../Drivers/CMSIS/Device/ST/STM32F1xx/Include -I../Drivers/CMSIS/Include -O0 -ffunction-sections -fdata-sections -Wall -fstack-usage -MMD -MP -MF"Core/Src/sysmem.d" -MT"Core/Src/sysmem.o" --specs=nano.specs -mfloat-abi=soft -mthumb -o "Core/Src/sysmem.o"
arm-none-eabi-gcc "../Core/Src/system_stm32f1xx.c" -mcpu=cortex-m3 -std=gnu11 -g3 -DDEBUG -DUSE_HAL_DRIVER -DSTM32F103xB -c -I../Core/Inc -I../Drivers/STM32F1xx_HAL_Driver/Inc -I../Drivers/STM32F1xx_HAL_Driver/Inc/Legacy -I../Drivers/CMSIS/Device/ST/STM32F1xx/Include -I../Drivers/CMSIS/Include -O0 -ffunction-sections -fdata-sections -Wall -fstack-usage -MMD -MP -MF"Core/Src/system_stm32f1xx.d" -MT"Core/Src/system_stm32f1xx.o" --specs=nano.specs -mfloat-abi=soft -mthumb -o "Core/Src/system_stm32f1xx.o"
arm-none-eabi-gcc "../Core/Src/tim.c" -mcpu=cortex-m3 -std=gnu11 -g3 -DDEBUG -DUSE_HAL_DRIVER -DSTM32F103xB -c -I../Core/Inc -I../Drivers/STM32F1xx_HAL_Driver/Inc -I../Drivers/STM32F1xx_HAL_Driver/Inc/Legacy -I../Drivers/CMSIS/Device/ST/STM32F1xx/Include -I../Drivers/CMSIS/Include -O0 -ffunction-sections -fdata-sections -Wall -fstack-usage -MMD -MP -MF"Core/Src/tim.d" -MT"Core/Src/tim.o" --specs=nano.specs -mfloat-abi=soft -mthumb -o "Core/Src/tim.o"
arm-none-eabi-gcc "../Core/Src/traffic_light_processing.c" -mcpu=cortex-m3 -std=gnu11 -g3 -DDEBUG -DUSE_HAL_DRIVER -DSTM32F103xB -c -I../Core/Inc -I../Drivers/STM32F1xx_HAL_Driver/Inc -I../Drivers/STM32F1xx_HAL_Driver/Inc/Legacy -I../Drivers/CMSIS/Device/ST/STM32F1xx/Include -I../Drivers/CMSIS/Include -O0 -ffunction-sections -fdata-sections -Wall -fstack-usage -MMD -MP -MF"Core/Src/traffic_light_processing.d" -MT"Core/Src/traffic_light_processing.o" --specs=nano.specs -mfloat-abi=soft -mthumb -o "Core/Src/traffic_light_processing.o"
arm-none-eabi-gcc "../Core/Src/usart.c" -mcpu=cortex-m3 -std=gnu11 -g3 -DDEBUG -DUSE_HAL_DRIVER -DSTM32F103xB -c -I../Core/Inc -I../Drivers/STM32F1xx_HAL_Driver/Inc -I../Drivers/STM32F1xx_HAL_Driver/Inc/Legacy -I../Drivers/CMSIS/Device/ST/STM32F1xx/Include -I../Drivers/CMSIS/Include -O0 -ffunction-sections -fdata-sections -Wall -fstack-usage -MMD -MP -MF"Core/Src/usart.d" -MT"Core/Src/usart.o" --specs=nano.specs -mfloat-abi=soft -mthumb -o "Core/Src/usart.o"
arm-none-eabi-gcc -o "4_Way_Traffic_Light.elf" @"objects.list"   -mcpu=cortex-m3 -T"C:\Users\ADMIN\Documents\MCU\4_Way_Traffic_Light\4_Way_Traffic_Light\STM32F103RBTX_FLASH.ld" --specs=nosys.specs -Wl,-Map="4_Way_Traffic_Light.map" -Wl,--gc-sections -static --specs=nano.specs -mfloat-abi=soft -mthumb -Wl,--start-group -lc -lm -Wl,--end-group
Finished building target: 4_Way_Traffic_Light.elf
 
arm-none-eabi-size   4_Way_Traffic_Light.elf 
arm-none-eabi-objdump -h -S  4_Way_Traffic_Light.elf  > "4_Way_Traffic_Light.list"
   text	   data	    bss	    dec	    hex	filename
  11796	    100	   2532	  14428	   385c	4_Way_Traffic_Light.elf
Finished building: default.size.stdout
 
Finished building: 4_Way_Traffic_Light.list
 
23:08:40 **** Build of configuration Debug for project ASM ****
make -j12 all 
arm-none-eabi-size   ASM.elf 
   text	   data	    bss	    dec	    hex	filename
  11568	    364	   1716	  13648	   3550	ASM.elf
Finished building: default.size.stdout
 
23:09:44 **** Incremental Build of configuration Debug for project ASM ****
make -j12 all 
arm-none-eabi-gcc "../Core/Src/main.c" -mcpu=cortex-m3 -std=gnu11 -g3 -DDEBUG -DUSE_HAL_DRIVER -DSTM32F103xB -c -I../Core/Inc -I../Drivers/STM32F1xx_HAL_Driver/Inc -I../Drivers/STM32F1xx_HAL_Driver/Inc/Legacy -I../Drivers/CMSIS/Device/ST/STM32F1xx/Include -I../Drivers/CMSIS/Include -O0 -ffunction-sections -fdata-sections -Wall -fstack-usage -MMD -MP -MF"Core/Src/main.d" -MT"Core/Src/main.o" --specs=nano.specs -mfloat-abi=soft -mthumb -o "Core/Src/main.o"
arm-none-eabi-gcc -o "ASM.elf" @"objects.list"   -mcpu=cortex-m3 -T"C:\Users\ADMIN\Downloads\ASM\ASM\STM32F103RBTX_FLASH.ld" --specs=nosys.specs -Wl,-Map="ASM.map" -Wl,--gc-sections -static --specs=nano.specs -mfloat-abi=soft -mthumb -Wl,--start-group -lc -lm -Wl,--end-group
Finished building target: ASM.elf
 
arm-none-eabi-size   ASM.elf 
arm-none-eabi-objdump -h -S  ASM.elf  > "ASM.list"
   text	   data	    bss	    dec	    hex	filename
  11568	    364	   1716	  13648	   3550	ASM.elf
Finished building: default.size.stdout
 
Finished building: ASM.list
 
23:11:32 **** Build of configuration Debug for project ASM ****
make -j12 all 
arm-none-eabi-gcc -o "ASM.elf" @"objects.list"   -mcpu=cortex-m3 -T"C:\Users\ADMIN\Downloads\ASM\STM32F103RBTX_FLASH.ld" --specs=nosys.specs -Wl,-Map="ASM.map" -Wl,--gc-sections -static --specs=nano.specs -mfloat-abi=soft -mthumb -Wl,--start-group -lc -lm -Wl,--end-group
Finished building target: ASM.elf
 
arm-none-eabi-size   ASM.elf 
arm-none-eabi-objdump -h -S  ASM.elf  > "ASM.list"
   text	   data	    bss	    dec	    hex	filename
  10132	     24	   1784	  11940	   2ea4	ASM.elf
Finished building: default.size.stdout
 
Finished building: ASM.list
 
23:12:15 **** Incremental Build of configuration Debug for project ASM ****
make -j12 all 
arm-none-eabi-size   ASM.elf 
   text	   data	    bss	    dec	    hex	filename
  10132	     24	   1784	  11940	   2ea4	ASM.elf
Finished building: default.size.stdout
 
23:13:42 **** Build of configuration Debug for project 4_Way_Traffic_Light ****
make -j12 all 
arm-none-eabi-gcc "../Core/Src/fsm_for_multi_mode.c" -mcpu=cortex-m3 -std=gnu11 -g3 -DDEBUG -DUSE_HAL_DRIVER -DSTM32F103xB -c -I../Core/Inc -I../Drivers/STM32F1xx_HAL_Driver/Inc -I../Drivers/STM32F1xx_HAL_Driver/Inc/Legacy -I../Drivers/CMSIS/Device/ST/STM32F1xx/Include -I../Drivers/CMSIS/Include -O0 -ffunction-sections -fdata-sections -Wall -fstack-usage -MMD -MP -MF"Core/Src/fsm_for_multi_mode.d" -MT"Core/Src/fsm_for_multi_mode.o" --specs=nano.specs -mfloat-abi=soft -mthumb -o "Core/Src/fsm_for_multi_mode.o"
arm-none-eabi-gcc "../Core/Src/gpio.c" -mcpu=cortex-m3 -std=gnu11 -g3 -DDEBUG -DUSE_HAL_DRIVER -DSTM32F103xB -c -I../Core/Inc -I../Drivers/STM32F1xx_HAL_Driver/Inc -I../Drivers/STM32F1xx_HAL_Driver/Inc/Legacy -I../Drivers/CMSIS/Device/ST/STM32F1xx/Include -I../Drivers/CMSIS/Include -O0 -ffunction-sections -fdata-sections -Wall -fstack-usage -MMD -MP -MF"Core/Src/gpio.d" -MT"Core/Src/gpio.o" --specs=nano.specs -mfloat-abi=soft -mthumb -o "Core/Src/gpio.o"
arm-none-eabi-gcc "../Core/Src/input_reading.c" -mcpu=cortex-m3 -std=gnu11 -g3 -DDEBUG -DUSE_HAL_DRIVER -DSTM32F103xB -c -I../Core/Inc -I../Drivers/STM32F1xx_HAL_Driver/Inc -I../Drivers/STM32F1xx_HAL_Driver/Inc/Legacy -I../Drivers/CMSIS/Device/ST/STM32F1xx/Include -I../Drivers/CMSIS/Include -O0 -ffunction-sections -fdata-sections -Wall -fstack-usage -MMD -MP -MF"Core/Src/input_reading.d" -MT"Core/Src/input_reading.o" --specs=nano.specs -mfloat-abi=soft -mthumb -o "Core/Src/input_reading.o"
arm-none-eabi-gcc "../Core/Src/main.c" -mcpu=cortex-m3 -std=gnu11 -g3 -DDEBUG -DUSE_HAL_DRIVER -DSTM32F103xB -c -I../Core/Inc -I../Drivers/STM32F1xx_HAL_Driver/Inc -I../Drivers/STM32F1xx_HAL_Driver/Inc/Legacy -I../Drivers/CMSIS/Device/ST/STM32F1xx/Include -I../Drivers/CMSIS/Include -O0 -ffunction-sections -fdata-sections -Wall -fstack-usage -MMD -MP -MF"Core/Src/main.d" -MT"Core/Src/main.o" --specs=nano.specs -mfloat-abi=soft -mthumb -o "Core/Src/main.o"
arm-none-eabi-gcc "../Core/Src/pedestrian_light_processing.c" -mcpu=cortex-m3 -std=gnu11 -g3 -DDEBUG -DUSE_HAL_DRIVER -DSTM32F103xB -c -I../Core/Inc -I../Drivers/STM32F1xx_HAL_Driver/Inc -I../Drivers/STM32F1xx_HAL_Driver/Inc/Legacy -I../Drivers/CMSIS/Device/ST/STM32F1xx/Include -I../Drivers/CMSIS/Include -O0 -ffunction-sections -fdata-sections -Wall -fstack-usage -MMD -MP -MF"Core/Src/pedestrian_light_processing.d" -MT"Core/Src/pedestrian_light_processing.o" --specs=nano.specs -mfloat-abi=soft -mthumb -o "Core/Src/pedestrian_light_processing.o"
arm-none-eabi-gcc "../Core/Src/sched.c" -mcpu=cortex-m3 -std=gnu11 -g3 -DDEBUG -DUSE_HAL_DRIVER -DSTM32F103xB -c -I../Core/Inc -I../Drivers/STM32F1xx_HAL_Driver/Inc -I../Drivers/STM32F1xx_HAL_Driver/Inc/Legacy -I../Drivers/CMSIS/Device/ST/STM32F1xx/Include -I../Drivers/CMSIS/Include -O0 -ffunction-sections -fdata-sections -Wall -fstack-usage -MMD -MP -MF"Core/Src/sched.d" -MT"Core/Src/sched.o" --specs=nano.specs -mfloat-abi=soft -mthumb -o "Core/Src/sched.o"
arm-none-eabi-gcc "../Core/Src/stm32f1xx_hal_msp.c" -mcpu=cortex-m3 -std=gnu11 -g3 -DDEBUG -DUSE_HAL_DRIVER -DSTM32F103xB -c -I../Core/Inc -I../Drivers/STM32F1xx_HAL_Driver/Inc -I../Drivers/STM32F1xx_HAL_Driver/Inc/Legacy -I../Drivers/CMSIS/Device/ST/STM32F1xx/Include -I../Drivers/CMSIS/Include -O0 -ffunction-sections -fdata-sections -Wall -fstack-usage -MMD -MP -MF"Core/Src/stm32f1xx_hal_msp.d" -MT"Core/Src/stm32f1xx_hal_msp.o" --specs=nano.specs -mfloat-abi=soft -mthumb -o "Core/Src/stm32f1xx_hal_msp.o"
arm-none-eabi-gcc "../Core/Src/stm32f1xx_it.c" -mcpu=cortex-m3 -std=gnu11 -g3 -DDEBUG -DUSE_HAL_DRIVER -DSTM32F103xB -c -I../Core/Inc -I../Drivers/STM32F1xx_HAL_Driver/Inc -I../Drivers/STM32F1xx_HAL_Driver/Inc/Legacy -I../Drivers/CMSIS/Device/ST/STM32F1xx/Include -I../Drivers/CMSIS/Include -O0 -ffunction-sections -fdata-sections -Wall -fstack-usage -MMD -MP -MF"Core/Src/stm32f1xx_it.d" -MT"Core/Src/stm32f1xx_it.o" --specs=nano.specs -mfloat-abi=soft -mthumb -o "Core/Src/stm32f1xx_it.o"
arm-none-eabi-gcc "../Core/Src/syscalls.c" -mcpu=cortex-m3 -std=gnu11 -g3 -DDEBUG -DUSE_HAL_DRIVER -DSTM32F103xB -c -I../Core/Inc -I../Drivers/STM32F1xx_HAL_Driver/Inc -I../Drivers/STM32F1xx_HAL_Driver/Inc/Legacy -I../Drivers/CMSIS/Device/ST/STM32F1xx/Include -I../Drivers/CMSIS/Include -O0 -ffunction-sections -fdata-sections -Wall -fstack-usage -MMD -MP -MF"Core/Src/syscalls.d" -MT"Core/Src/syscalls.o" --specs=nano.specs -mfloat-abi=soft -mthumb -o "Core/Src/syscalls.o"
arm-none-eabi-gcc "../Core/Src/sysmem.c" -mcpu=cortex-m3 -std=gnu11 -g3 -DDEBUG -DUSE_HAL_DRIVER -DSTM32F103xB -c -I../Core/Inc -I../Drivers/STM32F1xx_HAL_Driver/Inc -I../Drivers/STM32F1xx_HAL_Driver/Inc/Legacy -I../Drivers/CMSIS/Device/ST/STM32F1xx/Include -I../Drivers/CMSIS/Include -O0 -ffunction-sections -fdata-sections -Wall -fstack-usage -MMD -MP -MF"Core/Src/sysmem.d" -MT"Core/Src/sysmem.o" --specs=nano.specs -mfloat-abi=soft -mthumb -o "Core/Src/sysmem.o"
arm-none-eabi-gcc "../Core/Src/system_stm32f1xx.c" -mcpu=cortex-m3 -std=gnu11 -g3 -DDEBUG -DUSE_HAL_DRIVER -DSTM32F103xB -c -I../Core/Inc -I../Drivers/STM32F1xx_HAL_Driver/Inc -I../Drivers/STM32F1xx_HAL_Driver/Inc/Legacy -I../Drivers/CMSIS/Device/ST/STM32F1xx/Include -I../Drivers/CMSIS/Include -O0 -ffunction-sections -fdata-sections -Wall -fstack-usage -MMD -MP -MF"Core/Src/system_stm32f1xx.d" -MT"Core/Src/system_stm32f1xx.o" --specs=nano.specs -mfloat-abi=soft -mthumb -o "Core/Src/system_stm32f1xx.o"
arm-none-eabi-gcc "../Core/Src/tim.c" -mcpu=cortex-m3 -std=gnu11 -g3 -DDEBUG -DUSE_HAL_DRIVER -DSTM32F103xB -c -I../Core/Inc -I../Drivers/STM32F1xx_HAL_Driver/Inc -I../Drivers/STM32F1xx_HAL_Driver/Inc/Legacy -I../Drivers/CMSIS/Device/ST/STM32F1xx/Include -I../Drivers/CMSIS/Include -O0 -ffunction-sections -fdata-sections -Wall -fstack-usage -MMD -MP -MF"Core/Src/tim.d" -MT"Core/Src/tim.o" --specs=nano.specs -mfloat-abi=soft -mthumb -o "Core/Src/tim.o"
arm-none-eabi-gcc "../Core/Src/traffic_light_processing.c" -mcpu=cortex-m3 -std=gnu11 -g3 -DDEBUG -DUSE_HAL_DRIVER -DSTM32F103xB -c -I../Core/Inc -I../Drivers/STM32F1xx_HAL_Driver/Inc -I../Drivers/STM32F1xx_HAL_Driver/Inc/Legacy -I../Drivers/CMSIS/Device/ST/STM32F1xx/Include -I../Drivers/CMSIS/Include -O0 -ffunction-sections -fdata-sections -Wall -fstack-usage -MMD -MP -MF"Core/Src/traffic_light_processing.d" -MT"Core/Src/traffic_light_processing.o" --specs=nano.specs -mfloat-abi=soft -mthumb -o "Core/Src/traffic_light_processing.o"
arm-none-eabi-gcc "../Core/Src/usart.c" -mcpu=cortex-m3 -std=gnu11 -g3 -DDEBUG -DUSE_HAL_DRIVER -DSTM32F103xB -c -I../Core/Inc -I../Drivers/STM32F1xx_HAL_Driver/Inc -I../Drivers/STM32F1xx_HAL_Driver/Inc/Legacy -I../Drivers/CMSIS/Device/ST/STM32F1xx/Include -I../Drivers/CMSIS/Include -O0 -ffunction-sections -fdata-sections -Wall -fstack-usage -MMD -MP -MF"Core/Src/usart.d" -MT"Core/Src/usart.o" --specs=nano.specs -mfloat-abi=soft -mthumb -o "Core/Src/usart.o"
arm-none-eabi-gcc -o "4_Way_Traffic_Light.elf" @"objects.list"   -mcpu=cortex-m3 -T"C:\Users\ADMIN\Documents\MCU\4_Way_Traffic_Light\4_Way_Traffic_Light\STM32F103RBTX_FLASH.ld" --specs=nosys.specs -Wl,-Map="4_Way_Traffic_Light.map" -Wl,--gc-sections -static --specs=nano.specs -mfloat-abi=soft -mthumb -Wl,--start-group -lc -lm -Wl,--end-group
Finished building target: 4_Way_Traffic_Light.elf
 
arm-none-eabi-size   4_Way_Traffic_Light.elf 
arm-none-eabi-objdump -h -S  4_Way_Traffic_Light.elf  > "4_Way_Traffic_Light.list"
   text	   data	    bss	    dec	    hex	filename
  11796	    100	   2532	  14428	   385c	4_Way_Traffic_Light.elf
Finished building: default.size.stdout
 
Finished building: 4_Way_Traffic_Light.list
 
23:13:43 **** Incremental Build of configuration Debug for project ASM ****
make -j12 all 
arm-none-eabi-gcc "../Core/Src/main.c" -mcpu=cortex-m3 -std=gnu11 -g3 -DDEBUG -DUSE_HAL_DRIVER -DSTM32F103xB -c -I../Core/Inc -I../Drivers/STM32F1xx_HAL_Driver/Inc -I../Drivers/STM32F1xx_HAL_Driver/Inc/Legacy -I../Drivers/CMSIS/Device/ST/STM32F1xx/Include -I../Drivers/CMSIS/Include -O0 -ffunction-sections -fdata-sections -Wall -fstack-usage -MMD -MP -MF"Core/Src/main.d" -MT"Core/Src/main.o" --specs=nano.specs -mfloat-abi=soft -mthumb -o "Core/Src/main.o"
arm-none-eabi-gcc -o "ASM.elf" @"objects.list"   -mcpu=cortex-m3 -T"C:\Users\ADMIN\Downloads\ASM\STM32F103RBTX_FLASH.ld" --specs=nosys.specs -Wl,-Map="ASM.map" -Wl,--gc-sections -static --specs=nano.specs -mfloat-abi=soft -mthumb -Wl,--start-group -lc -lm -Wl,--end-group
Finished building target: ASM.elf
 
arm-none-eabi-size   ASM.elf 
arm-none-eabi-objdump -h -S  ASM.elf  > "ASM.list"
   text	   data	    bss	    dec	    hex	filename
  10132	     24	   1784	  11940	   2ea4	ASM.elf
Finished building: default.size.stdout
 
Finished building: ASM.list
 
23:13:48 **** Incremental Build of configuration Debug for project ASM ****
make -j12 all 
arm-none-eabi-size   ASM.elf 
   text	   data	    bss	    dec	    hex	filename
  10132	     24	   1784	  11940	   2ea4	ASM.elf
Finished building: default.size.stdout
 
23:17:44 **** Incremental Build of configuration Debug for project ASM ****
make -j12 all 
arm-none-eabi-gcc "../Core/Src/main.c" -mcpu=cortex-m3 -std=gnu11 -g3 -DDEBUG -DUSE_HAL_DRIVER -DSTM32F103xB -c -I../Core/Inc -I../Drivers/STM32F1xx_HAL_Driver/Inc -I../Drivers/STM32F1xx_HAL_Driver/Inc/Legacy -I../Drivers/CMSIS/Device/ST/STM32F1xx/Include -I../Drivers/CMSIS/Include -O0 -ffunction-sections -fdata-sections -Wall -fstack-usage -MMD -MP -MF"Core/Src/main.d" -MT"Core/Src/main.o" --specs=nano.specs -mfloat-abi=soft -mthumb -o "Core/Src/main.o"
arm-none-eabi-gcc -o "ASM.elf" @"objects.list"   -mcpu=cortex-m3 -T"C:\Users\ADMIN\Downloads\ASM\STM32F103RBTX_FLASH.ld" --specs=nosys.specs -Wl,-Map="ASM.map" -Wl,--gc-sections -static --specs=nano.specs -mfloat-abi=soft -mthumb -Wl,--start-group -lc -lm -Wl,--end-group
Finished building target: ASM.elf
 
arm-none-eabi-size   ASM.elf 
arm-none-eabi-objdump -h -S  ASM.elf  > "ASM.list"
   text	   data	    bss	    dec	    hex	filename
  10132	     20	   1788	  11940	   2ea4	ASM.elf
Finished building: default.size.stdout
 
Finished building: ASM.list
 
23:18:14 **** Incremental Build of configuration Debug for project ASM ****
make -j12 all 
arm-none-eabi-gcc "../Core/Src/main.c" -mcpu=cortex-m3 -std=gnu11 -g3 -DDEBUG -DUSE_HAL_DRIVER -DSTM32F103xB -c -I../Core/Inc -I../Drivers/STM32F1xx_HAL_Driver/Inc -I../Drivers/STM32F1xx_HAL_Driver/Inc/Legacy -I../Drivers/CMSIS/Device/ST/STM32F1xx/Include -I../Drivers/CMSIS/Include -O0 -ffunction-sections -fdata-sections -Wall -fstack-usage -MMD -MP -MF"Core/Src/main.d" -MT"Core/Src/main.o" --specs=nano.specs -mfloat-abi=soft -mthumb -o "Core/Src/main.o"
arm-none-eabi-gcc -o "ASM.elf" @"objects.list"   -mcpu=cortex-m3 -T"C:\Users\ADMIN\Downloads\ASM\STM32F103RBTX_FLASH.ld" --specs=nosys.specs -Wl,-Map="ASM.map" -Wl,--gc-sections -static --specs=nano.specs -mfloat-abi=soft -mthumb -Wl,--start-group -lc -lm -Wl,--end-group
Finished building target: ASM.elf
 
arm-none-eabi-size   ASM.elf 
arm-none-eabi-objdump -h -S  ASM.elf  > "ASM.list"
   text	   data	    bss	    dec	    hex	filename
  10132	     20	   1788	  11940	   2ea4	ASM.elf
Finished building: default.size.stdout
 
Finished building: ASM.list
 
23:22:59 **** Incremental Build of configuration Debug for project 4_Way_Traffic_Light ****
make -j12 all 
arm-none-eabi-size   4_Way_Traffic_Light.elf 
   text	   data	    bss	    dec	    hex	filename
  11796	    100	   2532	  14428	   385c	4_Way_Traffic_Light.elf
Finished building: default.size.stdout
 
23:22:59 **** Incremental Build of configuration Debug for project ASM ****
make -j12 all 
arm-none-eabi-gcc "../Core/Src/main.c" -mcpu=cortex-m3 -std=gnu11 -g3 -DDEBUG -DUSE_HAL_DRIVER -DSTM32F103xB -c -I../Core/Inc -I../Drivers/STM32F1xx_HAL_Driver/Inc -I../Drivers/STM32F1xx_HAL_Driver/Inc/Legacy -I../Drivers/CMSIS/Device/ST/STM32F1xx/Include -I../Drivers/CMSIS/Include -O0 -ffunction-sections -fdata-sections -Wall -fstack-usage -MMD -MP -MF"Core/Src/main.d" -MT"Core/Src/main.o" --specs=nano.specs -mfloat-abi=soft -mthumb -o "Core/Src/main.o"
../Core/Src/main.c: In function 'HAL_TIM_PeriodElapsedCallback':
../Core/Src/main.c:339:28: error: invalid type argument of '->' (have 'TIM_HandleTypeDef')
  339 |  if(htim->Instance == htim3->Instance) {
      |                            ^~
make: *** [Core/Src/subdir.mk:37: Core/Src/main.o] Error 1
"make -j12 all" terminated with exit code 2. Build might be incomplete.
23:23:23 **** Incremental Build of configuration Debug for project ASM ****
make -j12 all 
arm-none-eabi-gcc "../Core/Src/main.c" -mcpu=cortex-m3 -std=gnu11 -g3 -DDEBUG -DUSE_HAL_DRIVER -DSTM32F103xB -c -I../Core/Inc -I../Drivers/STM32F1xx_HAL_Driver/Inc -I../Drivers/STM32F1xx_HAL_Driver/Inc/Legacy -I../Drivers/CMSIS/Device/ST/STM32F1xx/Include -I../Drivers/CMSIS/Include -O0 -ffunction-sections -fdata-sections -Wall -fstack-usage -MMD -MP -MF"Core/Src/main.d" -MT"Core/Src/main.o" --specs=nano.specs -mfloat-abi=soft -mthumb -o "Core/Src/main.o"
arm-none-eabi-gcc -o "ASM.elf" @"objects.list"   -mcpu=cortex-m3 -T"C:\Users\ADMIN\Downloads\ASM\STM32F103RBTX_FLASH.ld" --specs=nosys.specs -Wl,-Map="ASM.map" -Wl,--gc-sections -static --specs=nano.specs -mfloat-abi=soft -mthumb -Wl,--start-group -lc -lm -Wl,--end-group
Finished building target: ASM.elf
 
arm-none-eabi-size   ASM.elf 
arm-none-eabi-objdump -h -S  ASM.elf  > "ASM.list"
   text	   data	    bss	    dec	    hex	filename
  10148	     24	   1784	  11956	   2eb4	ASM.elf
Finished building: default.size.stdout
 
Finished building: ASM.list
 
23:25:40 **** Incremental Build of configuration Debug for project ASM ****
make -j12 all 
arm-none-eabi-gcc "../Core/Src/main.c" -mcpu=cortex-m3 -std=gnu11 -g3 -DDEBUG -DUSE_HAL_DRIVER -DSTM32F103xB -c -I../Core/Inc -I../Drivers/STM32F1xx_HAL_Driver/Inc -I../Drivers/STM32F1xx_HAL_Driver/Inc/Legacy -I../Drivers/CMSIS/Device/ST/STM32F1xx/Include -I../Drivers/CMSIS/Include -O0 -ffunction-sections -fdata-sections -Wall -fstack-usage -MMD -MP -MF"Core/Src/main.d" -MT"Core/Src/main.o" --specs=nano.specs -mfloat-abi=soft -mthumb -o "Core/Src/main.o"
arm-none-eabi-gcc -o "ASM.elf" @"objects.list"   -mcpu=cortex-m3 -T"C:\Users\ADMIN\Downloads\ASM\STM32F103RBTX_FLASH.ld" --specs=nosys.specs -Wl,-Map="ASM.map" -Wl,--gc-sections -static --specs=nano.specs -mfloat-abi=soft -mthumb -Wl,--start-group -lc -lm -Wl,--end-group
Finished building target: ASM.elf
 
arm-none-eabi-size   ASM.elf 
arm-none-eabi-objdump -h -S  ASM.elf  > "ASM.list"
   text	   data	    bss	    dec	    hex	filename
  10148	     24	   1784	  11956	   2eb4	ASM.elf
Finished building: default.size.stdout
 
Finished building: ASM.list
 
23:27:33 **** Incremental Build of configuration Debug for project ASM ****
make -j12 all 
arm-none-eabi-gcc "../Core/Src/main.c" -mcpu=cortex-m3 -std=gnu11 -g3 -DDEBUG -DUSE_HAL_DRIVER -DSTM32F103xB -c -I../Core/Inc -I../Drivers/STM32F1xx_HAL_Driver/Inc -I../Drivers/STM32F1xx_HAL_Driver/Inc/Legacy -I../Drivers/CMSIS/Device/ST/STM32F1xx/Include -I../Drivers/CMSIS/Include -O0 -ffunction-sections -fdata-sections -Wall -fstack-usage -MMD -MP -MF"Core/Src/main.d" -MT"Core/Src/main.o" --specs=nano.specs -mfloat-abi=soft -mthumb -o "Core/Src/main.o"
arm-none-eabi-gcc -o "ASM.elf" @"objects.list"   -mcpu=cortex-m3 -T"C:\Users\ADMIN\Downloads\ASM\STM32F103RBTX_FLASH.ld" --specs=nosys.specs -Wl,-Map="ASM.map" -Wl,--gc-sections -static --specs=nano.specs -mfloat-abi=soft -mthumb -Wl,--start-group -lc -lm -Wl,--end-group
Finished building target: ASM.elf
 
arm-none-eabi-size   ASM.elf 
arm-none-eabi-objdump -h -S  ASM.elf  > "ASM.list"
   text	   data	    bss	    dec	    hex	filename
  10148	     24	   1784	  11956	   2eb4	ASM.elf
Finished building: default.size.stdout
 
Finished building: ASM.list
 
23:29:41 **** Incremental Build of configuration Debug for project ASM ****
make -j12 all 
arm-none-eabi-gcc "../Core/Src/main.c" -mcpu=cortex-m3 -std=gnu11 -g3 -DDEBUG -DUSE_HAL_DRIVER -DSTM32F103xB -c -I../Core/Inc -I../Drivers/STM32F1xx_HAL_Driver/Inc -I../Drivers/STM32F1xx_HAL_Driver/Inc/Legacy -I../Drivers/CMSIS/Device/ST/STM32F1xx/Include -I../Drivers/CMSIS/Include -O0 -ffunction-sections -fdata-sections -Wall -fstack-usage -MMD -MP -MF"Core/Src/main.d" -MT"Core/Src/main.o" --specs=nano.specs -mfloat-abi=soft -mthumb -o "Core/Src/main.o"
arm-none-eabi-gcc -o "ASM.elf" @"objects.list"   -mcpu=cortex-m3 -T"C:\Users\ADMIN\Downloads\ASM\STM32F103RBTX_FLASH.ld" --specs=nosys.specs -Wl,-Map="ASM.map" -Wl,--gc-sections -static --specs=nano.specs -mfloat-abi=soft -mthumb -Wl,--start-group -lc -lm -Wl,--end-group
Finished building target: ASM.elf
 
arm-none-eabi-size   ASM.elf 
arm-none-eabi-objdump -h -S  ASM.elf  > "ASM.list"
   text	   data	    bss	    dec	    hex	filename
  10148	     20	   1788	  11956	   2eb4	ASM.elf
Finished building: default.size.stdout
 
Finished building: ASM.list
 
23:31:24 **** Incremental Build of configuration Debug for project 4_Way_Traffic_Light ****
make -j12 all 
arm-none-eabi-gcc "../Core/Src/main.c" -mcpu=cortex-m3 -std=gnu11 -g3 -DDEBUG -DUSE_HAL_DRIVER -DSTM32F103xB -c -I../Core/Inc -I../Drivers/STM32F1xx_HAL_Driver/Inc -I../Drivers/STM32F1xx_HAL_Driver/Inc/Legacy -I../Drivers/CMSIS/Device/ST/STM32F1xx/Include -I../Drivers/CMSIS/Include -O0 -ffunction-sections -fdata-sections -Wall -fstack-usage -MMD -MP -MF"Core/Src/main.d" -MT"Core/Src/main.o" --specs=nano.specs -mfloat-abi=soft -mthumb -o "Core/Src/main.o"
arm-none-eabi-gcc -o "4_Way_Traffic_Light.elf" @"objects.list"   -mcpu=cortex-m3 -T"C:\Users\ADMIN\Documents\MCU\4_Way_Traffic_Light\4_Way_Traffic_Light\STM32F103RBTX_FLASH.ld" --specs=nosys.specs -Wl,-Map="4_Way_Traffic_Light.map" -Wl,--gc-sections -static --specs=nano.specs -mfloat-abi=soft -mthumb -Wl,--start-group -lc -lm -Wl,--end-group
Finished building target: 4_Way_Traffic_Light.elf
 
arm-none-eabi-size   4_Way_Traffic_Light.elf 
arm-none-eabi-objdump -h -S  4_Way_Traffic_Light.elf  > "4_Way_Traffic_Light.list"
   text	   data	    bss	    dec	    hex	filename
  11796	    100	   2532	  14428	   385c	4_Way_Traffic_Light.elf
Finished building: default.size.stdout
 
Finished building: 4_Way_Traffic_Light.list
 
23:31:46 **** Incremental Build of configuration Debug for project 4_Way_Traffic_Light ****
make -j12 all 
arm-none-eabi-gcc "../Core/Src/main.c" -mcpu=cortex-m3 -std=gnu11 -g3 -DDEBUG -DUSE_HAL_DRIVER -DSTM32F103xB -c -I../Core/Inc -I../Drivers/STM32F1xx_HAL_Driver/Inc -I../Drivers/STM32F1xx_HAL_Driver/Inc/Legacy -I../Drivers/CMSIS/Device/ST/STM32F1xx/Include -I../Drivers/CMSIS/Include -O0 -ffunction-sections -fdata-sections -Wall -fstack-usage -MMD -MP -MF"Core/Src/main.d" -MT"Core/Src/main.o" --specs=nano.specs -mfloat-abi=soft -mthumb -o "Core/Src/main.o"
arm-none-eabi-gcc -o "4_Way_Traffic_Light.elf" @"objects.list"   -mcpu=cortex-m3 -T"C:\Users\ADMIN\Documents\MCU\4_Way_Traffic_Light\4_Way_Traffic_Light\STM32F103RBTX_FLASH.ld" --specs=nosys.specs -Wl,-Map="4_Way_Traffic_Light.map" -Wl,--gc-sections -static --specs=nano.specs -mfloat-abi=soft -mthumb -Wl,--start-group -lc -lm -Wl,--end-group
Finished building target: 4_Way_Traffic_Light.elf
 
arm-none-eabi-size   4_Way_Traffic_Light.elf 
arm-none-eabi-objdump -h -S  4_Way_Traffic_Light.elf  > "4_Way_Traffic_Light.list"
   text	   data	    bss	    dec	    hex	filename
  11796	    100	   2532	  14428	   385c	4_Way_Traffic_Light.elf
Finished building: default.size.stdout
 
Finished building: 4_Way_Traffic_Light.list
 
23:31:51 **** Incremental Build of configuration Debug for project 4_Way_Traffic_Light ****
make -j12 all 
arm-none-eabi-size   4_Way_Traffic_Light.elf 
   text	   data	    bss	    dec	    hex	filename
  11796	    100	   2532	  14428	   385c	4_Way_Traffic_Light.elf
Finished building: default.size.stdout
 
23:32:06 **** Incremental Build of configuration Debug for project 4_Way_Traffic_Light ****
make -j12 all 
arm-none-eabi-gcc "../Core/Src/main.c" -mcpu=cortex-m3 -std=gnu11 -g3 -DDEBUG -DUSE_HAL_DRIVER -DSTM32F103xB -c -I../Core/Inc -I../Drivers/STM32F1xx_HAL_Driver/Inc -I../Drivers/STM32F1xx_HAL_Driver/Inc/Legacy -I../Drivers/CMSIS/Device/ST/STM32F1xx/Include -I../Drivers/CMSIS/Include -O0 -ffunction-sections -fdata-sections -Wall -fstack-usage -MMD -MP -MF"Core/Src/main.d" -MT"Core/Src/main.o" --specs=nano.specs -mfloat-abi=soft -mthumb -o "Core/Src/main.o"
arm-none-eabi-gcc -o "4_Way_Traffic_Light.elf" @"objects.list"   -mcpu=cortex-m3 -T"C:\Users\ADMIN\Documents\MCU\4_Way_Traffic_Light\4_Way_Traffic_Light\STM32F103RBTX_FLASH.ld" --specs=nosys.specs -Wl,-Map="4_Way_Traffic_Light.map" -Wl,--gc-sections -static --specs=nano.specs -mfloat-abi=soft -mthumb -Wl,--start-group -lc -lm -Wl,--end-group
Finished building target: 4_Way_Traffic_Light.elf
 
arm-none-eabi-size   4_Way_Traffic_Light.elf 
arm-none-eabi-objdump -h -S  4_Way_Traffic_Light.elf  > "4_Way_Traffic_Light.list"
   text	   data	    bss	    dec	    hex	filename
  11784	    100	   2532	  14416	   3850	4_Way_Traffic_Light.elf
Finished building: default.size.stdout
 
Finished building: 4_Way_Traffic_Light.list
 
23:39:20 **** Incremental Build of configuration Debug for project 4_Way_Traffic_Light ****
make -j12 all 
arm-none-eabi-gcc "../Core/Src/main.c" -mcpu=cortex-m3 -std=gnu11 -g3 -DDEBUG -DUSE_HAL_DRIVER -DSTM32F103xB -c -I../Core/Inc -I../Drivers/STM32F1xx_HAL_Driver/Inc -I../Drivers/STM32F1xx_HAL_Driver/Inc/Legacy -I../Drivers/CMSIS/Device/ST/STM32F1xx/Include -I../Drivers/CMSIS/Include -O0 -ffunction-sections -fdata-sections -Wall -fstack-usage -MMD -MP -MF"Core/Src/main.d" -MT"Core/Src/main.o" --specs=nano.specs -mfloat-abi=soft -mthumb -o "Core/Src/main.o"
arm-none-eabi-gcc -o "4_Way_Traffic_Light.elf" @"objects.list"   -mcpu=cortex-m3 -T"C:\Users\ADMIN\Documents\MCU\4_Way_Traffic_Light\4_Way_Traffic_Light\STM32F103RBTX_FLASH.ld" --specs=nosys.specs -Wl,-Map="4_Way_Traffic_Light.map" -Wl,--gc-sections -static --specs=nano.specs -mfloat-abi=soft -mthumb -Wl,--start-group -lc -lm -Wl,--end-group
Finished building target: 4_Way_Traffic_Light.elf
 
arm-none-eabi-size   4_Way_Traffic_Light.elf 
arm-none-eabi-objdump -h -S  4_Way_Traffic_Light.elf  > "4_Way_Traffic_Light.list"
   text	   data	    bss	    dec	    hex	filename
  11788	     96	   2536	  14420	   3854	4_Way_Traffic_Light.elf
Finished building: default.size.stdout
 
Finished building: 4_Way_Traffic_Light.list
 
23:40:27 **** Incremental Build of configuration Debug for project 4_Way_Traffic_Light ****
make -j12 all 
arm-none-eabi-gcc "../Core/Src/main.c" -mcpu=cortex-m3 -std=gnu11 -g3 -DDEBUG -DUSE_HAL_DRIVER -DSTM32F103xB -c -I../Core/Inc -I../Drivers/STM32F1xx_HAL_Driver/Inc -I../Drivers/STM32F1xx_HAL_Driver/Inc/Legacy -I../Drivers/CMSIS/Device/ST/STM32F1xx/Include -I../Drivers/CMSIS/Include -O0 -ffunction-sections -fdata-sections -Wall -fstack-usage -MMD -MP -MF"Core/Src/main.d" -MT"Core/Src/main.o" --specs=nano.specs -mfloat-abi=soft -mthumb -o "Core/Src/main.o"
arm-none-eabi-gcc -o "4_Way_Traffic_Light.elf" @"objects.list"   -mcpu=cortex-m3 -T"C:\Users\ADMIN\Documents\MCU\4_Way_Traffic_Light\4_Way_Traffic_Light\STM32F103RBTX_FLASH.ld" --specs=nosys.specs -Wl,-Map="4_Way_Traffic_Light.map" -Wl,--gc-sections -static --specs=nano.specs -mfloat-abi=soft -mthumb -Wl,--start-group -lc -lm -Wl,--end-group
d:\st\stm32cubeide_1.10.1\stm32cubeide\plugins\com.st.stm32cube.ide.mcu.externaltools.gnu-tools-for-stm32.10.3-2021.10.win32_1.0.0.202111181127\tools\arm-none-eabi\bin\ld.exe: ./Core/Src/tim.o:C:/Users/ADMIN/Documents/MCU/4_Way_Traffic_Light/4_Way_Traffic_Light/Debug/../Core/Src/tim.c:27: multiple definition of `htim3'; ./Core/Src/main.o:C:/Users/ADMIN/Documents/MCU/4_Way_Traffic_Light/4_Way_Traffic_Light/Debug/../Core/Src/main.c:49: first defined here
collect2.exe: error: ld returned 1 exit status
make: *** [makefile:64: 4_Way_Traffic_Light.elf] Error 1
"make -j12 all" terminated with exit code 2. Build might be incomplete.
23:42:37 **** Incremental Build of configuration Debug for project 4_Way_Traffic_Light ****
make -j12 all 
arm-none-eabi-gcc "../Core/Src/main.c" -mcpu=cortex-m3 -std=gnu11 -g3 -DDEBUG -DUSE_HAL_DRIVER -DSTM32F103xB -c -I../Core/Inc -I../Drivers/STM32F1xx_HAL_Driver/Inc -I../Drivers/STM32F1xx_HAL_Driver/Inc/Legacy -I../Drivers/CMSIS/Device/ST/STM32F1xx/Include -I../Drivers/CMSIS/Include -O0 -ffunction-sections -fdata-sections -Wall -fstack-usage -MMD -MP -MF"Core/Src/main.d" -MT"Core/Src/main.o" --specs=nano.specs -mfloat-abi=soft -mthumb -o "Core/Src/main.o"
../Core/Src/main.c: In function 'main':
../Core/Src/main.c:140:3: warning: implicit declaration of function 'HAL_DELAY' [-Wimplicit-function-declaration]
  140 |   HAL_DELAY(500);
      |   ^~~~~~~~~
arm-none-eabi-gcc -o "4_Way_Traffic_Light.elf" @"objects.list"   -mcpu=cortex-m3 -T"C:\Users\ADMIN\Documents\MCU\4_Way_Traffic_Light\4_Way_Traffic_Light\STM32F103RBTX_FLASH.ld" --specs=nosys.specs -Wl,-Map="4_Way_Traffic_Light.map" -Wl,--gc-sections -static --specs=nano.specs -mfloat-abi=soft -mthumb -Wl,--start-group -lc -lm -Wl,--end-group
d:\st\stm32cubeide_1.10.1\stm32cubeide\plugins\com.st.stm32cube.ide.mcu.externaltools.gnu-tools-for-stm32.10.3-2021.10.win32_1.0.0.202111181127\tools\arm-none-eabi\bin\ld.exe: ./Core/Src/main.o: in function `main':
C:/Users/ADMIN/Documents/MCU/4_Way_Traffic_Light/4_Way_Traffic_Light/Debug/../Core/Src/main.c:140: undefined reference to `HAL_DELAY'
collect2.exe: error: ld returned 1 exit status
make: *** [makefile:64: 4_Way_Traffic_Light.elf] Error 1
"make -j12 all" terminated with exit code 2. Build might be incomplete.
23:42:47 **** Incremental Build of configuration Debug for project 4_Way_Traffic_Light ****
make -j12 all 
arm-none-eabi-gcc "../Core/Src/main.c" -mcpu=cortex-m3 -std=gnu11 -g3 -DDEBUG -DUSE_HAL_DRIVER -DSTM32F103xB -c -I../Core/Inc -I../Drivers/STM32F1xx_HAL_Driver/Inc -I../Drivers/STM32F1xx_HAL_Driver/Inc/Legacy -I../Drivers/CMSIS/Device/ST/STM32F1xx/Include -I../Drivers/CMSIS/Include -O0 -ffunction-sections -fdata-sections -Wall -fstack-usage -MMD -MP -MF"Core/Src/main.d" -MT"Core/Src/main.o" --specs=nano.specs -mfloat-abi=soft -mthumb -o "Core/Src/main.o"
arm-none-eabi-gcc -o "4_Way_Traffic_Light.elf" @"objects.list"   -mcpu=cortex-m3 -T"C:\Users\ADMIN\Documents\MCU\4_Way_Traffic_Light\4_Way_Traffic_Light\STM32F103RBTX_FLASH.ld" --specs=nosys.specs -Wl,-Map="4_Way_Traffic_Light.map" -Wl,--gc-sections -static --specs=nano.specs -mfloat-abi=soft -mthumb -Wl,--start-group -lc -lm -Wl,--end-group
Finished building target: 4_Way_Traffic_Light.elf
 
arm-none-eabi-size   4_Way_Traffic_Light.elf 
arm-none-eabi-objdump -h -S  4_Way_Traffic_Light.elf  > "4_Way_Traffic_Light.list"
   text	   data	    bss	    dec	    hex	filename
  11356	     96	   2536	  13988	   36a4	4_Way_Traffic_Light.elf
Finished building: default.size.stdout
 
Finished building: 4_Way_Traffic_Light.list
 
23:45:02 **** Incremental Build of configuration Debug for project 4_Way_Traffic_Light ****
make -j12 all 
arm-none-eabi-gcc "../Core/Src/main.c" -mcpu=cortex-m3 -std=gnu11 -g3 -DDEBUG -DUSE_HAL_DRIVER -DSTM32F103xB -c -I../Core/Inc -I../Drivers/STM32F1xx_HAL_Driver/Inc -I../Drivers/STM32F1xx_HAL_Driver/Inc/Legacy -I../Drivers/CMSIS/Device/ST/STM32F1xx/Include -I../Drivers/CMSIS/Include -O0 -ffunction-sections -fdata-sections -Wall -fstack-usage -MMD -MP -MF"Core/Src/main.d" -MT"Core/Src/main.o" --specs=nano.specs -mfloat-abi=soft -mthumb -o "Core/Src/main.o"
arm-none-eabi-gcc -o "4_Way_Traffic_Light.elf" @"objects.list"   -mcpu=cortex-m3 -T"C:\Users\ADMIN\Documents\MCU\4_Way_Traffic_Light\4_Way_Traffic_Light\STM32F103RBTX_FLASH.ld" --specs=nosys.specs -Wl,-Map="4_Way_Traffic_Light.map" -Wl,--gc-sections -static --specs=nano.specs -mfloat-abi=soft -mthumb -Wl,--start-group -lc -lm -Wl,--end-group
Finished building target: 4_Way_Traffic_Light.elf
 
arm-none-eabi-size   4_Way_Traffic_Light.elf 
arm-none-eabi-objdump -h -S  4_Way_Traffic_Light.elf  > "4_Way_Traffic_Light.list"
   text	   data	    bss	    dec	    hex	filename
  11712	     96	   2536	  14344	   3808	4_Way_Traffic_Light.elf
Finished building: default.size.stdout
 
Finished building: 4_Way_Traffic_Light.list
 
23:45:04 **** Incremental Build of configuration Debug for project 4_Way_Traffic_Light ****
make -j12 all 
arm-none-eabi-size   4_Way_Traffic_Light.elf 
   text	   data	    bss	    dec	    hex	filename
  11712	     96	   2536	  14344	   3808	4_Way_Traffic_Light.elf
Finished building: default.size.stdout
 
23:45:45 **** Incremental Build of configuration Debug for project 4_Way_Traffic_Light ****
make -j12 all 
arm-none-eabi-gcc "../Core/Src/main.c" -mcpu=cortex-m3 -std=gnu11 -g3 -DDEBUG -DUSE_HAL_DRIVER -DSTM32F103xB -c -I../Core/Inc -I../Drivers/STM32F1xx_HAL_Driver/Inc -I../Drivers/STM32F1xx_HAL_Driver/Inc/Legacy -I../Drivers/CMSIS/Device/ST/STM32F1xx/Include -I../Drivers/CMSIS/Include -O0 -ffunction-sections -fdata-sections -Wall -fstack-usage -MMD -MP -MF"Core/Src/main.d" -MT"Core/Src/main.o" --specs=nano.specs -mfloat-abi=soft -mthumb -o "Core/Src/main.o"
arm-none-eabi-gcc -o "4_Way_Traffic_Light.elf" @"objects.list"   -mcpu=cortex-m3 -T"C:\Users\ADMIN\Documents\MCU\4_Way_Traffic_Light\4_Way_Traffic_Light\STM32F103RBTX_FLASH.ld" --specs=nosys.specs -Wl,-Map="4_Way_Traffic_Light.map" -Wl,--gc-sections -static --specs=nano.specs -mfloat-abi=soft -mthumb -Wl,--start-group -lc -lm -Wl,--end-group
Finished building target: 4_Way_Traffic_Light.elf
 
arm-none-eabi-size   4_Way_Traffic_Light.elf 
arm-none-eabi-objdump -h -S  4_Way_Traffic_Light.elf  > "4_Way_Traffic_Light.list"
   text	   data	    bss	    dec	    hex	filename
  11308	     96	   2536	  13940	   3674	4_Way_Traffic_Light.elf
Finished building: default.size.stdout
 
Finished building: 4_Way_Traffic_Light.list
 
23:46:16 **** Incremental Build of configuration Debug for project 4_Way_Traffic_Light ****
make -j12 all 
arm-none-eabi-gcc "../Core/Src/main.c" -mcpu=cortex-m3 -std=gnu11 -g3 -DDEBUG -DUSE_HAL_DRIVER -DSTM32F103xB -c -I../Core/Inc -I../Drivers/STM32F1xx_HAL_Driver/Inc -I../Drivers/STM32F1xx_HAL_Driver/Inc/Legacy -I../Drivers/CMSIS/Device/ST/STM32F1xx/Include -I../Drivers/CMSIS/Include -O0 -ffunction-sections -fdata-sections -Wall -fstack-usage -MMD -MP -MF"Core/Src/main.d" -MT"Core/Src/main.o" --specs=nano.specs -mfloat-abi=soft -mthumb -o "Core/Src/main.o"
arm-none-eabi-gcc -o "4_Way_Traffic_Light.elf" @"objects.list"   -mcpu=cortex-m3 -T"C:\Users\ADMIN\Documents\MCU\4_Way_Traffic_Light\4_Way_Traffic_Light\STM32F103RBTX_FLASH.ld" --specs=nosys.specs -Wl,-Map="4_Way_Traffic_Light.map" -Wl,--gc-sections -static --specs=nano.specs -mfloat-abi=soft -mthumb -Wl,--start-group -lc -lm -Wl,--end-group
Finished building target: 4_Way_Traffic_Light.elf
 
arm-none-eabi-size   4_Way_Traffic_Light.elf 
arm-none-eabi-objdump -h -S  4_Way_Traffic_Light.elf  > "4_Way_Traffic_Light.list"
   text	   data	    bss	    dec	    hex	filename
  11368	     96	   2536	  14000	   36b0	4_Way_Traffic_Light.elf
Finished building: default.size.stdout
 
Finished building: 4_Way_Traffic_Light.list
 
23:47:02 **** Incremental Build of configuration Debug for project 4_Way_Traffic_Light ****
make -j12 all 
arm-none-eabi-gcc "../Core/Src/main.c" -mcpu=cortex-m3 -std=gnu11 -g3 -DDEBUG -DUSE_HAL_DRIVER -DSTM32F103xB -c -I../Core/Inc -I../Drivers/STM32F1xx_HAL_Driver/Inc -I../Drivers/STM32F1xx_HAL_Driver/Inc/Legacy -I../Drivers/CMSIS/Device/ST/STM32F1xx/Include -I../Drivers/CMSIS/Include -O0 -ffunction-sections -fdata-sections -Wall -fstack-usage -MMD -MP -MF"Core/Src/main.d" -MT"Core/Src/main.o" --specs=nano.specs -mfloat-abi=soft -mthumb -o "Core/Src/main.o"
arm-none-eabi-gcc -o "4_Way_Traffic_Light.elf" @"objects.list"   -mcpu=cortex-m3 -T"C:\Users\ADMIN\Documents\MCU\4_Way_Traffic_Light\4_Way_Traffic_Light\STM32F103RBTX_FLASH.ld" --specs=nosys.specs -Wl,-Map="4_Way_Traffic_Light.map" -Wl,--gc-sections -static --specs=nano.specs -mfloat-abi=soft -mthumb -Wl,--start-group -lc -lm -Wl,--end-group
Finished building target: 4_Way_Traffic_Light.elf
 
arm-none-eabi-size   4_Way_Traffic_Light.elf 
arm-none-eabi-objdump -h -S  4_Way_Traffic_Light.elf  > "4_Way_Traffic_Light.list"
   text	   data	    bss	    dec	    hex	filename
  11368	     96	   2536	  14000	   36b0	4_Way_Traffic_Light.elf
Finished building: default.size.stdout
 
Finished building: 4_Way_Traffic_Light.list
 
23:50:35 **** Incremental Build of configuration Debug for project 4_Way_Traffic_Light ****
make -j12 all 
arm-none-eabi-gcc "../Core/Src/fsm_for_multi_mode.c" -mcpu=cortex-m3 -std=gnu11 -g3 -DDEBUG -DUSE_HAL_DRIVER -DSTM32F103xB -c -I../Core/Inc -I../Drivers/STM32F1xx_HAL_Driver/Inc -I../Drivers/STM32F1xx_HAL_Driver/Inc/Legacy -I../Drivers/CMSIS/Device/ST/STM32F1xx/Include -I../Drivers/CMSIS/Include -O0 -ffunction-sections -fdata-sections -Wall -fstack-usage -MMD -MP -MF"Core/Src/fsm_for_multi_mode.d" -MT"Core/Src/fsm_for_multi_mode.o" --specs=nano.specs -mfloat-abi=soft -mthumb -o "Core/Src/fsm_for_multi_mode.o"
arm-none-eabi-gcc "../Core/Src/input_reading.c" -mcpu=cortex-m3 -std=gnu11 -g3 -DDEBUG -DUSE_HAL_DRIVER -DSTM32F103xB -c -I../Core/Inc -I../Drivers/STM32F1xx_HAL_Driver/Inc -I../Drivers/STM32F1xx_HAL_Driver/Inc/Legacy -I../Drivers/CMSIS/Device/ST/STM32F1xx/Include -I../Drivers/CMSIS/Include -O0 -ffunction-sections -fdata-sections -Wall -fstack-usage -MMD -MP -MF"Core/Src/input_reading.d" -MT"Core/Src/input_reading.o" --specs=nano.specs -mfloat-abi=soft -mthumb -o "Core/Src/input_reading.o"
arm-none-eabi-gcc "../Core/Src/main.c" -mcpu=cortex-m3 -std=gnu11 -g3 -DDEBUG -DUSE_HAL_DRIVER -DSTM32F103xB -c -I../Core/Inc -I../Drivers/STM32F1xx_HAL_Driver/Inc -I../Drivers/STM32F1xx_HAL_Driver/Inc/Legacy -I../Drivers/CMSIS/Device/ST/STM32F1xx/Include -I../Drivers/CMSIS/Include -O0 -ffunction-sections -fdata-sections -Wall -fstack-usage -MMD -MP -MF"Core/Src/main.d" -MT"Core/Src/main.o" --specs=nano.specs -mfloat-abi=soft -mthumb -o "Core/Src/main.o"
arm-none-eabi-gcc -o "4_Way_Traffic_Light.elf" @"objects.list"   -mcpu=cortex-m3 -T"C:\Users\ADMIN\Documents\MCU\4_Way_Traffic_Light\4_Way_Traffic_Light\STM32F103RBTX_FLASH.ld" --specs=nosys.specs -Wl,-Map="4_Way_Traffic_Light.map" -Wl,--gc-sections -static --specs=nano.specs -mfloat-abi=soft -mthumb -Wl,--start-group -lc -lm -Wl,--end-group
Finished building target: 4_Way_Traffic_Light.elf
 
arm-none-eabi-size   4_Way_Traffic_Light.elf 
arm-none-eabi-objdump -h -S  4_Way_Traffic_Light.elf  > "4_Way_Traffic_Light.list"
   text	   data	    bss	    dec	    hex	filename
  11368	     96	   2536	  14000	   36b0	4_Way_Traffic_Light.elf
Finished building: default.size.stdout
 
Finished building: 4_Way_Traffic_Light.list
 
23:54:54 **** Incremental Build of configuration Debug for project 4_Way_Traffic_Light ****
make -j12 all 
arm-none-eabi-gcc "../Core/Src/fsm_for_multi_mode.c" -mcpu=cortex-m3 -std=gnu11 -g3 -DDEBUG -DUSE_HAL_DRIVER -DSTM32F103xB -c -I../Core/Inc -I../Drivers/STM32F1xx_HAL_Driver/Inc -I../Drivers/STM32F1xx_HAL_Driver/Inc/Legacy -I../Drivers/CMSIS/Device/ST/STM32F1xx/Include -I../Drivers/CMSIS/Include -O0 -ffunction-sections -fdata-sections -Wall -fstack-usage -MMD -MP -MF"Core/Src/fsm_for_multi_mode.d" -MT"Core/Src/fsm_for_multi_mode.o" --specs=nano.specs -mfloat-abi=soft -mthumb -o "Core/Src/fsm_for_multi_mode.o"
arm-none-eabi-gcc "../Core/Src/input_reading.c" -mcpu=cortex-m3 -std=gnu11 -g3 -DDEBUG -DUSE_HAL_DRIVER -DSTM32F103xB -c -I../Core/Inc -I../Drivers/STM32F1xx_HAL_Driver/Inc -I../Drivers/STM32F1xx_HAL_Driver/Inc/Legacy -I../Drivers/CMSIS/Device/ST/STM32F1xx/Include -I../Drivers/CMSIS/Include -O0 -ffunction-sections -fdata-sections -Wall -fstack-usage -MMD -MP -MF"Core/Src/input_reading.d" -MT"Core/Src/input_reading.o" --specs=nano.specs -mfloat-abi=soft -mthumb -o "Core/Src/input_reading.o"
arm-none-eabi-gcc "../Core/Src/main.c" -mcpu=cortex-m3 -std=gnu11 -g3 -DDEBUG -DUSE_HAL_DRIVER -DSTM32F103xB -c -I../Core/Inc -I../Drivers/STM32F1xx_HAL_Driver/Inc -I../Drivers/STM32F1xx_HAL_Driver/Inc/Legacy -I../Drivers/CMSIS/Device/ST/STM32F1xx/Include -I../Drivers/CMSIS/Include -O0 -ffunction-sections -fdata-sections -Wall -fstack-usage -MMD -MP -MF"Core/Src/main.d" -MT"Core/Src/main.o" --specs=nano.specs -mfloat-abi=soft -mthumb -o "Core/Src/main.o"
arm-none-eabi-gcc -o "4_Way_Traffic_Light.elf" @"objects.list"   -mcpu=cortex-m3 -T"C:\Users\ADMIN\Documents\MCU\4_Way_Traffic_Light\4_Way_Traffic_Light\STM32F103RBTX_FLASH.ld" --specs=nosys.specs -Wl,-Map="4_Way_Traffic_Light.map" -Wl,--gc-sections -static --specs=nano.specs -mfloat-abi=soft -mthumb -Wl,--start-group -lc -lm -Wl,--end-group
Finished building target: 4_Way_Traffic_Light.elf
 
arm-none-eabi-size   4_Way_Traffic_Light.elf 
arm-none-eabi-objdump -h -S  4_Way_Traffic_Light.elf  > "4_Way_Traffic_Light.list"
   text	   data	    bss	    dec	    hex	filename
  11464	     96	   2536	  14096	   3710	4_Way_Traffic_Light.elf
Finished building: default.size.stdout
 
Finished building: 4_Way_Traffic_Light.list
 
23:54:56 **** Incremental Build of configuration Debug for project 4_Way_Traffic_Light ****
make -j12 all 
arm-none-eabi-size   4_Way_Traffic_Light.elf 
   text	   data	    bss	    dec	    hex	filename
  11464	     96	   2536	  14096	   3710	4_Way_Traffic_Light.elf
Finished building: default.size.stdout
 
00:18:47 **** Incremental Build of configuration Debug for project 4_Way_Traffic_Light ****
make -j12 all 
arm-none-eabi-gcc "../Core/Src/main.c" -mcpu=cortex-m3 -std=gnu11 -g3 -DDEBUG -DUSE_HAL_DRIVER -DSTM32F103xB -c -I../Core/Inc -I../Drivers/STM32F1xx_HAL_Driver/Inc -I../Drivers/STM32F1xx_HAL_Driver/Inc/Legacy -I../Drivers/CMSIS/Device/ST/STM32F1xx/Include -I../Drivers/CMSIS/Include -O0 -ffunction-sections -fdata-sections -Wall -fstack-usage -MMD -MP -MF"Core/Src/main.d" -MT"Core/Src/main.o" --specs=nano.specs -mfloat-abi=soft -mthumb -o "Core/Src/main.o"
arm-none-eabi-gcc -o "4_Way_Traffic_Light.elf" @"objects.list"   -mcpu=cortex-m3 -T"C:\Users\ADMIN\Documents\MCU\4_Way_Traffic_Light\4_Way_Traffic_Light\STM32F103RBTX_FLASH.ld" --specs=nosys.specs -Wl,-Map="4_Way_Traffic_Light.map" -Wl,--gc-sections -static --specs=nano.specs -mfloat-abi=soft -mthumb -Wl,--start-group -lc -lm -Wl,--end-group
Finished building target: 4_Way_Traffic_Light.elf
 
arm-none-eabi-size   4_Way_Traffic_Light.elf 
arm-none-eabi-objdump -h -S  4_Way_Traffic_Light.elf  > "4_Way_Traffic_Light.list"
   text	   data	    bss	    dec	    hex	filename
  11460	     96	   2536	  14092	   370c	4_Way_Traffic_Light.elf
Finished building: default.size.stdout
 
Finished building: 4_Way_Traffic_Light.list
 
00:19:38 **** Incremental Build of configuration Debug for project 4_Way_Traffic_Light ****
make -j12 all 
arm-none-eabi-gcc "../Core/Src/main.c" -mcpu=cortex-m3 -std=gnu11 -g3 -DDEBUG -DUSE_HAL_DRIVER -DSTM32F103xB -c -I../Core/Inc -I../Drivers/STM32F1xx_HAL_Driver/Inc -I../Drivers/STM32F1xx_HAL_Driver/Inc/Legacy -I../Drivers/CMSIS/Device/ST/STM32F1xx/Include -I../Drivers/CMSIS/Include -O0 -ffunction-sections -fdata-sections -Wall -fstack-usage -MMD -MP -MF"Core/Src/main.d" -MT"Core/Src/main.o" --specs=nano.specs -mfloat-abi=soft -mthumb -o "Core/Src/main.o"
arm-none-eabi-gcc -o "4_Way_Traffic_Light.elf" @"objects.list"   -mcpu=cortex-m3 -T"C:\Users\ADMIN\Documents\MCU\4_Way_Traffic_Light\4_Way_Traffic_Light\STM32F103RBTX_FLASH.ld" --specs=nosys.specs -Wl,-Map="4_Way_Traffic_Light.map" -Wl,--gc-sections -static --specs=nano.specs -mfloat-abi=soft -mthumb -Wl,--start-group -lc -lm -Wl,--end-group
Finished building target: 4_Way_Traffic_Light.elf
 
arm-none-eabi-size   4_Way_Traffic_Light.elf 
arm-none-eabi-objdump -h -S  4_Way_Traffic_Light.elf  > "4_Way_Traffic_Light.list"
   text	   data	    bss	    dec	    hex	filename
  11364	     96	   2536	  13996	   36ac	4_Way_Traffic_Light.elf
Finished building: default.size.stdout
 
Finished building: 4_Way_Traffic_Light.list
 
00:20:40 **** Incremental Build of configuration Debug for project 4_Way_Traffic_Light ****
make -j12 all 
arm-none-eabi-gcc "../Core/Src/main.c" -mcpu=cortex-m3 -std=gnu11 -g3 -DDEBUG -DUSE_HAL_DRIVER -DSTM32F103xB -c -I../Core/Inc -I../Drivers/STM32F1xx_HAL_Driver/Inc -I../Drivers/STM32F1xx_HAL_Driver/Inc/Legacy -I../Drivers/CMSIS/Device/ST/STM32F1xx/Include -I../Drivers/CMSIS/Include -O0 -ffunction-sections -fdata-sections -Wall -fstack-usage -MMD -MP -MF"Core/Src/main.d" -MT"Core/Src/main.o" --specs=nano.specs -mfloat-abi=soft -mthumb -o "Core/Src/main.o"
arm-none-eabi-gcc -o "4_Way_Traffic_Light.elf" @"objects.list"   -mcpu=cortex-m3 -T"C:\Users\ADMIN\Documents\MCU\4_Way_Traffic_Light\4_Way_Traffic_Light\STM32F103RBTX_FLASH.ld" --specs=nosys.specs -Wl,-Map="4_Way_Traffic_Light.map" -Wl,--gc-sections -static --specs=nano.specs -mfloat-abi=soft -mthumb -Wl,--start-group -lc -lm -Wl,--end-group
Finished building target: 4_Way_Traffic_Light.elf
 
arm-none-eabi-size   4_Way_Traffic_Light.elf 
arm-none-eabi-objdump -h -S  4_Way_Traffic_Light.elf  > "4_Way_Traffic_Light.list"
   text	   data	    bss	    dec	    hex	filename
  11364	     96	   2536	  13996	   36ac	4_Way_Traffic_Light.elf
Finished building: default.size.stdout
 
Finished building: 4_Way_Traffic_Light.list
 
00:22:02 **** Incremental Build of configuration Debug for project 4_Way_Traffic_Light ****
make -j12 all 
arm-none-eabi-gcc "../Core/Src/main.c" -mcpu=cortex-m3 -std=gnu11 -g3 -DDEBUG -DUSE_HAL_DRIVER -DSTM32F103xB -c -I../Core/Inc -I../Drivers/STM32F1xx_HAL_Driver/Inc -I../Drivers/STM32F1xx_HAL_Driver/Inc/Legacy -I../Drivers/CMSIS/Device/ST/STM32F1xx/Include -I../Drivers/CMSIS/Include -O0 -ffunction-sections -fdata-sections -Wall -fstack-usage -MMD -MP -MF"Core/Src/main.d" -MT"Core/Src/main.o" --specs=nano.specs -mfloat-abi=soft -mthumb -o "Core/Src/main.o"
arm-none-eabi-gcc -o "4_Way_Traffic_Light.elf" @"objects.list"   -mcpu=cortex-m3 -T"C:\Users\ADMIN\Documents\MCU\4_Way_Traffic_Light\4_Way_Traffic_Light\STM32F103RBTX_FLASH.ld" --specs=nosys.specs -Wl,-Map="4_Way_Traffic_Light.map" -Wl,--gc-sections -static --specs=nano.specs -mfloat-abi=soft -mthumb -Wl,--start-group -lc -lm -Wl,--end-group
Finished building target: 4_Way_Traffic_Light.elf
 
arm-none-eabi-size   4_Way_Traffic_Light.elf 
arm-none-eabi-objdump -h -S  4_Way_Traffic_Light.elf  > "4_Way_Traffic_Light.list"
   text	   data	    bss	    dec	    hex	filename
  11460	     96	   2536	  14092	   370c	4_Way_Traffic_Light.elf
Finished building: default.size.stdout
 
Finished building: 4_Way_Traffic_Light.list
 
20:44:41 **** Incremental Build of configuration Debug for project 4_Way_Traffic_Light ****
make -j12 all 
arm-none-eabi-gcc "../Core/Src/fsm_for_multi_mode.c" -mcpu=cortex-m3 -std=gnu11 -g3 -DDEBUG -DUSE_HAL_DRIVER -DSTM32F103xB -c -I../Core/Inc -I../Drivers/STM32F1xx_HAL_Driver/Inc -I../Drivers/STM32F1xx_HAL_Driver/Inc/Legacy -I../Drivers/CMSIS/Device/ST/STM32F1xx/Include -I../Drivers/CMSIS/Include -O0 -ffunction-sections -fdata-sections -Wall -fstack-usage -MMD -MP -MF"Core/Src/fsm_for_multi_mode.d" -MT"Core/Src/fsm_for_multi_mode.o" --specs=nano.specs -mfloat-abi=soft -mthumb -o "Core/Src/fsm_for_multi_mode.o"
arm-none-eabi-gcc "../Core/Src/input_reading.c" -mcpu=cortex-m3 -std=gnu11 -g3 -DDEBUG -DUSE_HAL_DRIVER -DSTM32F103xB -c -I../Core/Inc -I../Drivers/STM32F1xx_HAL_Driver/Inc -I../Drivers/STM32F1xx_HAL_Driver/Inc/Legacy -I../Drivers/CMSIS/Device/ST/STM32F1xx/Include -I../Drivers/CMSIS/Include -O0 -ffunction-sections -fdata-sections -Wall -fstack-usage -MMD -MP -MF"Core/Src/input_reading.d" -MT"Core/Src/input_reading.o" --specs=nano.specs -mfloat-abi=soft -mthumb -o "Core/Src/input_reading.o"
arm-none-eabi-gcc "../Core/Src/main.c" -mcpu=cortex-m3 -std=gnu11 -g3 -DDEBUG -DUSE_HAL_DRIVER -DSTM32F103xB -c -I../Core/Inc -I../Drivers/STM32F1xx_HAL_Driver/Inc -I../Drivers/STM32F1xx_HAL_Driver/Inc/Legacy -I../Drivers/CMSIS/Device/ST/STM32F1xx/Include -I../Drivers/CMSIS/Include -O0 -ffunction-sections -fdata-sections -Wall -fstack-usage -MMD -MP -MF"Core/Src/main.d" -MT"Core/Src/main.o" --specs=nano.specs -mfloat-abi=soft -mthumb -o "Core/Src/main.o"
arm-none-eabi-gcc -o "4_Way_Traffic_Light.elf" @"objects.list"   -mcpu=cortex-m3 -T"C:\Users\ADMIN\Documents\MCU\4_Way_Traffic_Light\4_Way_Traffic_Light\STM32F103RBTX_FLASH.ld" --specs=nosys.specs -Wl,-Map="4_Way_Traffic_Light.map" -Wl,--gc-sections -static --specs=nano.specs -mfloat-abi=soft -mthumb -Wl,--start-group -lc -lm -Wl,--end-group
Finished building target: 4_Way_Traffic_Light.elf
 
arm-none-eabi-size   4_Way_Traffic_Light.elf 
arm-none-eabi-objdump -h -S  4_Way_Traffic_Light.elf  > "4_Way_Traffic_Light.list"
   text	   data	    bss	    dec	    hex	filename
  11460	     96	   2536	  14092	   370c	4_Way_Traffic_Light.elf
Finished building: default.size.stdout
 
Finished building: 4_Way_Traffic_Light.list
 
20:45:20 **** Incremental Build of configuration Debug for project 4_Way_Traffic_Light ****
make -j12 all 
arm-none-eabi-gcc "../Core/Src/main.c" -mcpu=cortex-m3 -std=gnu11 -g3 -DDEBUG -DUSE_HAL_DRIVER -DSTM32F103xB -c -I../Core/Inc -I../Drivers/STM32F1xx_HAL_Driver/Inc -I../Drivers/STM32F1xx_HAL_Driver/Inc/Legacy -I../Drivers/CMSIS/Device/ST/STM32F1xx/Include -I../Drivers/CMSIS/Include -O0 -ffunction-sections -fdata-sections -Wall -fstack-usage -MMD -MP -MF"Core/Src/main.d" -MT"Core/Src/main.o" --specs=nano.specs -mfloat-abi=soft -mthumb -o "Core/Src/main.o"
../Core/Src/main.c: In function 'task2':
../Core/Src/main.c:70:3: warning: implicit declaration of function 'trafficLighBlinkRed'; did you mean 'trafficLightBlinkRed'? [-Wimplicit-function-declaration]
   70 |   trafficLighBlinkRed(TRAFFIC_LIGHT_1);
      |   ^~~~~~~~~~~~~~~~~~~
      |   trafficLightBlinkRed
arm-none-eabi-gcc -o "4_Way_Traffic_Light.elf" @"objects.list"   -mcpu=cortex-m3 -T"C:\Users\ADMIN\Documents\MCU\4_Way_Traffic_Light\4_Way_Traffic_Light\STM32F103RBTX_FLASH.ld" --specs=nosys.specs -Wl,-Map="4_Way_Traffic_Light.map" -Wl,--gc-sections -static --specs=nano.specs -mfloat-abi=soft -mthumb -Wl,--start-group -lc -lm -Wl,--end-group
d:\st\stm32cubeide_1.10.1\stm32cubeide\plugins\com.st.stm32cube.ide.mcu.externaltools.gnu-tools-for-stm32.10.3-2021.10.win32_1.0.0.202111181127\tools\arm-none-eabi\bin\ld.exe: ./Core/Src/main.o: in function `task2':
C:/Users/ADMIN/Documents/MCU/4_Way_Traffic_Light/4_Way_Traffic_Light/Debug/../Core/Src/main.c:70: undefined reference to `trafficLighBlinkRed'
collect2.exe: error: ld returned 1 exit status
make: *** [makefile:64: 4_Way_Traffic_Light.elf] Error 1
"make -j12 all" terminated with exit code 2. Build might be incomplete.
20:49:53 **** Clean-only build of configuration Debug for project 4_Way_Traffic_Light ****
make -j12 clean 
rm -rf ./Drivers/STM32F1xx_HAL_Driver/Src/stm32f1xx_hal.d ./Drivers/STM32F1xx_HAL_Driver/Src/stm32f1xx_hal.o ./Drivers/STM32F1xx_HAL_Driver/Src/stm32f1xx_hal.su ./Drivers/STM32F1xx_HAL_Driver/Src/stm32f1xx_hal_cortex.d ./Drivers/STM32F1xx_HAL_Driver/Src/stm32f1xx_hal_cortex.o ./Drivers/STM32F1xx_HAL_Driver/Src/stm32f1xx_hal_cortex.su ./Drivers/STM32F1xx_HAL_Driver/Src/stm32f1xx_hal_dma.d ./Drivers/STM32F1xx_HAL_Driver/Src/stm32f1xx_hal_dma.o ./Drivers/STM32F1xx_HAL_Driver/Src/stm32f1xx_hal_dma.su ./Drivers/STM32F1xx_HAL_Driver/Src/stm32f1xx_hal_exti.d ./Drivers/STM32F1xx_HAL_Driver/Src/stm32f1xx_hal_exti.o ./Drivers/STM32F1xx_HAL_Driver/Src/stm32f1xx_hal_exti.su ./Drivers/STM32F1xx_HAL_Driver/Src/stm32f1xx_hal_flash.d ./Drivers/STM32F1xx_HAL_Driver/Src/stm32f1xx_hal_flash.o ./Drivers/STM32F1xx_HAL_Driver/Src/stm32f1xx_hal_flash.su ./Drivers/STM32F1xx_HAL_Driver/Src/stm32f1xx_hal_flash_ex.d ./Drivers/STM32F1xx_HAL_Driver/Src/stm32f1xx_hal_flash_ex.o ./Drivers/STM32F1xx_HAL_Driver/Src/stm32f1xx_hal_flash_ex.su ./Drivers/STM32F1xx_HAL_Driver/Src/stm32f1xx_hal_gpio.d ./Drivers/STM32F1xx_HAL_Driver/Src/stm32f1xx_hal_gpio.o ./Drivers/STM32F1xx_HAL_Driver/Src/stm32f1xx_hal_gpio.su ./Drivers/STM32F1xx_HAL_Driver/Src/stm32f1xx_hal_gpio_ex.d ./Drivers/STM32F1xx_HAL_Driver/Src/stm32f1xx_hal_gpio_ex.o ./Drivers/STM32F1xx_HAL_Driver/Src/stm32f1xx_hal_gpio_ex.su ./Drivers/STM32F1xx_HAL_Driver/Src/stm32f1xx_hal_pwr.d ./Drivers/STM32F1xx_HAL_Driver/Src/stm32f1xx_hal_pwr.o ./Drivers/STM32F1xx_HAL_Driver/Src/stm32f1xx_hal_pwr.su ./Drivers/STM32F1xx_HAL_Driver/Src/stm32f1xx_hal_rcc.d ./Drivers/STM32F1xx_HAL_Driver/Src/stm32f1xx_hal_rcc.o ./Drivers/STM32F1xx_HAL_Driver/Src/stm32f1xx_hal_rcc.su ./Drivers/STM32F1xx_HAL_Driver/Src/stm32f1xx_hal_rcc_ex.d ./Drivers/STM32F1xx_HAL_Driver/Src/stm32f1xx_hal_rcc_ex.o ./Drivers/STM32F1xx_HAL_Driver/Src/stm32f1xx_hal_rcc_ex.su ./Drivers/STM32F1xx_HAL_Driver/Src/stm32f1xx_hal_tim.d ./Drivers/STM32F1xx_HAL_Driver/Src/stm32f1xx_hal_tim.o ./Drivers/STM32F1xx_HAL_Driver/Src/stm32f1xx_hal_tim.su ./Drivers/STM32F1xx_HAL_Driver/Src/stm32f1xx_hal_tim_ex.d ./Drivers/STM32F1xx_HAL_Driver/Src/stm32f1xx_hal_tim_ex.o ./Drivers/STM32F1xx_HAL_Driver/Src/stm32f1xx_hal_tim_ex.su ./Drivers/STM32F1xx_HAL_Driver/Src/stm32f1xx_hal_uart.d ./Drivers/STM32F1xx_HAL_Driver/Src/stm32f1xx_hal_uart.o ./Drivers/STM32F1xx_HAL_Driver/Src/stm32f1xx_hal_uart.su
rm -rf ./Core/Startup/startup_stm32f103rbtx.d ./Core/Startup/startup_stm32f103rbtx.o
rm -rf ./Core/Src/fsm_for_multi_mode.d ./Core/Src/fsm_for_multi_mode.o ./Core/Src/fsm_for_multi_mode.su ./Core/Src/gpio.d ./Core/Src/gpio.o ./Core/Src/gpio.su ./Core/Src/input_reading.d ./Core/Src/input_reading.o ./Core/Src/input_reading.su ./Core/Src/main.d ./Core/Src/main.o ./Core/Src/main.su ./Core/Src/pedestrian_light_processing.d ./Core/Src/pedestrian_light_processing.o ./Core/Src/pedestrian_light_processing.su ./Core/Src/sched.d ./Core/Src/sched.o ./Core/Src/sched.su ./Core/Src/stm32f1xx_hal_msp.d ./Core/Src/stm32f1xx_hal_msp.o ./Core/Src/stm32f1xx_hal_msp.su ./Core/Src/stm32f1xx_it.d ./Core/Src/stm32f1xx_it.o ./Core/Src/stm32f1xx_it.su ./Core/Src/syscalls.d ./Core/Src/syscalls.o ./Core/Src/syscalls.su ./Core/Src/sysmem.d ./Core/Src/sysmem.o ./Core/Src/sysmem.su ./Core/Src/system_stm32f1xx.d ./Core/Src/system_stm32f1xx.o ./Core/Src/system_stm32f1xx.su ./Core/Src/tim.d ./Core/Src/tim.o ./Core/Src/tim.su ./Core/Src/traffic_light_processing.d ./Core/Src/traffic_light_processing.o ./Core/Src/traffic_light_processing.su ./Core/Src/usart.d ./Core/Src/usart.o ./Core/Src/usart.su
rm -rf 4_Way_Traffic_Light.elf 4_Way_Traffic_Light.list 4_Way_Traffic_Light.map default.size.stdout
 
20:49:54 **** Incremental Build of configuration Debug for project 4_Way_Traffic_Light ****
make -j12 all 
arm-none-eabi-gcc "../Drivers/STM32F1xx_HAL_Driver/Src/stm32f1xx_hal.c" -mcpu=cortex-m3 -std=gnu11 -g3 -DDEBUG -DUSE_HAL_DRIVER -DSTM32F103xB -c -I../Core/Inc -I../Drivers/STM32F1xx_HAL_Driver/Inc -I../Drivers/STM32F1xx_HAL_Driver/Inc/Legacy -I../Drivers/CMSIS/Device/ST/STM32F1xx/Include -I../Drivers/CMSIS/Include -O0 -ffunction-sections -fdata-sections -Wall -fstack-usage -MMD -MP -MF"Drivers/STM32F1xx_HAL_Driver/Src/stm32f1xx_hal.d" -MT"Drivers/STM32F1xx_HAL_Driver/Src/stm32f1xx_hal.o" --specs=nano.specs -mfloat-abi=soft -mthumb -o "Drivers/STM32F1xx_HAL_Driver/Src/stm32f1xx_hal.o"
arm-none-eabi-gcc "../Drivers/STM32F1xx_HAL_Driver/Src/stm32f1xx_hal_cortex.c" -mcpu=cortex-m3 -std=gnu11 -g3 -DDEBUG -DUSE_HAL_DRIVER -DSTM32F103xB -c -I../Core/Inc -I../Drivers/STM32F1xx_HAL_Driver/Inc -I../Drivers/STM32F1xx_HAL_Driver/Inc/Legacy -I../Drivers/CMSIS/Device/ST/STM32F1xx/Include -I../Drivers/CMSIS/Include -O0 -ffunction-sections -fdata-sections -Wall -fstack-usage -MMD -MP -MF"Drivers/STM32F1xx_HAL_Driver/Src/stm32f1xx_hal_cortex.d" -MT"Drivers/STM32F1xx_HAL_Driver/Src/stm32f1xx_hal_cortex.o" --specs=nano.specs -mfloat-abi=soft -mthumb -o "Drivers/STM32F1xx_HAL_Driver/Src/stm32f1xx_hal_cortex.o"
arm-none-eabi-gcc "../Drivers/STM32F1xx_HAL_Driver/Src/stm32f1xx_hal_dma.c" -mcpu=cortex-m3 -std=gnu11 -g3 -DDEBUG -DUSE_HAL_DRIVER -DSTM32F103xB -c -I../Core/Inc -I../Drivers/STM32F1xx_HAL_Driver/Inc -I../Drivers/STM32F1xx_HAL_Driver/Inc/Legacy -I../Drivers/CMSIS/Device/ST/STM32F1xx/Include -I../Drivers/CMSIS/Include -O0 -ffunction-sections -fdata-sections -Wall -fstack-usage -MMD -MP -MF"Drivers/STM32F1xx_HAL_Driver/Src/stm32f1xx_hal_dma.d" -MT"Drivers/STM32F1xx_HAL_Driver/Src/stm32f1xx_hal_dma.o" --specs=nano.specs -mfloat-abi=soft -mthumb -o "Drivers/STM32F1xx_HAL_Driver/Src/stm32f1xx_hal_dma.o"
arm-none-eabi-gcc "../Drivers/STM32F1xx_HAL_Driver/Src/stm32f1xx_hal_exti.c" -mcpu=cortex-m3 -std=gnu11 -g3 -DDEBUG -DUSE_HAL_DRIVER -DSTM32F103xB -c -I../Core/Inc -I../Drivers/STM32F1xx_HAL_Driver/Inc -I../Drivers/STM32F1xx_HAL_Driver/Inc/Legacy -I../Drivers/CMSIS/Device/ST/STM32F1xx/Include -I../Drivers/CMSIS/Include -O0 -ffunction-sections -fdata-sections -Wall -fstack-usage -MMD -MP -MF"Drivers/STM32F1xx_HAL_Driver/Src/stm32f1xx_hal_exti.d" -MT"Drivers/STM32F1xx_HAL_Driver/Src/stm32f1xx_hal_exti.o" --specs=nano.specs -mfloat-abi=soft -mthumb -o "Drivers/STM32F1xx_HAL_Driver/Src/stm32f1xx_hal_exti.o"
arm-none-eabi-gcc "../Drivers/STM32F1xx_HAL_Driver/Src/stm32f1xx_hal_flash.c" -mcpu=cortex-m3 -std=gnu11 -g3 -DDEBUG -DUSE_HAL_DRIVER -DSTM32F103xB -c -I../Core/Inc -I../Drivers/STM32F1xx_HAL_Driver/Inc -I../Drivers/STM32F1xx_HAL_Driver/Inc/Legacy -I../Drivers/CMSIS/Device/ST/STM32F1xx/Include -I../Drivers/CMSIS/Include -O0 -ffunction-sections -fdata-sections -Wall -fstack-usage -MMD -MP -MF"Drivers/STM32F1xx_HAL_Driver/Src/stm32f1xx_hal_flash.d" -MT"Drivers/STM32F1xx_HAL_Driver/Src/stm32f1xx_hal_flash.o" --specs=nano.specs -mfloat-abi=soft -mthumb -o "Drivers/STM32F1xx_HAL_Driver/Src/stm32f1xx_hal_flash.o"
arm-none-eabi-gcc "../Drivers/STM32F1xx_HAL_Driver/Src/stm32f1xx_hal_flash_ex.c" -mcpu=cortex-m3 -std=gnu11 -g3 -DDEBUG -DUSE_HAL_DRIVER -DSTM32F103xB -c -I../Core/Inc -I../Drivers/STM32F1xx_HAL_Driver/Inc -I../Drivers/STM32F1xx_HAL_Driver/Inc/Legacy -I../Drivers/CMSIS/Device/ST/STM32F1xx/Include -I../Drivers/CMSIS/Include -O0 -ffunction-sections -fdata-sections -Wall -fstack-usage -MMD -MP -MF"Drivers/STM32F1xx_HAL_Driver/Src/stm32f1xx_hal_flash_ex.d" -MT"Drivers/STM32F1xx_HAL_Driver/Src/stm32f1xx_hal_flash_ex.o" --specs=nano.specs -mfloat-abi=soft -mthumb -o "Drivers/STM32F1xx_HAL_Driver/Src/stm32f1xx_hal_flash_ex.o"
arm-none-eabi-gcc "../Drivers/STM32F1xx_HAL_Driver/Src/stm32f1xx_hal_gpio.c" -mcpu=cortex-m3 -std=gnu11 -g3 -DDEBUG -DUSE_HAL_DRIVER -DSTM32F103xB -c -I../Core/Inc -I../Drivers/STM32F1xx_HAL_Driver/Inc -I../Drivers/STM32F1xx_HAL_Driver/Inc/Legacy -I../Drivers/CMSIS/Device/ST/STM32F1xx/Include -I../Drivers/CMSIS/Include -O0 -ffunction-sections -fdata-sections -Wall -fstack-usage -MMD -MP -MF"Drivers/STM32F1xx_HAL_Driver/Src/stm32f1xx_hal_gpio.d" -MT"Drivers/STM32F1xx_HAL_Driver/Src/stm32f1xx_hal_gpio.o" --specs=nano.specs -mfloat-abi=soft -mthumb -o "Drivers/STM32F1xx_HAL_Driver/Src/stm32f1xx_hal_gpio.o"
arm-none-eabi-gcc "../Drivers/STM32F1xx_HAL_Driver/Src/stm32f1xx_hal_gpio_ex.c" -mcpu=cortex-m3 -std=gnu11 -g3 -DDEBUG -DUSE_HAL_DRIVER -DSTM32F103xB -c -I../Core/Inc -I../Drivers/STM32F1xx_HAL_Driver/Inc -I../Drivers/STM32F1xx_HAL_Driver/Inc/Legacy -I../Drivers/CMSIS/Device/ST/STM32F1xx/Include -I../Drivers/CMSIS/Include -O0 -ffunction-sections -fdata-sections -Wall -fstack-usage -MMD -MP -MF"Drivers/STM32F1xx_HAL_Driver/Src/stm32f1xx_hal_gpio_ex.d" -MT"Drivers/STM32F1xx_HAL_Driver/Src/stm32f1xx_hal_gpio_ex.o" --specs=nano.specs -mfloat-abi=soft -mthumb -o "Drivers/STM32F1xx_HAL_Driver/Src/stm32f1xx_hal_gpio_ex.o"
arm-none-eabi-gcc "../Drivers/STM32F1xx_HAL_Driver/Src/stm32f1xx_hal_pwr.c" -mcpu=cortex-m3 -std=gnu11 -g3 -DDEBUG -DUSE_HAL_DRIVER -DSTM32F103xB -c -I../Core/Inc -I../Drivers/STM32F1xx_HAL_Driver/Inc -I../Drivers/STM32F1xx_HAL_Driver/Inc/Legacy -I../Drivers/CMSIS/Device/ST/STM32F1xx/Include -I../Drivers/CMSIS/Include -O0 -ffunction-sections -fdata-sections -Wall -fstack-usage -MMD -MP -MF"Drivers/STM32F1xx_HAL_Driver/Src/stm32f1xx_hal_pwr.d" -MT"Drivers/STM32F1xx_HAL_Driver/Src/stm32f1xx_hal_pwr.o" --specs=nano.specs -mfloat-abi=soft -mthumb -o "Drivers/STM32F1xx_HAL_Driver/Src/stm32f1xx_hal_pwr.o"
arm-none-eabi-gcc "../Drivers/STM32F1xx_HAL_Driver/Src/stm32f1xx_hal_rcc.c" -mcpu=cortex-m3 -std=gnu11 -g3 -DDEBUG -DUSE_HAL_DRIVER -DSTM32F103xB -c -I../Core/Inc -I../Drivers/STM32F1xx_HAL_Driver/Inc -I../Drivers/STM32F1xx_HAL_Driver/Inc/Legacy -I../Drivers/CMSIS/Device/ST/STM32F1xx/Include -I../Drivers/CMSIS/Include -O0 -ffunction-sections -fdata-sections -Wall -fstack-usage -MMD -MP -MF"Drivers/STM32F1xx_HAL_Driver/Src/stm32f1xx_hal_rcc.d" -MT"Drivers/STM32F1xx_HAL_Driver/Src/stm32f1xx_hal_rcc.o" --specs=nano.specs -mfloat-abi=soft -mthumb -o "Drivers/STM32F1xx_HAL_Driver/Src/stm32f1xx_hal_rcc.o"
arm-none-eabi-gcc "../Drivers/STM32F1xx_HAL_Driver/Src/stm32f1xx_hal_rcc_ex.c" -mcpu=cortex-m3 -std=gnu11 -g3 -DDEBUG -DUSE_HAL_DRIVER -DSTM32F103xB -c -I../Core/Inc -I../Drivers/STM32F1xx_HAL_Driver/Inc -I../Drivers/STM32F1xx_HAL_Driver/Inc/Legacy -I../Drivers/CMSIS/Device/ST/STM32F1xx/Include -I../Drivers/CMSIS/Include -O0 -ffunction-sections -fdata-sections -Wall -fstack-usage -MMD -MP -MF"Drivers/STM32F1xx_HAL_Driver/Src/stm32f1xx_hal_rcc_ex.d" -MT"Drivers/STM32F1xx_HAL_Driver/Src/stm32f1xx_hal_rcc_ex.o" --specs=nano.specs -mfloat-abi=soft -mthumb -o "Drivers/STM32F1xx_HAL_Driver/Src/stm32f1xx_hal_rcc_ex.o"
arm-none-eabi-gcc "../Drivers/STM32F1xx_HAL_Driver/Src/stm32f1xx_hal_tim.c" -mcpu=cortex-m3 -std=gnu11 -g3 -DDEBUG -DUSE_HAL_DRIVER -DSTM32F103xB -c -I../Core/Inc -I../Drivers/STM32F1xx_HAL_Driver/Inc -I../Drivers/STM32F1xx_HAL_Driver/Inc/Legacy -I../Drivers/CMSIS/Device/ST/STM32F1xx/Include -I../Drivers/CMSIS/Include -O0 -ffunction-sections -fdata-sections -Wall -fstack-usage -MMD -MP -MF"Drivers/STM32F1xx_HAL_Driver/Src/stm32f1xx_hal_tim.d" -MT"Drivers/STM32F1xx_HAL_Driver/Src/stm32f1xx_hal_tim.o" --specs=nano.specs -mfloat-abi=soft -mthumb -o "Drivers/STM32F1xx_HAL_Driver/Src/stm32f1xx_hal_tim.o"
arm-none-eabi-gcc "../Drivers/STM32F1xx_HAL_Driver/Src/stm32f1xx_hal_tim_ex.c" -mcpu=cortex-m3 -std=gnu11 -g3 -DDEBUG -DUSE_HAL_DRIVER -DSTM32F103xB -c -I../Core/Inc -I../Drivers/STM32F1xx_HAL_Driver/Inc -I../Drivers/STM32F1xx_HAL_Driver/Inc/Legacy -I../Drivers/CMSIS/Device/ST/STM32F1xx/Include -I../Drivers/CMSIS/Include -O0 -ffunction-sections -fdata-sections -Wall -fstack-usage -MMD -MP -MF"Drivers/STM32F1xx_HAL_Driver/Src/stm32f1xx_hal_tim_ex.d" -MT"Drivers/STM32F1xx_HAL_Driver/Src/stm32f1xx_hal_tim_ex.o" --specs=nano.specs -mfloat-abi=soft -mthumb -o "Drivers/STM32F1xx_HAL_Driver/Src/stm32f1xx_hal_tim_ex.o"
arm-none-eabi-gcc "../Drivers/STM32F1xx_HAL_Driver/Src/stm32f1xx_hal_uart.c" -mcpu=cortex-m3 -std=gnu11 -g3 -DDEBUG -DUSE_HAL_DRIVER -DSTM32F103xB -c -I../Core/Inc -I../Drivers/STM32F1xx_HAL_Driver/Inc -I../Drivers/STM32F1xx_HAL_Driver/Inc/Legacy -I../Drivers/CMSIS/Device/ST/STM32F1xx/Include -I../Drivers/CMSIS/Include -O0 -ffunction-sections -fdata-sections -Wall -fstack-usage -MMD -MP -MF"Drivers/STM32F1xx_HAL_Driver/Src/stm32f1xx_hal_uart.d" -MT"Drivers/STM32F1xx_HAL_Driver/Src/stm32f1xx_hal_uart.o" --specs=nano.specs -mfloat-abi=soft -mthumb -o "Drivers/STM32F1xx_HAL_Driver/Src/stm32f1xx_hal_uart.o"
arm-none-eabi-gcc -mcpu=cortex-m3 -g3 -DDEBUG -c -x assembler-with-cpp -MMD -MP -MF"Core/Startup/startup_stm32f103rbtx.d" -MT"Core/Startup/startup_stm32f103rbtx.o" --specs=nano.specs -mfloat-abi=soft -mthumb -o "Core/Startup/startup_stm32f103rbtx.o" "../Core/Startup/startup_stm32f103rbtx.s"
arm-none-eabi-gcc "../Core/Src/fsm_for_multi_mode.c" -mcpu=cortex-m3 -std=gnu11 -g3 -DDEBUG -DUSE_HAL_DRIVER -DSTM32F103xB -c -I../Core/Inc -I../Drivers/STM32F1xx_HAL_Driver/Inc -I../Drivers/STM32F1xx_HAL_Driver/Inc/Legacy -I../Drivers/CMSIS/Device/ST/STM32F1xx/Include -I../Drivers/CMSIS/Include -O0 -ffunction-sections -fdata-sections -Wall -fstack-usage -MMD -MP -MF"Core/Src/fsm_for_multi_mode.d" -MT"Core/Src/fsm_for_multi_mode.o" --specs=nano.specs -mfloat-abi=soft -mthumb -o "Core/Src/fsm_for_multi_mode.o"
arm-none-eabi-gcc "../Core/Src/gpio.c" -mcpu=cortex-m3 -std=gnu11 -g3 -DDEBUG -DUSE_HAL_DRIVER -DSTM32F103xB -c -I../Core/Inc -I../Drivers/STM32F1xx_HAL_Driver/Inc -I../Drivers/STM32F1xx_HAL_Driver/Inc/Legacy -I../Drivers/CMSIS/Device/ST/STM32F1xx/Include -I../Drivers/CMSIS/Include -O0 -ffunction-sections -fdata-sections -Wall -fstack-usage -MMD -MP -MF"Core/Src/gpio.d" -MT"Core/Src/gpio.o" --specs=nano.specs -mfloat-abi=soft -mthumb -o "Core/Src/gpio.o"
arm-none-eabi-gcc "../Core/Src/input_reading.c" -mcpu=cortex-m3 -std=gnu11 -g3 -DDEBUG -DUSE_HAL_DRIVER -DSTM32F103xB -c -I../Core/Inc -I../Drivers/STM32F1xx_HAL_Driver/Inc -I../Drivers/STM32F1xx_HAL_Driver/Inc/Legacy -I../Drivers/CMSIS/Device/ST/STM32F1xx/Include -I../Drivers/CMSIS/Include -O0 -ffunction-sections -fdata-sections -Wall -fstack-usage -MMD -MP -MF"Core/Src/input_reading.d" -MT"Core/Src/input_reading.o" --specs=nano.specs -mfloat-abi=soft -mthumb -o "Core/Src/input_reading.o"
arm-none-eabi-gcc "../Core/Src/main.c" -mcpu=cortex-m3 -std=gnu11 -g3 -DDEBUG -DUSE_HAL_DRIVER -DSTM32F103xB -c -I../Core/Inc -I../Drivers/STM32F1xx_HAL_Driver/Inc -I../Drivers/STM32F1xx_HAL_Driver/Inc/Legacy -I../Drivers/CMSIS/Device/ST/STM32F1xx/Include -I../Drivers/CMSIS/Include -O0 -ffunction-sections -fdata-sections -Wall -fstack-usage -MMD -MP -MF"Core/Src/main.d" -MT"Core/Src/main.o" --specs=nano.specs -mfloat-abi=soft -mthumb -o "Core/Src/main.o"
arm-none-eabi-gcc "../Core/Src/pedestrian_light_processing.c" -mcpu=cortex-m3 -std=gnu11 -g3 -DDEBUG -DUSE_HAL_DRIVER -DSTM32F103xB -c -I../Core/Inc -I../Drivers/STM32F1xx_HAL_Driver/Inc -I../Drivers/STM32F1xx_HAL_Driver/Inc/Legacy -I../Drivers/CMSIS/Device/ST/STM32F1xx/Include -I../Drivers/CMSIS/Include -O0 -ffunction-sections -fdata-sections -Wall -fstack-usage -MMD -MP -MF"Core/Src/pedestrian_light_processing.d" -MT"Core/Src/pedestrian_light_processing.o" --specs=nano.specs -mfloat-abi=soft -mthumb -o "Core/Src/pedestrian_light_processing.o"
arm-none-eabi-gcc "../Core/Src/sched.c" -mcpu=cortex-m3 -std=gnu11 -g3 -DDEBUG -DUSE_HAL_DRIVER -DSTM32F103xB -c -I../Core/Inc -I../Drivers/STM32F1xx_HAL_Driver/Inc -I../Drivers/STM32F1xx_HAL_Driver/Inc/Legacy -I../Drivers/CMSIS/Device/ST/STM32F1xx/Include -I../Drivers/CMSIS/Include -O0 -ffunction-sections -fdata-sections -Wall -fstack-usage -MMD -MP -MF"Core/Src/sched.d" -MT"Core/Src/sched.o" --specs=nano.specs -mfloat-abi=soft -mthumb -o "Core/Src/sched.o"
arm-none-eabi-gcc "../Core/Src/software_timer.c" -mcpu=cortex-m3 -std=gnu11 -g3 -DDEBUG -DUSE_HAL_DRIVER -DSTM32F103xB -c -I../Core/Inc -I../Drivers/STM32F1xx_HAL_Driver/Inc -I../Drivers/STM32F1xx_HAL_Driver/Inc/Legacy -I../Drivers/CMSIS/Device/ST/STM32F1xx/Include -I../Drivers/CMSIS/Include -O0 -ffunction-sections -fdata-sections -Wall -fstack-usage -MMD -MP -MF"Core/Src/software_timer.d" -MT"Core/Src/software_timer.o" --specs=nano.specs -mfloat-abi=soft -mthumb -o "Core/Src/software_timer.o"
arm-none-eabi-gcc "../Core/Src/stm32f1xx_hal_msp.c" -mcpu=cortex-m3 -std=gnu11 -g3 -DDEBUG -DUSE_HAL_DRIVER -DSTM32F103xB -c -I../Core/Inc -I../Drivers/STM32F1xx_HAL_Driver/Inc -I../Drivers/STM32F1xx_HAL_Driver/Inc/Legacy -I../Drivers/CMSIS/Device/ST/STM32F1xx/Include -I../Drivers/CMSIS/Include -O0 -ffunction-sections -fdata-sections -Wall -fstack-usage -MMD -MP -MF"Core/Src/stm32f1xx_hal_msp.d" -MT"Core/Src/stm32f1xx_hal_msp.o" --specs=nano.specs -mfloat-abi=soft -mthumb -o "Core/Src/stm32f1xx_hal_msp.o"
arm-none-eabi-gcc "../Core/Src/stm32f1xx_it.c" -mcpu=cortex-m3 -std=gnu11 -g3 -DDEBUG -DUSE_HAL_DRIVER -DSTM32F103xB -c -I../Core/Inc -I../Drivers/STM32F1xx_HAL_Driver/Inc -I../Drivers/STM32F1xx_HAL_Driver/Inc/Legacy -I../Drivers/CMSIS/Device/ST/STM32F1xx/Include -I../Drivers/CMSIS/Include -O0 -ffunction-sections -fdata-sections -Wall -fstack-usage -MMD -MP -MF"Core/Src/stm32f1xx_it.d" -MT"Core/Src/stm32f1xx_it.o" --specs=nano.specs -mfloat-abi=soft -mthumb -o "Core/Src/stm32f1xx_it.o"
arm-none-eabi-gcc "../Core/Src/syscalls.c" -mcpu=cortex-m3 -std=gnu11 -g3 -DDEBUG -DUSE_HAL_DRIVER -DSTM32F103xB -c -I../Core/Inc -I../Drivers/STM32F1xx_HAL_Driver/Inc -I../Drivers/STM32F1xx_HAL_Driver/Inc/Legacy -I../Drivers/CMSIS/Device/ST/STM32F1xx/Include -I../Drivers/CMSIS/Include -O0 -ffunction-sections -fdata-sections -Wall -fstack-usage -MMD -MP -MF"Core/Src/syscalls.d" -MT"Core/Src/syscalls.o" --specs=nano.specs -mfloat-abi=soft -mthumb -o "Core/Src/syscalls.o"
arm-none-eabi-gcc "../Core/Src/sysmem.c" -mcpu=cortex-m3 -std=gnu11 -g3 -DDEBUG -DUSE_HAL_DRIVER -DSTM32F103xB -c -I../Core/Inc -I../Drivers/STM32F1xx_HAL_Driver/Inc -I../Drivers/STM32F1xx_HAL_Driver/Inc/Legacy -I../Drivers/CMSIS/Device/ST/STM32F1xx/Include -I../Drivers/CMSIS/Include -O0 -ffunction-sections -fdata-sections -Wall -fstack-usage -MMD -MP -MF"Core/Src/sysmem.d" -MT"Core/Src/sysmem.o" --specs=nano.specs -mfloat-abi=soft -mthumb -o "Core/Src/sysmem.o"
arm-none-eabi-gcc "../Core/Src/system_stm32f1xx.c" -mcpu=cortex-m3 -std=gnu11 -g3 -DDEBUG -DUSE_HAL_DRIVER -DSTM32F103xB -c -I../Core/Inc -I../Drivers/STM32F1xx_HAL_Driver/Inc -I../Drivers/STM32F1xx_HAL_Driver/Inc/Legacy -I../Drivers/CMSIS/Device/ST/STM32F1xx/Include -I../Drivers/CMSIS/Include -O0 -ffunction-sections -fdata-sections -Wall -fstack-usage -MMD -MP -MF"Core/Src/system_stm32f1xx.d" -MT"Core/Src/system_stm32f1xx.o" --specs=nano.specs -mfloat-abi=soft -mthumb -o "Core/Src/system_stm32f1xx.o"
arm-none-eabi-gcc "../Core/Src/tim.c" -mcpu=cortex-m3 -std=gnu11 -g3 -DDEBUG -DUSE_HAL_DRIVER -DSTM32F103xB -c -I../Core/Inc -I../Drivers/STM32F1xx_HAL_Driver/Inc -I../Drivers/STM32F1xx_HAL_Driver/Inc/Legacy -I../Drivers/CMSIS/Device/ST/STM32F1xx/Include -I../Drivers/CMSIS/Include -O0 -ffunction-sections -fdata-sections -Wall -fstack-usage -MMD -MP -MF"Core/Src/tim.d" -MT"Core/Src/tim.o" --specs=nano.specs -mfloat-abi=soft -mthumb -o "Core/Src/tim.o"
arm-none-eabi-gcc "../Core/Src/traffic_light_processing.c" -mcpu=cortex-m3 -std=gnu11 -g3 -DDEBUG -DUSE_HAL_DRIVER -DSTM32F103xB -c -I../Core/Inc -I../Drivers/STM32F1xx_HAL_Driver/Inc -I../Drivers/STM32F1xx_HAL_Driver/Inc/Legacy -I../Drivers/CMSIS/Device/ST/STM32F1xx/Include -I../Drivers/CMSIS/Include -O0 -ffunction-sections -fdata-sections -Wall -fstack-usage -MMD -MP -MF"Core/Src/traffic_light_processing.d" -MT"Core/Src/traffic_light_processing.o" --specs=nano.specs -mfloat-abi=soft -mthumb -o "Core/Src/traffic_light_processing.o"
[...]
../Core/Src/fsm_for_pedestrian.c:49:7: error: 'time3_flag' undeclared (first use in this function); did you mean 'timer3_flag'?
   49 |    if(time3_flag == 1) {
      |       ^~~~~~~~~~
      |       timer3_flag
make: *** [Core/Src/subdir.mk:70: Core/Src/fsm_for_pedestrian.o] Error 1
make: *** Waiting for unfinished jobs....
"make -j12 all" terminated with exit code 2. Build might be incomplete.
01:44:55 **** Incremental Build of configuration Debug for project 4_Way_Traffic_Light ****
make -j12 all 
arm-none-eabi-gcc "../Core/Src/fsm_for_pedestrian.c" -mcpu=cortex-m3 -std=gnu11 -g3 -DDEBUG -DUSE_HAL_DRIVER -DSTM32F103xB -c -I../Core/Inc -I../Drivers/STM32F1xx_HAL_Driver/Inc -I../Drivers/STM32F1xx_HAL_Driver/Inc/Legacy -I../Drivers/CMSIS/Device/ST/STM32F1xx/Include -I../Drivers/CMSIS/Include -O0 -ffunction-sections -fdata-sections -Wall -fstack-usage -MMD -MP -MF"Core/Src/fsm_for_pedestrian.d" -MT"Core/Src/fsm_for_pedestrian.o" --specs=nano.specs -mfloat-abi=soft -mthumb -o "Core/Src/fsm_for_pedestrian.o"
../Core/Src/fsm_for_pedestrian.c: In function 'fsm_for_pedestrian':
../Core/Src/fsm_for_pedestrian.c:24:12: error: 'systemStatus' undeclared (first use in this function); did you mean 'systemState'?
   24 |    else if(systemStatus == GRN__RED || systemStatus == YEL__RED) {
      |            ^~~~~~~~~~~~
      |            systemState
../Core/Src/fsm_for_pedestrian.c:24:12: note: each undeclared identifier is reported only once for each function it appears in
make: *** [Core/Src/subdir.mk:70: Core/Src/fsm_for_pedestrian.o] Error 1
"make -j12 all" terminated with exit code 2. Build might be incomplete.
01:45:11 **** Incremental Build of configuration Debug for project 4_Way_Traffic_Light ****
make -j12 all 
arm-none-eabi-gcc "../Core/Src/fsm_for_pedestrian.c" -mcpu=cortex-m3 -std=gnu11 -g3 -DDEBUG -DUSE_HAL_DRIVER -DSTM32F103xB -c -I../Core/Inc -I../Drivers/STM32F1xx_HAL_Driver/Inc -I../Drivers/STM32F1xx_HAL_Driver/Inc/Legacy -I../Drivers/CMSIS/Device/ST/STM32F1xx/Include -I../Drivers/CMSIS/Include -O0 -ffunction-sections -fdata-sections -Wall -fstack-usage -MMD -MP -MF"Core/Src/fsm_for_pedestrian.d" -MT"Core/Src/fsm_for_pedestrian.o" --specs=nano.specs -mfloat-abi=soft -mthumb -o "Core/Src/fsm_for_pedestrian.o"
arm-none-eabi-gcc -o "4_Way_Traffic_Light.elf" @"objects.list"   -mcpu=cortex-m3 -T"C:\Users\ADMIN\Documents\MCU\4_Way_Traffic_Light\4_Way_Traffic_Light\STM32F103RBTX_FLASH.ld" --specs=nosys.specs -Wl,-Map="4_Way_Traffic_Light.map" -Wl,--gc-sections -static --specs=nano.specs -mfloat-abi=soft -mthumb -Wl,--start-group -lc -lm -Wl,--end-group
Finished building target: 4_Way_Traffic_Light.elf
 
arm-none-eabi-size   4_Way_Traffic_Light.elf 
arm-none-eabi-objdump -h -S  4_Way_Traffic_Light.elf  > "4_Way_Traffic_Light.list"
   text	   data	    bss	    dec	    hex	filename
  14740	    192	   2584	  17516	   446c	4_Way_Traffic_Light.elf
Finished building: default.size.stdout
 
Finished building: 4_Way_Traffic_Light.list
 
01:46:26 **** Incremental Build of configuration Debug for project 4_Way_Traffic_Light ****
make -j12 all 
arm-none-eabi-gcc "../Core/Src/main.c" -mcpu=cortex-m3 -std=gnu11 -g3 -DDEBUG -DUSE_HAL_DRIVER -DSTM32F103xB -c -I../Core/Inc -I../Drivers/STM32F1xx_HAL_Driver/Inc -I../Drivers/STM32F1xx_HAL_Driver/Inc/Legacy -I../Drivers/CMSIS/Device/ST/STM32F1xx/Include -I../Drivers/CMSIS/Include -O0 -ffunction-sections -fdata-sections -Wall -fstack-usage -MMD -MP -MF"Core/Src/main.d" -MT"Core/Src/main.o" --specs=nano.specs -mfloat-abi=soft -mthumb -o "Core/Src/main.o"
arm-none-eabi-gcc -o "4_Way_Traffic_Light.elf" @"objects.list"   -mcpu=cortex-m3 -T"C:\Users\ADMIN\Documents\MCU\4_Way_Traffic_Light\4_Way_Traffic_Light\STM32F103RBTX_FLASH.ld" --specs=nosys.specs -Wl,-Map="4_Way_Traffic_Light.map" -Wl,--gc-sections -static --specs=nano.specs -mfloat-abi=soft -mthumb -Wl,--start-group -lc -lm -Wl,--end-group
Finished building target: 4_Way_Traffic_Light.elf
 
arm-none-eabi-size   4_Way_Traffic_Light.elf 
arm-none-eabi-objdump -h -S  4_Way_Traffic_Light.elf  > "4_Way_Traffic_Light.list"
   text	   data	    bss	    dec	    hex	filename
  15664	    208	   2592	  18464	   4820	4_Way_Traffic_Light.elf
Finished building: default.size.stdout
 
Finished building: 4_Way_Traffic_Light.list
 
01:48:02 **** Incremental Build of configuration Debug for project 4_Way_Traffic_Light ****
make -j12 all 
arm-none-eabi-gcc "../Core/Src/fsm_for_pedestrian.c" -mcpu=cortex-m3 -std=gnu11 -g3 -DDEBUG -DUSE_HAL_DRIVER -DSTM32F103xB -c -I../Core/Inc -I../Drivers/STM32F1xx_HAL_Driver/Inc -I../Drivers/STM32F1xx_HAL_Driver/Inc/Legacy -I../Drivers/CMSIS/Device/ST/STM32F1xx/Include -I../Drivers/CMSIS/Include -O0 -ffunction-sections -fdata-sections -Wall -fstack-usage -MMD -MP -MF"Core/Src/fsm_for_pedestrian.d" -MT"Core/Src/fsm_for_pedestrian.o" --specs=nano.specs -mfloat-abi=soft -mthumb -o "Core/Src/fsm_for_pedestrian.o"
arm-none-eabi-gcc -o "4_Way_Traffic_Light.elf" @"objects.list"   -mcpu=cortex-m3 -T"C:\Users\ADMIN\Documents\MCU\4_Way_Traffic_Light\4_Way_Traffic_Light\STM32F103RBTX_FLASH.ld" --specs=nosys.specs -Wl,-Map="4_Way_Traffic_Light.map" -Wl,--gc-sections -static --specs=nano.specs -mfloat-abi=soft -mthumb -Wl,--start-group -lc -lm -Wl,--end-group
Finished building target: 4_Way_Traffic_Light.elf
 
arm-none-eabi-size   4_Way_Traffic_Light.elf 
arm-none-eabi-objdump -h -S  4_Way_Traffic_Light.elf  > "4_Way_Traffic_Light.list"
   text	   data	    bss	    dec	    hex	filename
  15660	    208	   2592	  18460	   481c	4_Way_Traffic_Light.elf
Finished building: default.size.stdout
 
Finished building: 4_Way_Traffic_Light.list
 
01:51:06 **** Incremental Build of configuration Debug for project 4_Way_Traffic_Light ****
make -j12 all 
arm-none-eabi-gcc "../Core/Src/fsm_for_multi_mode.c" -mcpu=cortex-m3 -std=gnu11 -g3 -DDEBUG -DUSE_HAL_DRIVER -DSTM32F103xB -c -I../Core/Inc -I../Drivers/STM32F1xx_HAL_Driver/Inc -I../Drivers/STM32F1xx_HAL_Driver/Inc/Legacy -I../Drivers/CMSIS/Device/ST/STM32F1xx/Include -I../Drivers/CMSIS/Include -O0 -ffunction-sections -fdata-sections -Wall -fstack-usage -MMD -MP -MF"Core/Src/fsm_for_multi_mode.d" -MT"Core/Src/fsm_for_multi_mode.o" --specs=nano.specs -mfloat-abi=soft -mthumb -o "Core/Src/fsm_for_multi_mode.o"
arm-none-eabi-gcc -o "4_Way_Traffic_Light.elf" @"objects.list"   -mcpu=cortex-m3 -T"C:\Users\ADMIN\Documents\MCU\4_Way_Traffic_Light\4_Way_Traffic_Light\STM32F103RBTX_FLASH.ld" --specs=nosys.specs -Wl,-Map="4_Way_Traffic_Light.map" -Wl,--gc-sections -static --specs=nano.specs -mfloat-abi=soft -mthumb -Wl,--start-group -lc -lm -Wl,--end-group
Finished building target: 4_Way_Traffic_Light.elf
 
arm-none-eabi-size   4_Way_Traffic_Light.elf 
arm-none-eabi-objdump -h -S  4_Way_Traffic_Light.elf  > "4_Way_Traffic_Light.list"
   text	   data	    bss	    dec	    hex	filename
  15632	    208	   2592	  18432	   4800	4_Way_Traffic_Light.elf
Finished building: default.size.stdout
 
Finished building: 4_Way_Traffic_Light.list
 
01:54:45 **** Incremental Build of configuration Debug for project 4_Way_Traffic_Light ****
make -j12 all 
arm-none-eabi-gcc "../Core/Src/fsm_for_pedestrian.c" -mcpu=cortex-m3 -std=gnu11 -g3 -DDEBUG -DUSE_HAL_DRIVER -DSTM32F103xB -c -I../Core/Inc -I../Drivers/STM32F1xx_HAL_Driver/Inc -I../Drivers/STM32F1xx_HAL_Driver/Inc/Legacy -I../Drivers/CMSIS/Device/ST/STM32F1xx/Include -I../Drivers/CMSIS/Include -O0 -ffunction-sections -fdata-sections -Wall -fstack-usage -MMD -MP -MF"Core/Src/fsm_for_pedestrian.d" -MT"Core/Src/fsm_for_pedestrian.o" --specs=nano.specs -mfloat-abi=soft -mthumb -o "Core/Src/fsm_for_pedestrian.o"
arm-none-eabi-gcc -o "4_Way_Traffic_Light.elf" @"objects.list"   -mcpu=cortex-m3 -T"C:\Users\ADMIN\Documents\MCU\4_Way_Traffic_Light\4_Way_Traffic_Light\STM32F103RBTX_FLASH.ld" --specs=nosys.specs -Wl,-Map="4_Way_Traffic_Light.map" -Wl,--gc-sections -static --specs=nano.specs -mfloat-abi=soft -mthumb -Wl,--start-group -lc -lm -Wl,--end-group
Finished building target: 4_Way_Traffic_Light.elf
 
arm-none-eabi-size   4_Way_Traffic_Light.elf 
arm-none-eabi-objdump -h -S  4_Way_Traffic_Light.elf  > "4_Way_Traffic_Light.list"
   text	   data	    bss	    dec	    hex	filename
  15624	    208	   2592	  18424	   47f8	4_Way_Traffic_Light.elf
Finished building: default.size.stdout
 
Finished building: 4_Way_Traffic_Light.list
 
01:55:38 **** Incremental Build of configuration Debug for project 4_Way_Traffic_Light ****
make -j12 all 
arm-none-eabi-gcc "../Core/Src/main.c" -mcpu=cortex-m3 -std=gnu11 -g3 -DDEBUG -DUSE_HAL_DRIVER -DSTM32F103xB -c -I../Core/Inc -I../Drivers/STM32F1xx_HAL_Driver/Inc -I../Drivers/STM32F1xx_HAL_Driver/Inc/Legacy -I../Drivers/CMSIS/Device/ST/STM32F1xx/Include -I../Drivers/CMSIS/Include -O0 -ffunction-sections -fdata-sections -Wall -fstack-usage -MMD -MP -MF"Core/Src/main.d" -MT"Core/Src/main.o" --specs=nano.specs -mfloat-abi=soft -mthumb -o "Core/Src/main.o"
arm-none-eabi-gcc -o "4_Way_Traffic_Light.elf" @"objects.list"   -mcpu=cortex-m3 -T"C:\Users\ADMIN\Documents\MCU\4_Way_Traffic_Light\4_Way_Traffic_Light\STM32F103RBTX_FLASH.ld" --specs=nosys.specs -Wl,-Map="4_Way_Traffic_Light.map" -Wl,--gc-sections -static --specs=nano.specs -mfloat-abi=soft -mthumb -Wl,--start-group -lc -lm -Wl,--end-group
Finished building target: 4_Way_Traffic_Light.elf
 
arm-none-eabi-size   4_Way_Traffic_Light.elf 
arm-none-eabi-objdump -h -S  4_Way_Traffic_Light.elf  > "4_Way_Traffic_Light.list"
   text	   data	    bss	    dec	    hex	filename
  15604	    208	   2592	  18404	   47e4	4_Way_Traffic_Light.elf
Finished building: default.size.stdout
 
Finished building: 4_Way_Traffic_Light.list
 
01:58:52 **** Incremental Build of configuration Debug for project 4_Way_Traffic_Light ****
make -j12 all 
arm-none-eabi-gcc "../Core/Src/fsm_for_multi_mode.c" -mcpu=cortex-m3 -std=gnu11 -g3 -DDEBUG -DUSE_HAL_DRIVER -DSTM32F103xB -c -I../Core/Inc -I../Drivers/STM32F1xx_HAL_Driver/Inc -I../Drivers/STM32F1xx_HAL_Driver/Inc/Legacy -I../Drivers/CMSIS/Device/ST/STM32F1xx/Include -I../Drivers/CMSIS/Include -O0 -ffunction-sections -fdata-sections -Wall -fstack-usage -MMD -MP -MF"Core/Src/fsm_for_multi_mode.d" -MT"Core/Src/fsm_for_multi_mode.o" --specs=nano.specs -mfloat-abi=soft -mthumb -o "Core/Src/fsm_for_multi_mode.o"
arm-none-eabi-gcc "../Core/Src/main.c" -mcpu=cortex-m3 -std=gnu11 -g3 -DDEBUG -DUSE_HAL_DRIVER -DSTM32F103xB -c -I../Core/Inc -I../Drivers/STM32F1xx_HAL_Driver/Inc -I../Drivers/STM32F1xx_HAL_Driver/Inc/Legacy -I../Drivers/CMSIS/Device/ST/STM32F1xx/Include -I../Drivers/CMSIS/Include -O0 -ffunction-sections -fdata-sections -Wall -fstack-usage -MMD -MP -MF"Core/Src/main.d" -MT"Core/Src/main.o" --specs=nano.specs -mfloat-abi=soft -mthumb -o "Core/Src/main.o"
arm-none-eabi-gcc -o "4_Way_Traffic_Light.elf" @"objects.list"   -mcpu=cortex-m3 -T"C:\Users\ADMIN\Documents\MCU\4_Way_Traffic_Light\4_Way_Traffic_Light\STM32F103RBTX_FLASH.ld" --specs=nosys.specs -Wl,-Map="4_Way_Traffic_Light.map" -Wl,--gc-sections -static --specs=nano.specs -mfloat-abi=soft -mthumb -Wl,--start-group -lc -lm -Wl,--end-group
Finished building target: 4_Way_Traffic_Light.elf
 
arm-none-eabi-size   4_Way_Traffic_Light.elf 
arm-none-eabi-objdump -h -S  4_Way_Traffic_Light.elf  > "4_Way_Traffic_Light.list"
   text	   data	    bss	    dec	    hex	filename
  12600	    108	   2572	  15280	   3bb0	4_Way_Traffic_Light.elf
Finished building: default.size.stdout
 
Finished building: 4_Way_Traffic_Light.list
 
02:18:39 **** Incremental Build of configuration Debug for project 4_Way_Traffic_Light ****
make -j12 all 
arm-none-eabi-gcc "../Core/Src/fsm_for_multi_mode.c" -mcpu=cortex-m3 -std=gnu11 -g3 -DDEBUG -DUSE_HAL_DRIVER -DSTM32F103xB -c -I../Core/Inc -I../Drivers/STM32F1xx_HAL_Driver/Inc -I../Drivers/STM32F1xx_HAL_Driver/Inc/Legacy -I../Drivers/CMSIS/Device/ST/STM32F1xx/Include -I../Drivers/CMSIS/Include -O0 -ffunction-sections -fdata-sections -Wall -fstack-usage -MMD -MP -MF"Core/Src/fsm_for_multi_mode.d" -MT"Core/Src/fsm_for_multi_mode.o" --specs=nano.specs -mfloat-abi=soft -mthumb -o "Core/Src/fsm_for_multi_mode.o"
arm-none-eabi-gcc "../Core/Src/fsm_for_pedestrian.c" -mcpu=cortex-m3 -std=gnu11 -g3 -DDEBUG -DUSE_HAL_DRIVER -DSTM32F103xB -c -I../Core/Inc -I../Drivers/STM32F1xx_HAL_Driver/Inc -I../Drivers/STM32F1xx_HAL_Driver/Inc/Legacy -I../Drivers/CMSIS/Device/ST/STM32F1xx/Include -I../Drivers/CMSIS/Include -O0 -ffunction-sections -fdata-sections -Wall -fstack-usage -MMD -MP -MF"Core/Src/fsm_for_pedestrian.d" -MT"Core/Src/fsm_for_pedestrian.o" --specs=nano.specs -mfloat-abi=soft -mthumb -o "Core/Src/fsm_for_pedestrian.o"
arm-none-eabi-gcc "../Core/Src/global.c" -mcpu=cortex-m3 -std=gnu11 -g3 -DDEBUG -DUSE_HAL_DRIVER -DSTM32F103xB -c -I../Core/Inc -I../Drivers/STM32F1xx_HAL_Driver/Inc -I../Drivers/STM32F1xx_HAL_Driver/Inc/Legacy -I../Drivers/CMSIS/Device/ST/STM32F1xx/Include -I../Drivers/CMSIS/Include -O0 -ffunction-sections -fdata-sections -Wall -fstack-usage -MMD -MP -MF"Core/Src/global.d" -MT"Core/Src/global.o" --specs=nano.specs -mfloat-abi=soft -mthumb -o "Core/Src/global.o"
arm-none-eabi-gcc "../Core/Src/input_reading.c" -mcpu=cortex-m3 -std=gnu11 -g3 -DDEBUG -DUSE_HAL_DRIVER -DSTM32F103xB -c -I../Core/Inc -I../Drivers/STM32F1xx_HAL_Driver/Inc -I../Drivers/STM32F1xx_HAL_Driver/Inc/Legacy -I../Drivers/CMSIS/Device/ST/STM32F1xx/Include -I../Drivers/CMSIS/Include -O0 -ffunction-sections -fdata-sections -Wall -fstack-usage -MMD -MP -MF"Core/Src/input_reading.d" -MT"Core/Src/input_reading.o" --specs=nano.specs -mfloat-abi=soft -mthumb -o "Core/Src/input_reading.o"
arm-none-eabi-gcc "../Core/Src/main.c" -mcpu=cortex-m3 -std=gnu11 -g3 -DDEBUG -DUSE_HAL_DRIVER -DSTM32F103xB -c -I../Core/Inc -I../Drivers/STM32F1xx_HAL_Driver/Inc -I../Drivers/STM32F1xx_HAL_Driver/Inc/Legacy -I../Drivers/CMSIS/Device/ST/STM32F1xx/Include -I../Drivers/CMSIS/Include -O0 -ffunction-sections -fdata-sections -Wall -fstack-usage -MMD -MP -MF"Core/Src/main.d" -MT"Core/Src/main.o" --specs=nano.specs -mfloat-abi=soft -mthumb -o "Core/Src/main.o"
arm-none-eabi-gcc "../Core/Src/pedestrian_light_processing.c" -mcpu=cortex-m3 -std=gnu11 -g3 -DDEBUG -DUSE_HAL_DRIVER -DSTM32F103xB -c -I../Core/Inc -I../Drivers/STM32F1xx_HAL_Driver/Inc -I../Drivers/STM32F1xx_HAL_Driver/Inc/Legacy -I../Drivers/CMSIS/Device/ST/STM32F1xx/Include -I../Drivers/CMSIS/Include -O0 -ffunction-sections -fdata-sections -Wall -fstack-usage -MMD -MP -MF"Core/Src/pedestrian_light_processing.d" -MT"Core/Src/pedestrian_light_processing.o" --specs=nano.specs -mfloat-abi=soft -mthumb -o "Core/Src/pedestrian_light_processing.o"
arm-none-eabi-gcc "../Core/Src/sched.c" -mcpu=cortex-m3 -std=gnu11 -g3 -DDEBUG -DUSE_HAL_DRIVER -DSTM32F103xB -c -I../Core/Inc -I../Drivers/STM32F1xx_HAL_Driver/Inc -I../Drivers/STM32F1xx_HAL_Driver/Inc/Legacy -I../Drivers/CMSIS/Device/ST/STM32F1xx/Include -I../Drivers/CMSIS/Include -O0 -ffunction-sections -fdata-sections -Wall -fstack-usage -MMD -MP -MF"Core/Src/sched.d" -MT"Core/Src/sched.o" --specs=nano.specs -mfloat-abi=soft -mthumb -o "Core/Src/sched.o"
arm-none-eabi-gcc "../Core/Src/software_timer.c" -mcpu=cortex-m3 -std=gnu11 -g3 -DDEBUG -DUSE_HAL_DRIVER -DSTM32F103xB -c -I../Core/Inc -I../Drivers/STM32F1xx_HAL_Driver/Inc -I../Drivers/STM32F1xx_HAL_Driver/Inc/Legacy -I../Drivers/CMSIS/Device/ST/STM32F1xx/Include -I../Drivers/CMSIS/Include -O0 -ffunction-sections -fdata-sections -Wall -fstack-usage -MMD -MP -MF"Core/Src/software_timer.d" -MT"Core/Src/software_timer.o" --specs=nano.specs -mfloat-abi=soft -mthumb -o "Core/Src/software_timer.o"
arm-none-eabi-gcc "../Core/Src/traffic_light_processing.c" -mcpu=cortex-m3 -std=gnu11 -g3 -DDEBUG -DUSE_HAL_DRIVER -DSTM32F103xB -c -I../Core/Inc -I../Drivers/STM32F1xx_HAL_Driver/Inc -I../Drivers/STM32F1xx_HAL_Driver/Inc/Legacy -I../Drivers/CMSIS/Device/ST/STM32F1xx/Include -I../Drivers/CMSIS/Include -O0 -ffunction-sections -fdata-sections -Wall -fstack-usage -MMD -MP -MF"Core/Src/traffic_light_processing.d" -MT"Core/Src/traffic_light_processing.o" --specs=nano.specs -mfloat-abi=soft -mthumb -o "Core/Src/traffic_light_processing.o"
arm-none-eabi-gcc "../Core/Src/uart_communication.c" -mcpu=cortex-m3 -std=gnu11 -g3 -DDEBUG -DUSE_HAL_DRIVER -DSTM32F103xB -c -I../Core/Inc -I../Drivers/STM32F1xx_HAL_Driver/Inc -I../Drivers/STM32F1xx_HAL_Driver/Inc/Legacy -I../Drivers/CMSIS/Device/ST/STM32F1xx/Include -I../Drivers/CMSIS/Include -O0 -ffunction-sections -fdata-sections -Wall -fstack-usage -MMD -MP -MF"Core/Src/uart_communication.d" -MT"Core/Src/uart_communication.o" --specs=nano.specs -mfloat-abi=soft -mthumb -o "Core/Src/uart_communication.o"
arm-none-eabi-gcc -o "4_Way_Traffic_Light.elf" @"objects.list"   -mcpu=cortex-m3 -T"C:\Users\ADMIN\Documents\MCU\4_Way_Traffic_Light\4_Way_Traffic_Light\STM32F103RBTX_FLASH.ld" --specs=nosys.specs -Wl,-Map="4_Way_Traffic_Light.map" -Wl,--gc-sections -static --specs=nano.specs -mfloat-abi=soft -mthumb -Wl,--start-group -lc -lm -Wl,--end-group
Finished building target: 4_Way_Traffic_Light.elf
 
arm-none-eabi-size   4_Way_Traffic_Light.elf 
arm-none-eabi-objdump -h -S  4_Way_Traffic_Light.elf  > "4_Way_Traffic_Light.list"
   text	   data	    bss	    dec	    hex	filename
  16584	    212	   2596	  19392	   4bc0	4_Way_Traffic_Light.elf
Finished building: default.size.stdout
 
Finished building: 4_Way_Traffic_Light.list
 
02:23:34 **** Incremental Build of configuration Debug for project 4_Way_Traffic_Light ****
make -j12 all 
arm-none-eabi-gcc "../Core/Src/fsm_for_pedestrian.c" -mcpu=cortex-m3 -std=gnu11 -g3 -DDEBUG -DUSE_HAL_DRIVER -DSTM32F103xB -c -I../Core/Inc -I../Drivers/STM32F1xx_HAL_Driver/Inc -I../Drivers/STM32F1xx_HAL_Driver/Inc/Legacy -I../Drivers/CMSIS/Device/ST/STM32F1xx/Include -I../Drivers/CMSIS/Include -O0 -ffunction-sections -fdata-sections -Wall -fstack-usage -MMD -MP -MF"Core/Src/fsm_for_pedestrian.d" -MT"Core/Src/fsm_for_pedestrian.o" --specs=nano.specs -mfloat-abi=soft -mthumb -o "Core/Src/fsm_for_pedestrian.o"
arm-none-eabi-gcc -o "4_Way_Traffic_Light.elf" @"objects.list"   -mcpu=cortex-m3 -T"C:\Users\ADMIN\Documents\MCU\4_Way_Traffic_Light\4_Way_Traffic_Light\STM32F103RBTX_FLASH.ld" --specs=nosys.specs -Wl,-Map="4_Way_Traffic_Light.map" -Wl,--gc-sections -static --specs=nano.specs -mfloat-abi=soft -mthumb -Wl,--start-group -lc -lm -Wl,--end-group
Finished building target: 4_Way_Traffic_Light.elf
 
arm-none-eabi-size   4_Way_Traffic_Light.elf 
arm-none-eabi-objdump -h -S  4_Way_Traffic_Light.elf  > "4_Way_Traffic_Light.list"
   text	   data	    bss	    dec	    hex	filename
  16652	    212	   2596	  19460	   4c04	4_Way_Traffic_Light.elf
Finished building: default.size.stdout
 
Finished building: 4_Way_Traffic_Light.list
 
02:25:51 **** Incremental Build of configuration Debug for project 4_Way_Traffic_Light ****
make -j12 all 
arm-none-eabi-gcc "../Core/Src/fsm_for_multi_mode.c" -mcpu=cortex-m3 -std=gnu11 -g3 -DDEBUG -DUSE_HAL_DRIVER -DSTM32F103xB -c -I../Core/Inc -I../Drivers/STM32F1xx_HAL_Driver/Inc -I../Drivers/STM32F1xx_HAL_Driver/Inc/Legacy -I../Drivers/CMSIS/Device/ST/STM32F1xx/Include -I../Drivers/CMSIS/Include -O0 -ffunction-sections -fdata-sections -Wall -fstack-usage -MMD -MP -MF"Core/Src/fsm_for_multi_mode.d" -MT"Core/Src/fsm_for_multi_mode.o" --specs=nano.specs -mfloat-abi=soft -mthumb -o "Core/Src/fsm_for_multi_mode.o"
arm-none-eabi-gcc -o "4_Way_Traffic_Light.elf" @"objects.list"   -mcpu=cortex-m3 -T"C:\Users\ADMIN\Documents\MCU\4_Way_Traffic_Light\4_Way_Traffic_Light\STM32F103RBTX_FLASH.ld" --specs=nosys.specs -Wl,-Map="4_Way_Traffic_Light.map" -Wl,--gc-sections -static --specs=nano.specs -mfloat-abi=soft -mthumb -Wl,--start-group -lc -lm -Wl,--end-group
Finished building target: 4_Way_Traffic_Light.elf
 
arm-none-eabi-size   4_Way_Traffic_Light.elf 
arm-none-eabi-objdump -h -S  4_Way_Traffic_Light.elf  > "4_Way_Traffic_Light.list"
   text	   data	    bss	    dec	    hex	filename
  16652	    212	   2596	  19460	   4c04	4_Way_Traffic_Light.elf
Finished building: default.size.stdout
 
Finished building: 4_Way_Traffic_Light.list
 
